Component: Arm Compiler for Embedded 6.19 Tool: armlink [5e73cb00]

==============================================================================

Section Cross References

    startup_stm32f103xe.o(RESET) refers to startup_stm32f103xe.o(STACK) for __initial_sp
    startup_stm32f103xe.o(RESET) refers to startup_stm32f103xe.o(.text) for Reset_Handler
    startup_stm32f103xe.o(RESET) refers to stm32f1xx_it.o(.text.NMI_Handler) for NMI_Handler
    startup_stm32f103xe.o(RESET) refers to cmb_fault.o(.text) for HardFault_Handler
    startup_stm32f103xe.o(RESET) refers to stm32f1xx_it.o(.text.MemManage_Handler) for MemManage_Handler
    startup_stm32f103xe.o(RESET) refers to stm32f1xx_it.o(.text.BusFault_Handler) for BusFault_Handler
    startup_stm32f103xe.o(RESET) refers to stm32f1xx_it.o(.text.UsageFault_Handler) for UsageFault_Handler
    startup_stm32f103xe.o(RESET) refers to port.o(.text.SVC_Handler) for SVC_Handler
    startup_stm32f103xe.o(RESET) refers to stm32f1xx_it.o(.text.DebugMon_Handler) for DebugMon_Handler
    startup_stm32f103xe.o(RESET) refers to port.o(.text.PendSV_Handler) for PendSV_Handler
    startup_stm32f103xe.o(RESET) refers to port.o(.text.SysTick_Handler) for SysTick_Handler
    startup_stm32f103xe.o(RESET) refers to stm32f1xx_it.o(.text.DMA1_Channel3_IRQHandler) for DMA1_Channel3_IRQHandler
    startup_stm32f103xe.o(RESET) refers to stm32f1xx_it.o(.text.DMA1_Channel6_IRQHandler) for DMA1_Channel6_IRQHandler
    startup_stm32f103xe.o(RESET) refers to stm32f1xx_it.o(.text.DMA1_Channel7_IRQHandler) for DMA1_Channel7_IRQHandler
    startup_stm32f103xe.o(RESET) refers to stm32f1xx_it.o(.text.USB_LP_CAN1_RX0_IRQHandler) for USB_LP_CAN1_RX0_IRQHandler
    startup_stm32f103xe.o(RESET) refers to stm32f1xx_it.o(.text.USART3_IRQHandler) for USART3_IRQHandler
    startup_stm32f103xe.o(RESET) refers to stm32f1xx_it.o(.text.TIM8_UP_IRQHandler) for TIM8_UP_IRQHandler
    startup_stm32f103xe.o(.text) refers to system_stm32f1xx.o(.text.SystemInit) for SystemInit
    startup_stm32f103xe.o(.text) refers to entry.o(.ARM.Collect$$$$00000000) for __main
    main.o(.text.main) refers to stm32f1xx_hal.o(.text.HAL_Init) for HAL_Init
    main.o(.text.main) refers to main.o(.text.SystemClock_Config) for SystemClock_Config
    main.o(.text.main) refers to gpio.o(.text.MX_GPIO_Init) for MX_GPIO_Init
    main.o(.text.main) refers to dma.o(.text.MX_DMA_Init) for MX_DMA_Init
    main.o(.text.main) refers to spi.o(.text.MX_SPI1_Init) for MX_SPI1_Init
    main.o(.text.main) refers to sdio.o(.text.MX_SDIO_SD_Init) for MX_SDIO_SD_Init
    main.o(.text.main) refers to fatfs.o(.text.MX_FATFS_Init) for MX_FATFS_Init
    main.o(.text.main) refers to usart.o(.text.MX_USART3_UART_Init) for MX_USART3_UART_Init
    main.o(.text.main) refers to usart.o(.text.MX_USART2_UART_Init) for MX_USART2_UART_Init
    main.o(.text.main) refers to usb.o(.text.MX_USB_PCD_Init) for MX_USB_PCD_Init
    main.o(.text.main) refers to drv_init.o(.text.Drv_Init) for Drv_Init
    main.o(.text.main) refers to user_init.o(.text.User_Init) for User_Init
    main.o(.text.main) refers to cmsis_os2.o(.text.osKernelInitialize) for osKernelInitialize
    main.o(.text.main) refers to freertos.o(.text.MX_FREERTOS_Init) for MX_FREERTOS_Init
    main.o(.text.main) refers to cmsis_os2.o(.text.osKernelStart) for osKernelStart
    main.o(.ARM.exidx.text.main) refers to main.o(.text.main) for [Anonymous Symbol]
    main.o(.text.SystemClock_Config) refers to memseta.o(.text) for __aeabi_memclr4
    main.o(.text.SystemClock_Config) refers to stm32f1xx_hal_rcc.o(.text.HAL_RCC_OscConfig) for HAL_RCC_OscConfig
    main.o(.text.SystemClock_Config) refers to main.o(.text.Error_Handler) for Error_Handler
    main.o(.text.SystemClock_Config) refers to stm32f1xx_hal_rcc.o(.text.HAL_RCC_ClockConfig) for HAL_RCC_ClockConfig
    main.o(.text.SystemClock_Config) refers to stm32f1xx_hal_rcc_ex.o(.text.HAL_RCCEx_PeriphCLKConfig) for HAL_RCCEx_PeriphCLKConfig
    main.o(.ARM.exidx.text.SystemClock_Config) refers to main.o(.text.SystemClock_Config) for [Anonymous Symbol]
    main.o(.ARM.exidx.text.Error_Handler) refers to main.o(.text.Error_Handler) for [Anonymous Symbol]
    main.o(.text.HAL_TIM_PeriodElapsedCallback) refers to stm32f1xx_hal.o(.text.HAL_IncTick) for HAL_IncTick
    main.o(.ARM.exidx.text.HAL_TIM_PeriodElapsedCallback) refers to main.o(.text.HAL_TIM_PeriodElapsedCallback) for [Anonymous Symbol]
    gpio.o(.text.MX_GPIO_Init) refers to stm32f1xx_hal_gpio.o(.text.HAL_GPIO_WritePin) for HAL_GPIO_WritePin
    gpio.o(.text.MX_GPIO_Init) refers to stm32f1xx_hal_gpio.o(.text.HAL_GPIO_Init) for HAL_GPIO_Init
    gpio.o(.ARM.exidx.text.MX_GPIO_Init) refers to gpio.o(.text.MX_GPIO_Init) for [Anonymous Symbol]
    freertos.o(.ARM.exidx.text.vApplicationIdleHook) refers to freertos.o(.text.vApplicationIdleHook) for [Anonymous Symbol]
    freertos.o(.text.MX_FREERTOS_Init) refers to test.o(.text.StartDefaultTask) for StartDefaultTask
[...]
    Removing stm32f1xx_hal_tim.o(.ARM.exidx.text.HAL_TIM_DMABurst_MultiWriteStart), (8 bytes).
    Removing stm32f1xx_hal_tim.o(.text.TIM_DMATriggerCplt), (42 bytes).
    Removing stm32f1xx_hal_tim.o(.ARM.exidx.text.TIM_DMATriggerCplt), (8 bytes).
    Removing stm32f1xx_hal_tim.o(.text.TIM_DMATriggerHalfCplt), (22 bytes).
    Removing stm32f1xx_hal_tim.o(.ARM.exidx.text.TIM_DMATriggerHalfCplt), (8 bytes).
    Removing stm32f1xx_hal_tim.o(.text.HAL_TIM_DMABurst_WriteStop), (202 bytes).
    Removing stm32f1xx_hal_tim.o(.ARM.exidx.text.HAL_TIM_DMABurst_WriteStop), (8 bytes).
    Removing stm32f1xx_hal_tim.o(.text.HAL_TIM_DMABurst_ReadStart), (62 bytes).
    Removing stm32f1xx_hal_tim.o(.ARM.exidx.text.HAL_TIM_DMABurst_ReadStart), (8 bytes).
    Removing stm32f1xx_hal_tim.o(.text.HAL_TIM_DMABurst_MultiReadStart), (736 bytes).
    Removing stm32f1xx_hal_tim.o(.ARM.exidx.text.HAL_TIM_DMABurst_MultiReadStart), (8 bytes).
    Removing stm32f1xx_hal_tim.o(.text.HAL_TIM_DMABurst_ReadStop), (202 bytes).
    Removing stm32f1xx_hal_tim.o(.ARM.exidx.text.HAL_TIM_DMABurst_ReadStop), (8 bytes).
    Removing stm32f1xx_hal_tim.o(.text.HAL_TIM_GenerateEvent), (92 bytes).
    Removing stm32f1xx_hal_tim.o(.ARM.exidx.text.HAL_TIM_GenerateEvent), (8 bytes).
    Removing stm32f1xx_hal_tim.o(.text.HAL_TIM_ConfigOCrefClear), (384 bytes).
    Removing stm32f1xx_hal_tim.o(.ARM.exidx.text.HAL_TIM_ConfigOCrefClear), (8 bytes).
    Removing stm32f1xx_hal_tim.o(.text.TIM_ETR_SetConfig), (52 bytes).
    Removing stm32f1xx_hal_tim.o(.ARM.exidx.text.TIM_ETR_SetConfig), (8 bytes).
    Removing stm32f1xx_hal_tim.o(.text.HAL_TIM_ConfigClockSource), (388 bytes).
    Removing stm32f1xx_hal_tim.o(.ARM.exidx.text.HAL_TIM_ConfigClockSource), (8 bytes).
    Removing stm32f1xx_hal_tim.o(.text.TIM_TI1_ConfigInputStage), (80 bytes).
    Removing stm32f1xx_hal_tim.o(.ARM.exidx.text.TIM_TI1_ConfigInputStage), (8 bytes).
    Removing stm32f1xx_hal_tim.o(.text.TIM_ITRx_SetConfig), (42 bytes).
    Removing stm32f1xx_hal_tim.o(.ARM.exidx.text.TIM_ITRx_SetConfig), (8 bytes).
    Removing stm32f1xx_hal_tim.o(.text.TIM_TI2_ConfigInputStage), (82 bytes).
    Removing stm32f1xx_hal_tim.o(.ARM.exidx.text.TIM_TI2_ConfigInputStage), (8 bytes).
    Removing stm32f1xx_hal_tim.o(.text.HAL_TIM_ConfigTI1Input), (44 bytes).
    Removing stm32f1xx_hal_tim.o(.ARM.exidx.text.HAL_TIM_ConfigTI1Input), (8 bytes).
    Removing stm32f1xx_hal_tim.o(.text.HAL_TIM_SlaveConfigSynchro), (150 bytes).
    Removing stm32f1xx_hal_tim.o(.ARM.exidx.text.HAL_TIM_SlaveConfigSynchro), (8 bytes).
    Removing stm32f1xx_hal_tim.o(.text.TIM_SlaveTimer_SetConfig), (296 bytes).
    Removing stm32f1xx_hal_tim.o(.ARM.exidx.text.TIM_SlaveTimer_SetConfig), (8 bytes).
    Removing stm32f1xx_hal_tim.o(.text.HAL_TIM_SlaveConfigSynchro_IT), (150 bytes).
    Removing stm32f1xx_hal_tim.o(.ARM.exidx.text.HAL_TIM_SlaveConfigSynchro_IT), (8 bytes).
    Removing stm32f1xx_hal_tim.o(.text.HAL_TIM_ReadCapturedValue), (86 bytes).
    Removing stm32f1xx_hal_tim.o(.ARM.exidx.text.HAL_TIM_ReadCapturedValue), (8 bytes).
    Removing stm32f1xx_hal_tim.o(.text.HAL_TIM_PeriodElapsedHalfCpltCallback), (8 bytes).
    Removing stm32f1xx_hal_tim.o(.ARM.exidx.text.HAL_TIM_PeriodElapsedHalfCpltCallback), (8 bytes).
    Removing stm32f1xx_hal_tim.o(.text.HAL_TIM_IC_CaptureHalfCpltCallback), (8 bytes).
    Removing stm32f1xx_hal_tim.o(.ARM.exidx.text.HAL_TIM_IC_CaptureHalfCpltCallback), (8 bytes).
    Removing stm32f1xx_hal_tim.o(.text.HAL_TIM_PWM_PulseFinishedHalfCpltCallback), (8 bytes).
    Removing stm32f1xx_hal_tim.o(.ARM.exidx.text.HAL_TIM_PWM_PulseFinishedHalfCpltCallback), (8 bytes).
    Removing stm32f1xx_hal_tim.o(.text.HAL_TIM_TriggerHalfCpltCallback), (8 bytes).
    Removing stm32f1xx_hal_tim.o(.ARM.exidx.text.HAL_TIM_TriggerHalfCpltCallback), (8 bytes).
    Removing stm32f1xx_hal_tim.o(.text.HAL_TIM_ErrorCallback), (8 bytes).
    Removing stm32f1xx_hal_tim.o(.ARM.exidx.text.HAL_TIM_ErrorCallback), (8 bytes).
    Removing stm32f1xx_hal_tim.o(.text.HAL_TIM_Base_GetState), (14 bytes).
    Removing stm32f1xx_hal_tim.o(.ARM.exidx.text.HAL_TIM_Base_GetState), (8 bytes).
    Removing stm32f1xx_hal_tim.o(.text.HAL_TIM_OC_GetState), (14 bytes).
    Removing stm32f1xx_hal_tim.o(.ARM.exidx.text.HAL_TIM_OC_GetState), (8 bytes).
    Removing stm32f1xx_hal_tim.o(.text.HAL_TIM_PWM_GetState), (14 bytes).
    Removing stm32f1xx_hal_tim.o(.ARM.exidx.text.HAL_TIM_PWM_GetState), (8 bytes).
    Removing stm32f1xx_hal_tim.o(.text.HAL_TIM_IC_GetState), (14 bytes).
    Removing stm32f1xx_hal_tim.o(.ARM.exidx.text.HAL_TIM_IC_GetState), (8 bytes).
    Removing stm32f1xx_hal_tim.o(.text.HAL_TIM_OnePulse_GetState), (14 bytes).
    Removing stm32f1xx_hal_tim.o(.ARM.exidx.text.HAL_TIM_OnePulse_GetState), (8 bytes).
    Removing stm32f1xx_hal_tim.o(.text.HAL_TIM_Encoder_GetState), (14 bytes).
    Removing stm32f1xx_hal_tim.o(.ARM.exidx.text.HAL_TIM_Encoder_GetState), (8 bytes).
    Removing stm32f1xx_hal_tim.o(.text.HAL_TIM_GetActiveChannel), (12 bytes).
    Removing stm32f1xx_hal_tim.o(.ARM.exidx.text.HAL_TIM_GetActiveChannel), (8 bytes).
    Removing stm32f1xx_hal_tim.o(.text.HAL_TIM_GetChannelState), (94 bytes).
    Removing stm32f1xx_hal_tim.o(.ARM.exidx.text.HAL_TIM_GetChannelState), (8 bytes).
    Removing stm32f1xx_hal_tim.o(.text.HAL_TIM_DMABurstState), (14 bytes).
    Removing stm32f1xx_hal_tim.o(.ARM.exidx.text.HAL_TIM_DMABurstState), (8 bytes).
    Removing stm32f1xx_hal_tim_ex.o(.text), (0 bytes).
    Removing stm32f1xx_hal_tim_ex.o(.text.HAL_TIMEx_HallSensor_Init), (280 bytes).
    Removing stm32f1xx_hal_tim_ex.o(.ARM.exidx.text.HAL_TIMEx_HallSensor_Init), (8 bytes).
    Removing stm32f1xx_hal_tim_ex.o(.text.HAL_TIMEx_HallSensor_MspInit), (8 bytes).
    Removing stm32f1xx_hal_tim_ex.o(.ARM.exidx.text.HAL_TIMEx_HallSensor_MspInit), (8 bytes).
    Removing stm32f1xx_hal_tim_ex.o(.text.HAL_TIMEx_HallSensor_DeInit), (128 bytes).
    Removing stm32f1xx_hal_tim_ex.o(.ARM.exidx.text.HAL_TIMEx_HallSensor_DeInit), (8 bytes).
    Removing stm32f1xx_hal_tim_ex.o(.text.HAL_TIMEx_HallSensor_MspDeInit), (8 bytes).
    Removing stm32f1xx_hal_tim_ex.o(.ARM.exidx.text.HAL_TIMEx_HallSensor_MspDeInit), (8 bytes).
    Removing stm32f1xx_hal_tim_ex.o(.text.HAL_TIMEx_HallSensor_Start), (300 bytes).
    Removing stm32f1xx_hal_tim_ex.o(.ARM.exidx.text.HAL_TIMEx_HallSensor_Start), (8 bytes).
    Removing stm32f1xx_hal_tim_ex.o(.text.HAL_TIMEx_HallSensor_Stop), (102 bytes).
    Removing stm32f1xx_hal_tim_ex.o(.ARM.exidx.text.HAL_TIMEx_HallSensor_Stop), (8 bytes).
    Removing stm32f1xx_hal_tim_ex.o(.text.HAL_TIMEx_HallSensor_Start_IT), (312 bytes).
    Removing stm32f1xx_hal_tim_ex.o(.ARM.exidx.text.HAL_TIMEx_HallSensor_Start_IT), (8 bytes).
    Removing stm32f1xx_hal_tim_ex.o(.text.HAL_TIMEx_HallSensor_Stop_IT), (114 bytes).
    Removing stm32f1xx_hal_tim_ex.o(.ARM.exidx.text.HAL_TIMEx_HallSensor_Stop_IT), (8 bytes).
    Removing stm32f1xx_hal_tim_ex.o(.text.HAL_TIMEx_HallSensor_Start_DMA), (394 bytes).
    Removing stm32f1xx_hal_tim_ex.o(.ARM.exidx.text.HAL_TIMEx_HallSensor_Start_DMA), (8 bytes).
    Removing stm32f1xx_hal_tim_ex.o(.text.HAL_TIMEx_HallSensor_Stop_DMA), (110 bytes).
    Removing stm32f1xx_hal_tim_ex.o(.ARM.exidx.text.HAL_TIMEx_HallSensor_Stop_DMA), (8 bytes).
    Removing stm32f1xx_hal_tim_ex.o(.text.HAL_TIMEx_OCN_Start), (368 bytes).
    Removing stm32f1xx_hal_tim_ex.o(.ARM.exidx.text.HAL_TIMEx_OCN_Start), (8 bytes).
    Removing stm32f1xx_hal_tim_ex.o(.text.TIM_CCxNChannelCmd), (54 bytes).
    Removing stm32f1xx_hal_tim_ex.o(.ARM.exidx.text.TIM_CCxNChannelCmd), (8 bytes).
    Removing stm32f1xx_hal_tim_ex.o(.text.HAL_TIMEx_OCN_Stop), (208 bytes).
    Removing stm32f1xx_hal_tim_ex.o(.ARM.exidx.text.HAL_TIMEx_OCN_Stop), (8 bytes).
    Removing stm32f1xx_hal_tim_ex.o(.text.HAL_TIMEx_OCN_Start_IT), (474 bytes).
    Removing stm32f1xx_hal_tim_ex.o(.ARM.exidx.text.HAL_TIMEx_OCN_Start_IT), (8 bytes).
    Removing stm32f1xx_hal_tim_ex.o(.text.HAL_TIMEx_OCN_Stop_IT), (338 bytes).
    Removing stm32f1xx_hal_tim_ex.o(.ARM.exidx.text.HAL_TIMEx_OCN_Stop_IT), (8 bytes).
    Removing stm32f1xx_hal_tim_ex.o(.text.HAL_TIMEx_OCN_Start_DMA), (802 bytes).
    Removing stm32f1xx_hal_tim_ex.o(.ARM.exidx.text.HAL_TIMEx_OCN_Start_DMA), (8 bytes).
    Removing stm32f1xx_hal_tim_ex.o(.text.TIM_DMADelayPulseNCplt), (188 bytes).
    Removing stm32f1xx_hal_tim_ex.o(.ARM.exidx.text.TIM_DMADelayPulseNCplt), (8 bytes).
    Removing stm32f1xx_hal_tim_ex.o(.text.TIM_DMAErrorCCxN), (116 bytes).
    Removing stm32f1xx_hal_tim_ex.o(.ARM.exidx.text.TIM_DMAErrorCCxN), (8 bytes).
    Removing stm32f1xx_hal_tim_ex.o(.text.HAL_TIMEx_OCN_Stop_DMA), (326 bytes).
    Removing stm32f1xx_hal_tim_ex.o(.ARM.exidx.text.HAL_TIMEx_OCN_Stop_DMA), (8 bytes).
    Removing stm32f1xx_hal_tim_ex.o(.text.HAL_TIMEx_PWMN_Start), (368 bytes).
    Removing stm32f1xx_hal_tim_ex.o(.ARM.exidx.text.HAL_TIMEx_PWMN_Start), (8 bytes).
    Removing stm32f1xx_hal_tim_ex.o(.text.HAL_TIMEx_PWMN_Stop), (208 bytes).
    Removing stm32f1xx_hal_tim_ex.o(.ARM.exidx.text.HAL_TIMEx_PWMN_Stop), (8 bytes).
    Removing stm32f1xx_hal_tim_ex.o(.text.HAL_TIMEx_PWMN_Start_IT), (474 bytes).
    Removing stm32f1xx_hal_tim_ex.o(.ARM.exidx.text.HAL_TIMEx_PWMN_Start_IT), (8 bytes).
    Removing stm32f1xx_hal_tim_ex.o(.text.HAL_TIMEx_PWMN_Stop_IT), (338 bytes).
    Removing stm32f1xx_hal_tim_ex.o(.ARM.exidx.text.HAL_TIMEx_PWMN_Stop_IT), (8 bytes).
    Removing stm32f1xx_hal_tim_ex.o(.text.HAL_TIMEx_PWMN_Start_DMA), (802 bytes).
    Removing stm32f1xx_hal_tim_ex.o(.ARM.exidx.text.HAL_TIMEx_PWMN_Start_DMA), (8 bytes).
    Removing stm32f1xx_hal_tim_ex.o(.text.HAL_TIMEx_PWMN_Stop_DMA), (326 bytes).
    Removing stm32f1xx_hal_tim_ex.o(.ARM.exidx.text.HAL_TIMEx_PWMN_Stop_DMA), (8 bytes).
    Removing stm32f1xx_hal_tim_ex.o(.text.HAL_TIMEx_OnePulseN_Start), (186 bytes).
    Removing stm32f1xx_hal_tim_ex.o(.ARM.exidx.text.HAL_TIMEx_OnePulseN_Start), (8 bytes).
    Removing stm32f1xx_hal_tim_ex.o(.text.HAL_TIMEx_OnePulseN_Stop), (182 bytes).
    Removing stm32f1xx_hal_tim_ex.o(.ARM.exidx.text.HAL_TIMEx_OnePulseN_Stop), (8 bytes).
    Removing stm32f1xx_hal_tim_ex.o(.text.HAL_TIMEx_OnePulseN_Start_IT), (210 bytes).
    Removing stm32f1xx_hal_tim_ex.o(.ARM.exidx.text.HAL_TIMEx_OnePulseN_Start_IT), (8 bytes).
    Removing stm32f1xx_hal_tim_ex.o(.text.HAL_TIMEx_OnePulseN_Stop_IT), (206 bytes).
    Removing stm32f1xx_hal_tim_ex.o(.ARM.exidx.text.HAL_TIMEx_OnePulseN_Stop_IT), (8 bytes).
    Removing stm32f1xx_hal_tim_ex.o(.text.HAL_TIMEx_ConfigCommutEvent), (186 bytes).
    Removing stm32f1xx_hal_tim_ex.o(.ARM.exidx.text.HAL_TIMEx_ConfigCommutEvent), (8 bytes).
    Removing stm32f1xx_hal_tim_ex.o(.text.HAL_TIMEx_ConfigCommutEvent_IT), (186 bytes).
    Removing stm32f1xx_hal_tim_ex.o(.ARM.exidx.text.HAL_TIMEx_ConfigCommutEvent_IT), (8 bytes).
    Removing stm32f1xx_hal_tim_ex.o(.text.HAL_TIMEx_ConfigCommutEvent_DMA), (228 bytes).
    Removing stm32f1xx_hal_tim_ex.o(.ARM.exidx.text.HAL_TIMEx_ConfigCommutEvent_DMA), (8 bytes).
    Removing stm32f1xx_hal_tim_ex.o(.text.TIMEx_DMACommutationCplt), (30 bytes).
    Removing stm32f1xx_hal_tim_ex.o(.ARM.exidx.text.TIMEx_DMACommutationCplt), (8 bytes).
    Removing stm32f1xx_hal_tim_ex.o(.text.TIMEx_DMACommutationHalfCplt), (30 bytes).
    Removing stm32f1xx_hal_tim_ex.o(.ARM.exidx.text.TIMEx_DMACommutationHalfCplt), (8 bytes).
    Removing stm32f1xx_hal_tim_ex.o(.text.HAL_TIMEx_MasterConfigSynchronization), (256 bytes).
    Removing stm32f1xx_hal_tim_ex.o(.ARM.exidx.text.HAL_TIMEx_MasterConfigSynchronization), (8 bytes).
    Removing stm32f1xx_hal_tim_ex.o(.text.HAL_TIMEx_ConfigBreakDeadTime), (178 bytes).
    Removing stm32f1xx_hal_tim_ex.o(.ARM.exidx.text.HAL_TIMEx_ConfigBreakDeadTime), (8 bytes).
    Removing stm32f1xx_hal_tim_ex.o(.text.HAL_TIMEx_RemapConfig), (12 bytes).
    Removing stm32f1xx_hal_tim_ex.o(.ARM.exidx.text.HAL_TIMEx_RemapConfig), (8 bytes).
    Removing stm32f1xx_hal_tim_ex.o(.ARM.exidx.text.HAL_TIMEx_CommutCallback), (8 bytes).
    Removing stm32f1xx_hal_tim_ex.o(.text.HAL_TIMEx_CommutHalfCpltCallback), (8 bytes).
    Removing stm32f1xx_hal_tim_ex.o(.ARM.exidx.text.HAL_TIMEx_CommutHalfCpltCallback), (8 bytes).
    Removing stm32f1xx_hal_tim_ex.o(.ARM.exidx.text.HAL_TIMEx_BreakCallback), (8 bytes).
    Removing stm32f1xx_hal_tim_ex.o(.text.HAL_TIMEx_HallSensor_GetState), (14 bytes).
    Removing stm32f1xx_hal_tim_ex.o(.ARM.exidx.text.HAL_TIMEx_HallSensor_GetState), (8 bytes).
    Removing stm32f1xx_hal_tim_ex.o(.text.HAL_TIMEx_GetChannelNState), (94 bytes).
    Removing stm32f1xx_hal_tim_ex.o(.ARM.exidx.text.HAL_TIMEx_GetChannelNState), (8 bytes).
    Removing stm32f1xx_hal_uart.o(.text), (0 bytes).
    Removing stm32f1xx_hal_uart.o(.ARM.exidx.text.HAL_UART_Init), (8 bytes).
    Removing stm32f1xx_hal_uart.o(.text.HAL_UART_MspInit), (8 bytes).
    Removing stm32f1xx_hal_uart.o(.ARM.exidx.text.HAL_UART_MspInit), (8 bytes).
    Removing stm32f1xx_hal_uart.o(.ARM.exidx.text.UART_SetConfig), (8 bytes).
    Removing stm32f1xx_hal_uart.o(.text.HAL_HalfDuplex_Init), (158 bytes).
    Removing stm32f1xx_hal_uart.o(.ARM.exidx.text.HAL_HalfDuplex_Init), (8 bytes).
    Removing stm32f1xx_hal_uart.o(.text.HAL_LIN_Init), (184 bytes).
    Removing stm32f1xx_hal_uart.o(.ARM.exidx.text.HAL_LIN_Init), (8 bytes).
    Removing stm32f1xx_hal_uart.o(.text.HAL_MultiProcessor_Init), (202 bytes).
    Removing stm32f1xx_hal_uart.o(.ARM.exidx.text.HAL_MultiProcessor_Init), (8 bytes).
    Removing stm32f1xx_hal_uart.o(.text.HAL_UART_DeInit), (100 bytes).
    Removing stm32f1xx_hal_uart.o(.ARM.exidx.text.HAL_UART_DeInit), (8 bytes).
    Removing stm32f1xx_hal_uart.o(.text.HAL_UART_MspDeInit), (8 bytes).
    Removing stm32f1xx_hal_uart.o(.ARM.exidx.text.HAL_UART_MspDeInit), (8 bytes).
    Removing stm32f1xx_hal_uart.o(.text.HAL_UART_Transmit), (286 bytes).
    Removing stm32f1xx_hal_uart.o(.ARM.exidx.text.HAL_UART_Transmit), (8 bytes).
    Removing stm32f1xx_hal_uart.o(.text.UART_WaitOnFlagUntilTimeout), (210 bytes).
    Removing stm32f1xx_hal_uart.o(.ARM.exidx.text.UART_WaitOnFlagUntilTimeout), (8 bytes).
    Removing stm32f1xx_hal_uart.o(.text.HAL_UART_Receive), (310 bytes).
    Removing stm32f1xx_hal_uart.o(.ARM.exidx.text.HAL_UART_Receive), (8 bytes).
    Removing stm32f1xx_hal_uart.o(.text.HAL_UART_Transmit_IT), (114 bytes).
    Removing stm32f1xx_hal_uart.o(.ARM.exidx.text.HAL_UART_Transmit_IT), (8 bytes).
    Removing stm32f1xx_hal_uart.o(.text.HAL_UART_Receive_IT), (86 bytes).
    Removing stm32f1xx_hal_uart.o(.ARM.exidx.text.HAL_UART_Receive_IT), (8 bytes).
    Removing stm32f1xx_hal_uart.o(.ARM.exidx.text.UART_Start_Receive_IT), (8 bytes).
    Removing stm32f1xx_hal_uart.o(.text.HAL_UART_Transmit_DMA), (226 bytes).
    Removing stm32f1xx_hal_uart.o(.ARM.exidx.text.HAL_UART_Transmit_DMA), (8 bytes).
    Removing stm32f1xx_hal_uart.o(.text.UART_DMATransmitCplt), (122 bytes).
    Removing stm32f1xx_hal_uart.o(.ARM.exidx.text.UART_DMATransmitCplt), (8 bytes).
    Removing stm32f1xx_hal_uart.o(.text.UART_DMATxHalfCplt), (22 bytes).
    Removing stm32f1xx_hal_uart.o(.ARM.exidx.text.UART_DMATxHalfCplt), (8 bytes).
    Removing stm32f1xx_hal_uart.o(.text.UART_DMAError), (124 bytes).
    Removing stm32f1xx_hal_uart.o(.ARM.exidx.text.UART_DMAError), (8 bytes).
    Removing stm32f1xx_hal_uart.o(.text.HAL_UART_Receive_DMA), (86 bytes).
    Removing stm32f1xx_hal_uart.o(.ARM.exidx.text.HAL_UART_Receive_DMA), (8 bytes).
    Removing stm32f1xx_hal_uart.o(.text.UART_Start_Receive_DMA), (268 bytes).
    Removing stm32f1xx_hal_uart.o(.ARM.exidx.text.UART_Start_Receive_DMA), (8 bytes).
    Removing stm32f1xx_hal_uart.o(.text.HAL_UART_DMAPause), (230 bytes).
    Removing stm32f1xx_hal_uart.o(.ARM.exidx.text.HAL_UART_DMAPause), (8 bytes).
    Removing stm32f1xx_hal_uart.o(.text.HAL_UART_DMAResume), (226 bytes).
    Removing stm32f1xx_hal_uart.o(.ARM.exidx.text.HAL_UART_DMAResume), (8 bytes).
    Removing stm32f1xx_hal_uart.o(.text.HAL_UART_DMAStop), (204 bytes).
    Removing stm32f1xx_hal_uart.o(.ARM.exidx.text.HAL_UART_DMAStop), (8 bytes).
    Removing stm32f1xx_hal_uart.o(.text.UART_EndTxTransfer), (54 bytes).
    Removing stm32f1xx_hal_uart.o(.ARM.exidx.text.UART_EndTxTransfer), (8 bytes).
    Removing stm32f1xx_hal_uart.o(.ARM.exidx.text.UART_EndRxTransfer), (8 bytes).
    Removing stm32f1xx_hal_uart.o(.text.HAL_UARTEx_ReceiveToIdle), (448 bytes).
    Removing stm32f1xx_hal_uart.o(.ARM.exidx.text.HAL_UARTEx_ReceiveToIdle), (8 bytes).
    Removing stm32f1xx_hal_uart.o(.ARM.exidx.text.HAL_UARTEx_ReceiveToIdle_IT), (8 bytes).
    Removing stm32f1xx_hal_uart.o(.text.HAL_UARTEx_ReceiveToIdle_DMA), (194 bytes).
    Removing stm32f1xx_hal_uart.o(.ARM.exidx.text.HAL_UARTEx_ReceiveToIdle_DMA), (8 bytes).
    Removing stm32f1xx_hal_uart.o(.text.HAL_UARTEx_GetRxEventType), (12 bytes).
    Removing stm32f1xx_hal_uart.o(.ARM.exidx.text.HAL_UARTEx_GetRxEventType), (8 bytes).
    Removing stm32f1xx_hal_uart.o(.text.HAL_UART_Abort), (406 bytes).
    Removing stm32f1xx_hal_uart.o(.ARM.exidx.text.HAL_UART_Abort), (8 bytes).
    Removing stm32f1xx_hal_uart.o(.text.HAL_UART_AbortTransmit), (186 bytes).
    Removing stm32f1xx_hal_uart.o(.ARM.exidx.text.HAL_UART_AbortTransmit), (8 bytes).
    Removing stm32f1xx_hal_uart.o(.text.HAL_UART_AbortReceive), (278 bytes).
    Removing stm32f1xx_hal_uart.o(.ARM.exidx.text.HAL_UART_AbortReceive), (8 bytes).
    Removing stm32f1xx_hal_uart.o(.text.HAL_UART_Abort_IT), (478 bytes).
    Removing stm32f1xx_hal_uart.o(.ARM.exidx.text.HAL_UART_Abort_IT), (8 bytes).
    Removing stm32f1xx_hal_uart.o(.text.UART_DMATxAbortCallback), (86 bytes).
    Removing stm32f1xx_hal_uart.o(.ARM.exidx.text.UART_DMATxAbortCallback), (8 bytes).
    Removing stm32f1xx_hal_uart.o(.text.UART_DMARxAbortCallback), (86 bytes).
    Removing stm32f1xx_hal_uart.o(.ARM.exidx.text.UART_DMARxAbortCallback), (8 bytes).
    Removing stm32f1xx_hal_uart.o(.text.HAL_UART_AbortCpltCallback), (8 bytes).
    Removing stm32f1xx_hal_uart.o(.ARM.exidx.text.HAL_UART_AbortCpltCallback), (8 bytes).
    Removing stm32f1xx_hal_uart.o(.text.HAL_UART_AbortTransmit_IT), (194 bytes).
    Removing stm32f1xx_hal_uart.o(.ARM.exidx.text.HAL_UART_AbortTransmit_IT), (8 bytes).
    Removing stm32f1xx_hal_uart.o(.text.UART_DMATxOnlyAbortCallback), (36 bytes).
    Removing stm32f1xx_hal_uart.o(.ARM.exidx.text.UART_DMATxOnlyAbortCallback), (8 bytes).
    Removing stm32f1xx_hal_uart.o(.text.HAL_UART_AbortTransmitCpltCallback), (8 bytes).
    Removing stm32f1xx_hal_uart.o(.ARM.exidx.text.HAL_UART_AbortTransmitCpltCallback), (8 bytes).
    Removing stm32f1xx_hal_uart.o(.text.HAL_UART_AbortReceive_IT), (290 bytes).
    Removing stm32f1xx_hal_uart.o(.ARM.exidx.text.HAL_UART_AbortReceive_IT), (8 bytes).
    Removing stm32f1xx_hal_uart.o(.text.UART_DMARxOnlyAbortCallback), (40 bytes).
    Removing stm32f1xx_hal_uart.o(.ARM.exidx.text.UART_DMARxOnlyAbortCallback), (8 bytes).
    Removing stm32f1xx_hal_uart.o(.text.HAL_UART_AbortReceiveCpltCallback), (8 bytes).
    Removing stm32f1xx_hal_uart.o(.ARM.exidx.text.HAL_UART_AbortReceiveCpltCallback), (8 bytes).
    Removing stm32f1xx_hal_uart.o(.ARM.exidx.text.HAL_UART_IRQHandler), (8 bytes).
    Removing stm32f1xx_hal_uart.o(.ARM.exidx.text.UART_Receive_IT), (8 bytes).
    Removing stm32f1xx_hal_uart.o(.ARM.exidx.text.UART_DMAAbortOnError), (8 bytes).
    Removing stm32f1xx_hal_uart.o(.ARM.exidx.text.HAL_UART_ErrorCallback), (8 bytes).
    Removing stm32f1xx_hal_uart.o(.text.HAL_UARTEx_RxEventCallback), (12 bytes).
    Removing stm32f1xx_hal_uart.o(.ARM.exidx.text.HAL_UARTEx_RxEventCallback), (8 bytes).
    Removing stm32f1xx_hal_uart.o(.ARM.exidx.text.UART_Transmit_IT), (8 bytes).
    Removing stm32f1xx_hal_uart.o(.ARM.exidx.text.UART_EndTransmit_IT), (8 bytes).
    Removing stm32f1xx_hal_uart.o(.ARM.exidx.text.HAL_UART_TxCpltCallback), (8 bytes).
    Removing stm32f1xx_hal_uart.o(.text.HAL_UART_TxHalfCpltCallback), (8 bytes).
    Removing stm32f1xx_hal_uart.o(.ARM.exidx.text.HAL_UART_TxHalfCpltCallback), (8 bytes).
    Removing stm32f1xx_hal_uart.o(.ARM.exidx.text.HAL_UART_RxCpltCallback), (8 bytes).
    Removing stm32f1xx_hal_uart.o(.text.HAL_UART_RxHalfCpltCallback), (8 bytes).
    Removing stm32f1xx_hal_uart.o(.ARM.exidx.text.HAL_UART_RxHalfCpltCallback), (8 bytes).
    Removing stm32f1xx_hal_uart.o(.text.HAL_LIN_SendBreak), (120 bytes).
    Removing stm32f1xx_hal_uart.o(.ARM.exidx.text.HAL_LIN_SendBreak), (8 bytes).
    Removing stm32f1xx_hal_uart.o(.text.HAL_MultiProcessor_EnterMuteMode), (126 bytes).
    Removing stm32f1xx_hal_uart.o(.ARM.exidx.text.HAL_MultiProcessor_EnterMuteMode), (8 bytes).
    Removing stm32f1xx_hal_uart.o(.text.HAL_MultiProcessor_ExitMuteMode), (126 bytes).
    Removing stm32f1xx_hal_uart.o(.ARM.exidx.text.HAL_MultiProcessor_ExitMuteMode), (8 bytes).
    Removing stm32f1xx_hal_uart.o(.text.HAL_HalfDuplex_EnableTransmitter), (118 bytes).
    Removing stm32f1xx_hal_uart.o(.ARM.exidx.text.HAL_HalfDuplex_EnableTransmitter), (8 bytes).
    Removing stm32f1xx_hal_uart.o(.text.HAL_HalfDuplex_EnableReceiver), (118 bytes).
    Removing stm32f1xx_hal_uart.o(.ARM.exidx.text.HAL_HalfDuplex_EnableReceiver), (8 bytes).
    Removing stm32f1xx_hal_uart.o(.text.HAL_UART_GetState), (40 bytes).
    Removing stm32f1xx_hal_uart.o(.ARM.exidx.text.HAL_UART_GetState), (8 bytes).
    Removing stm32f1xx_hal_uart.o(.text.HAL_UART_GetError), (12 bytes).
    Removing stm32f1xx_hal_uart.o(.ARM.exidx.text.HAL_UART_GetError), (8 bytes).
    Removing stm32f1xx_hal_uart.o(.text.UART_DMAReceiveCplt), (244 bytes).
    Removing stm32f1xx_hal_uart.o(.ARM.exidx.text.UART_DMAReceiveCplt), (8 bytes).
    Removing stm32f1xx_hal_uart.o(.text.UART_DMARxHalfCplt), (52 bytes).
    Removing stm32f1xx_hal_uart.o(.ARM.exidx.text.UART_DMARxHalfCplt), (8 bytes).
    Removing stm32f1xx_hal_pcd.o(.text), (0 bytes).
    Removing stm32f1xx_hal_pcd.o(.ARM.exidx.text.HAL_PCD_Init), (8 bytes).
    Removing stm32f1xx_hal_pcd.o(.text.HAL_PCD_MspInit), (8 bytes).
    Removing stm32f1xx_hal_pcd.o(.ARM.exidx.text.HAL_PCD_MspInit), (8 bytes).
    Removing stm32f1xx_hal_pcd.o(.text.HAL_PCD_DeInit), (76 bytes).
    Removing stm32f1xx_hal_pcd.o(.ARM.exidx.text.HAL_PCD_DeInit), (8 bytes).
    Removing stm32f1xx_hal_pcd.o(.text.HAL_PCD_MspDeInit), (8 bytes).
    Removing stm32f1xx_hal_pcd.o(.ARM.exidx.text.HAL_PCD_MspDeInit), (8 bytes).
    Removing stm32f1xx_hal_pcd.o(.text.HAL_PCD_Start), (92 bytes).
    Removing stm32f1xx_hal_pcd.o(.ARM.exidx.text.HAL_PCD_Start), (8 bytes).
    Removing stm32f1xx_hal_pcd.o(.text.HAL_PCD_Stop), (92 bytes).
    Removing stm32f1xx_hal_pcd.o(.ARM.exidx.text.HAL_PCD_Stop), (8 bytes).
    Removing stm32f1xx_hal_pcd.o(.ARM.exidx.text.HAL_PCD_IRQHandler), (8 bytes).
    Removing stm32f1xx_hal_pcd.o(.ARM.exidx.text.PCD_EP_ISR_Handler), (8 bytes).
    Removing stm32f1xx_hal_pcd.o(.text.HAL_PCD_ResetCallback), (8 bytes).
    Removing stm32f1xx_hal_pcd.o(.ARM.exidx.text.HAL_PCD_ResetCallback), (8 bytes).
    Removing stm32f1xx_hal_pcd.o(.ARM.exidx.text.HAL_PCD_SetAddress), (8 bytes).
    Removing stm32f1xx_hal_pcd.o(.text.HAL_PCD_ResumeCallback), (8 bytes).
    Removing stm32f1xx_hal_pcd.o(.ARM.exidx.text.HAL_PCD_ResumeCallback), (8 bytes).
    Removing stm32f1xx_hal_pcd.o(.text.HAL_PCD_SuspendCallback), (8 bytes).
    Removing stm32f1xx_hal_pcd.o(.ARM.exidx.text.HAL_PCD_SuspendCallback), (8 bytes).
    Removing stm32f1xx_hal_pcd.o(.text.HAL_PCD_SOFCallback), (8 bytes).
    Removing stm32f1xx_hal_pcd.o(.ARM.exidx.text.HAL_PCD_SOFCallback), (8 bytes).
    Removing stm32f1xx_hal_pcd.o(.text.HAL_PCD_WKUP_IRQHandler), (22 bytes).
    Removing stm32f1xx_hal_pcd.o(.ARM.exidx.text.HAL_PCD_WKUP_IRQHandler), (8 bytes).
    Removing stm32f1xx_hal_pcd.o(.text.HAL_PCD_DataOutStageCallback), (12 bytes).
    Removing stm32f1xx_hal_pcd.o(.ARM.exidx.text.HAL_PCD_DataOutStageCallback), (8 bytes).
    Removing stm32f1xx_hal_pcd.o(.text.HAL_PCD_DataInStageCallback), (12 bytes).
    Removing stm32f1xx_hal_pcd.o(.ARM.exidx.text.HAL_PCD_DataInStageCallback), (8 bytes).
    Removing stm32f1xx_hal_pcd.o(.text.HAL_PCD_SetupStageCallback), (8 bytes).
    Removing stm32f1xx_hal_pcd.o(.ARM.exidx.text.HAL_PCD_SetupStageCallback), (8 bytes).
    Removing stm32f1xx_hal_pcd.o(.text.HAL_PCD_ISOOUTIncompleteCallback), (12 bytes).
    Removing stm32f1xx_hal_pcd.o(.ARM.exidx.text.HAL_PCD_ISOOUTIncompleteCallback), (8 bytes).
    Removing stm32f1xx_hal_pcd.o(.text.HAL_PCD_ISOINIncompleteCallback), (12 bytes).
    Removing stm32f1xx_hal_pcd.o(.ARM.exidx.text.HAL_PCD_ISOINIncompleteCallback), (8 bytes).
    Removing stm32f1xx_hal_pcd.o(.text.HAL_PCD_ConnectCallback), (8 bytes).
    Removing stm32f1xx_hal_pcd.o(.ARM.exidx.text.HAL_PCD_ConnectCallback), (8 bytes).
    Removing stm32f1xx_hal_pcd.o(.text.HAL_PCD_DisconnectCallback), (8 bytes).
    Removing stm32f1xx_hal_pcd.o(.ARM.exidx.text.HAL_PCD_DisconnectCallback), (8 bytes).
    Removing stm32f1xx_hal_pcd.o(.text.HAL_PCD_DevConnect), (84 bytes).
    Removing stm32f1xx_hal_pcd.o(.ARM.exidx.text.HAL_PCD_DevConnect), (8 bytes).
    Removing stm32f1xx_hal_pcd.o(.text.HAL_PCD_DevDisconnect), (84 bytes).
    Removing stm32f1xx_hal_pcd.o(.ARM.exidx.text.HAL_PCD_DevDisconnect), (8 bytes).
    Removing stm32f1xx_hal_pcd.o(.ARM.exidx.text.HAL_PCD_EP_Open), (8 bytes).
    Removing stm32f1xx_hal_pcd.o(.ARM.exidx.text.HAL_PCD_EP_Close), (8 bytes).
    Removing stm32f1xx_hal_pcd.o(.ARM.exidx.text.HAL_PCD_EP_Receive), (8 bytes).
    Removing stm32f1xx_hal_pcd.o(.ARM.exidx.text.HAL_PCD_EP_GetRxCount), (8 bytes).
    Removing stm32f1xx_hal_pcd.o(.ARM.exidx.text.HAL_PCD_EP_Transmit), (8 bytes).
    Removing stm32f1xx_hal_pcd.o(.text.HAL_PCD_EP_SetStall), (220 bytes).
    Removing stm32f1xx_hal_pcd.o(.ARM.exidx.text.HAL_PCD_EP_SetStall), (8 bytes).
    Removing stm32f1xx_hal_pcd.o(.text.HAL_PCD_EP_ClrStall), (200 bytes).
    Removing stm32f1xx_hal_pcd.o(.ARM.exidx.text.HAL_PCD_EP_ClrStall), (8 bytes).
    Removing stm32f1xx_hal_pcd.o(.text.HAL_PCD_EP_Abort), (94 bytes).
    Removing stm32f1xx_hal_pcd.o(.ARM.exidx.text.HAL_PCD_EP_Abort), (8 bytes).
    Removing stm32f1xx_hal_pcd.o(.text.HAL_PCD_EP_Flush), (112 bytes).
    Removing stm32f1xx_hal_pcd.o(.ARM.exidx.text.HAL_PCD_EP_Flush), (8 bytes).
    Removing stm32f1xx_hal_pcd.o(.text.HAL_PCD_ActivateRemoteWakeup), (18 bytes).
    Removing stm32f1xx_hal_pcd.o(.ARM.exidx.text.HAL_PCD_ActivateRemoteWakeup), (8 bytes).
    Removing stm32f1xx_hal_pcd.o(.text.HAL_PCD_DeActivateRemoteWakeup), (18 bytes).
    Removing stm32f1xx_hal_pcd.o(.ARM.exidx.text.HAL_PCD_DeActivateRemoteWakeup), (8 bytes).
    Removing stm32f1xx_hal_pcd.o(.text.HAL_PCD_GetState), (14 bytes).
    Removing stm32f1xx_hal_pcd.o(.ARM.exidx.text.HAL_PCD_GetState), (8 bytes).
    Removing stm32f1xx_hal_pcd.o(.ARM.exidx.text.HAL_PCD_EP_DB_Receive), (8 bytes).
    Removing stm32f1xx_hal_pcd.o(.ARM.exidx.text.HAL_PCD_EP_DB_Transmit), (8 bytes).
    Removing stm32f1xx_hal_pcd_ex.o(.text), (0 bytes).
    Removing stm32f1xx_hal_pcd_ex.o(.text.HAL_PCDEx_PMAConfig), (122 bytes).
    Removing stm32f1xx_hal_pcd_ex.o(.ARM.exidx.text.HAL_PCDEx_PMAConfig), (8 bytes).
    Removing stm32f1xx_hal_pcd_ex.o(.text.HAL_PCDEx_SetConnectionState), (12 bytes).
    Removing stm32f1xx_hal_pcd_ex.o(.ARM.exidx.text.HAL_PCDEx_SetConnectionState), (8 bytes).
    Removing stm32f1xx_hal_pcd_ex.o(.text.HAL_PCDEx_LPM_Callback), (12 bytes).
    Removing stm32f1xx_hal_pcd_ex.o(.ARM.exidx.text.HAL_PCDEx_LPM_Callback), (8 bytes).
    Removing stm32f1xx_hal_pcd_ex.o(.text.HAL_PCDEx_BCD_Callback), (12 bytes).
    Removing stm32f1xx_hal_pcd_ex.o(.ARM.exidx.text.HAL_PCDEx_BCD_Callback), (8 bytes).
    Removing stm32f1xx_ll_usb.o(.text), (0 bytes).
    Removing stm32f1xx_ll_usb.o(.ARM.exidx.text.USB_CoreInit), (8 bytes).
    Removing stm32f1xx_ll_usb.o(.text.USB_EnableGlobalInt), (30 bytes).
    Removing stm32f1xx_ll_usb.o(.ARM.exidx.text.USB_EnableGlobalInt), (8 bytes).
    Removing stm32f1xx_ll_usb.o(.ARM.exidx.text.USB_DisableGlobalInt), (8 bytes).
    Removing stm32f1xx_ll_usb.o(.ARM.exidx.text.USB_SetCurrentMode), (8 bytes).
    Removing stm32f1xx_ll_usb.o(.ARM.exidx.text.USB_DevInit), (8 bytes).
    Removing stm32f1xx_ll_usb.o(.text.USB_FlushTxFifo), (12 bytes).
    Removing stm32f1xx_ll_usb.o(.ARM.exidx.text.USB_FlushTxFifo), (8 bytes).
    Removing stm32f1xx_ll_usb.o(.text.USB_FlushRxFifo), (10 bytes).
    Removing stm32f1xx_ll_usb.o(.ARM.exidx.text.USB_FlushRxFifo), (8 bytes).
    Removing stm32f1xx_ll_usb.o(.ARM.exidx.text.USB_ActivateEndpoint), (8 bytes).
    Removing stm32f1xx_ll_usb.o(.ARM.exidx.text.USB_DeactivateEndpoint), (8 bytes).
    Removing stm32f1xx_ll_usb.o(.ARM.exidx.text.USB_EPStartXfer), (8 bytes).
    Removing stm32f1xx_ll_usb.o(.ARM.exidx.text.USB_WritePMA), (8 bytes).
    Removing stm32f1xx_ll_usb.o(.text.USB_EPSetStall), (136 bytes).
    Removing stm32f1xx_ll_usb.o(.ARM.exidx.text.USB_EPSetStall), (8 bytes).
    Removing stm32f1xx_ll_usb.o(.text.USB_EPClearStall), (328 bytes).
    Removing stm32f1xx_ll_usb.o(.ARM.exidx.text.USB_EPClearStall), (8 bytes).
    Removing stm32f1xx_ll_usb.o(.text.USB_EPStopXfer), (274 bytes).
    Removing stm32f1xx_ll_usb.o(.ARM.exidx.text.USB_EPStopXfer), (8 bytes).
    Removing stm32f1xx_ll_usb.o(.text.USB_StopDevice), (32 bytes).
    Removing stm32f1xx_ll_usb.o(.ARM.exidx.text.USB_StopDevice), (8 bytes).
    Removing stm32f1xx_ll_usb.o(.ARM.exidx.text.USB_SetDevAddress), (8 bytes).
    Removing stm32f1xx_ll_usb.o(.text.USB_DevConnect), (10 bytes).
    Removing stm32f1xx_ll_usb.o(.ARM.exidx.text.USB_DevConnect), (8 bytes).
    Removing stm32f1xx_ll_usb.o(.ARM.exidx.text.USB_DevDisconnect), (8 bytes).
    Removing stm32f1xx_ll_usb.o(.ARM.exidx.text.USB_ReadInterrupts), (8 bytes).
    Removing stm32f1xx_ll_usb.o(.text.USB_ReadDevAllOutEpInterrupt), (10 bytes).
    Removing stm32f1xx_ll_usb.o(.ARM.exidx.text.USB_ReadDevAllOutEpInterrupt), (8 bytes).
    Removing stm32f1xx_ll_usb.o(.text.USB_ReadDevAllInEpInterrupt), (10 bytes).
    Removing stm32f1xx_ll_usb.o(.ARM.exidx.text.USB_ReadDevAllInEpInterrupt), (8 bytes).
    Removing stm32f1xx_ll_usb.o(.text.USB_ReadDevOutEPInterrupt), (14 bytes).
    Removing stm32f1xx_ll_usb.o(.ARM.exidx.text.USB_ReadDevOutEPInterrupt), (8 bytes).
    Removing stm32f1xx_ll_usb.o(.text.USB_ReadDevInEPInterrupt), (14 bytes).
    Removing stm32f1xx_ll_usb.o(.ARM.exidx.text.USB_ReadDevInEPInterrupt), (8 bytes).
    Removing stm32f1xx_ll_usb.o(.text.USB_ClearInterrupts), (10 bytes).
    Removing stm32f1xx_ll_usb.o(.ARM.exidx.text.USB_ClearInterrupts), (8 bytes).
    Removing stm32f1xx_ll_usb.o(.text.USB_EP0_OutStart), (12 bytes).
    Removing stm32f1xx_ll_usb.o(.ARM.exidx.text.USB_EP0_OutStart), (8 bytes).
    Removing stm32f1xx_ll_usb.o(.text.USB_ActivateRemoteWakeup), (24 bytes).
    Removing stm32f1xx_ll_usb.o(.ARM.exidx.text.USB_ActivateRemoteWakeup), (8 bytes).
    Removing stm32f1xx_ll_usb.o(.text.USB_DeActivateRemoteWakeup), (24 bytes).
    Removing stm32f1xx_ll_usb.o(.ARM.exidx.text.USB_DeActivateRemoteWakeup), (8 bytes).
    Removing stm32f1xx_ll_usb.o(.ARM.exidx.text.USB_ReadPMA), (8 bytes).
    Removing system_stm32f1xx.o(.text), (0 bytes).
    Removing system_stm32f1xx.o(.ARM.exidx.text.SystemInit), (8 bytes).
    Removing system_stm32f1xx.o(.text.SystemCoreClockUpdate), (290 bytes).
    Removing system_stm32f1xx.o(.ARM.exidx.text.SystemCoreClockUpdate), (8 bytes).
    Removing croutine.o(.text), (0 bytes).
    Removing event_groups.o(.text), (0 bytes).
    Removing event_groups.o(.text.xEventGroupCreateStatic), (108 bytes).
    Removing event_groups.o(.ARM.exidx.text.xEventGroupCreateStatic), (8 bytes).
    Removing event_groups.o(.text.xEventGroupCreate), (50 bytes).
    Removing event_groups.o(.ARM.exidx.text.xEventGroupCreate), (8 bytes).
    Removing event_groups.o(.text.xEventGroupSync), (360 bytes).
    Removing event_groups.o(.ARM.exidx.text.xEventGroupSync), (8 bytes).
    Removing event_groups.o(.text.xEventGroupSetBits), (282 bytes).
    Removing event_groups.o(.ARM.exidx.text.xEventGroupSetBits), (8 bytes).
    Removing event_groups.o(.text.xEventGroupWaitBits), (442 bytes).
    Removing event_groups.o(.ARM.exidx.text.xEventGroupWaitBits), (8 bytes).
    Removing event_groups.o(.text.prvTestWaitCondition), (66 bytes).
    Removing event_groups.o(.ARM.exidx.text.prvTestWaitCondition), (8 bytes).
    Removing event_groups.o(.text.xEventGroupClearBits), (100 bytes).
    Removing event_groups.o(.ARM.exidx.text.xEventGroupClearBits), (8 bytes).
    Removing event_groups.o(.text.xEventGroupClearBitsFromISR), (34 bytes).
    Removing event_groups.o(.ARM.exidx.text.xEventGroupClearBitsFromISR), (8 bytes).
    Removing event_groups.o(.text.vEventGroupClearBitsCallback), (20 bytes).
    Removing event_groups.o(.ARM.exidx.text.vEventGroupClearBitsCallback), (8 bytes).
    Removing event_groups.o(.text.xEventGroupGetBitsFromISR), (58 bytes).
    Removing event_groups.o(.ARM.exidx.text.xEventGroupGetBitsFromISR), (8 bytes).
    Removing event_groups.o(.text.vEventGroupDelete), (106 bytes).
    Removing event_groups.o(.ARM.exidx.text.vEventGroupDelete), (8 bytes).
    Removing event_groups.o(.text.vEventGroupSetBitsCallback), (20 bytes).
    Removing event_groups.o(.ARM.exidx.text.vEventGroupSetBitsCallback), (8 bytes).
    Removing event_groups.o(.text.xEventGroupSetBitsFromISR), (36 bytes).
    Removing event_groups.o(.ARM.exidx.text.xEventGroupSetBitsFromISR), (8 bytes).
    Removing event_groups.o(.text.uxEventGroupGetNumber), (34 bytes).
    Removing event_groups.o(.ARM.exidx.text.uxEventGroupGetNumber), (8 bytes).
    Removing event_groups.o(.text.vEventGroupSetNumber), (16 bytes).
    Removing event_groups.o(.ARM.exidx.text.vEventGroupSetNumber), (8 bytes).
    Removing list.o(.text), (0 bytes).
    Removing list.o(.ARM.exidx.text.vListInitialise), (8 bytes).
    Removing list.o(.ARM.exidx.text.vListInitialiseItem), (8 bytes).
    Removing list.o(.ARM.exidx.text.vListInsertEnd), (8 bytes).
    Removing list.o(.ARM.exidx.text.vListInsert), (8 bytes).
    Removing list.o(.ARM.exidx.text.uxListRemove), (8 bytes).
    Removing queue.o(.text), (0 bytes).
    Removing queue.o(.ARM.exidx.text.xQueueGenericReset), (8 bytes).
    Removing queue.o(.ARM.exidx.text.xQueueGenericCreateStatic), (8 bytes).
    Removing queue.o(.ARM.exidx.text.prvInitialiseNewQueue), (8 bytes).
    Removing queue.o(.text.xQueueGenericCreate), (126 bytes).
    Removing queue.o(.ARM.exidx.text.xQueueGenericCreate), (8 bytes).
    Removing queue.o(.text.xQueueCreateMutex), (38 bytes).
    Removing queue.o(.ARM.exidx.text.xQueueCreateMutex), (8 bytes).
    Removing queue.o(.text.prvInitialiseMutex), (44 bytes).
    Removing queue.o(.ARM.exidx.text.prvInitialiseMutex), (8 bytes).
    Removing queue.o(.text.xQueueCreateMutexStatic), (50 bytes).
    Removing queue.o(.ARM.exidx.text.xQueueCreateMutexStatic), (8 bytes).
    Removing queue.o(.text.xQueueGetMutexHolder), (42 bytes).
    Removing queue.o(.ARM.exidx.text.xQueueGetMutexHolder), (8 bytes).
    Removing queue.o(.text.xQueueGetMutexHolderFromISR), (60 bytes).
    Removing queue.o(.ARM.exidx.text.xQueueGetMutexHolderFromISR), (8 bytes).
    Removing queue.o(.text.xQueueGiveMutexRecursive), (108 bytes).
    Removing queue.o(.ARM.exidx.text.xQueueGiveMutexRecursive), (8 bytes).
    Removing queue.o(.ARM.exidx.text.xQueueGenericSend), (8 bytes).
    Removing queue.o(.text.xQueueTakeMutexRecursive), (110 bytes).
    Removing queue.o(.ARM.exidx.text.xQueueTakeMutexRecursive), (8 bytes).
    Removing queue.o(.text.xQueueSemaphoreTake), (556 bytes).
    Removing queue.o(.ARM.exidx.text.xQueueSemaphoreTake), (8 bytes).
    Removing queue.o(.text.xQueueCreateCountingSemaphoreStatic), (112 bytes).
    Removing queue.o(.ARM.exidx.text.xQueueCreateCountingSemaphoreStatic), (8 bytes).
    Removing queue.o(.text.xQueueCreateCountingSemaphore), (102 bytes).
    Removing queue.o(.ARM.exidx.text.xQueueCreateCountingSemaphore), (8 bytes).
    Removing queue.o(.ARM.exidx.text.prvCopyDataToQueue), (8 bytes).
    Removing queue.o(.ARM.exidx.text.prvIsQueueFull), (8 bytes).
    Removing queue.o(.ARM.exidx.text.prvUnlockQueue), (8 bytes).
    Removing queue.o(.ARM.exidx.text.xQueueGenericSendFromISR), (8 bytes).
    Removing queue.o(.text.xQueueGiveFromISR), (292 bytes).
    Removing queue.o(.ARM.exidx.text.xQueueGiveFromISR), (8 bytes).
    Removing queue.o(.ARM.exidx.text.xQueueReceive), (8 bytes).
    Removing queue.o(.ARM.exidx.text.prvCopyDataFromQueue), (8 bytes).
    Removing queue.o(.ARM.exidx.text.prvIsQueueEmpty), (8 bytes).
    Removing queue.o(.text.prvGetDisinheritPriorityAfterTimeout), (38 bytes).
    Removing queue.o(.ARM.exidx.text.prvGetDisinheritPriorityAfterTimeout), (8 bytes).
    Removing queue.o(.text.xQueuePeek), (480 bytes).
    Removing queue.o(.ARM.exidx.text.xQueuePeek), (8 bytes).
    Removing queue.o(.text.xQueueReceiveFromISR), (264 bytes).
    Removing queue.o(.ARM.exidx.text.xQueueReceiveFromISR), (8 bytes).
    Removing queue.o(.text.xQueuePeekFromISR), (212 bytes).
    Removing queue.o(.ARM.exidx.text.xQueuePeekFromISR), (8 bytes).
    Removing queue.o(.text.uxQueueMessagesWaiting), (54 bytes).
    Removing queue.o(.ARM.exidx.text.uxQueueMessagesWaiting), (8 bytes).
    Removing queue.o(.text.uxQueueSpacesAvailable), (62 bytes).
    Removing queue.o(.ARM.exidx.text.uxQueueSpacesAvailable), (8 bytes).
    Removing queue.o(.text.uxQueueMessagesWaitingFromISR), (44 bytes).
    Removing queue.o(.ARM.exidx.text.uxQueueMessagesWaitingFromISR), (8 bytes).
    Removing queue.o(.text.vQueueDelete), (68 bytes).
    Removing queue.o(.ARM.exidx.text.vQueueDelete), (8 bytes).
    Removing queue.o(.text.vQueueUnregisterQueue), (84 bytes).
    Removing queue.o(.ARM.exidx.text.vQueueUnregisterQueue), (8 bytes).
    Removing queue.o(.text.uxQueueGetQueueNumber), (12 bytes).
    Removing queue.o(.ARM.exidx.text.uxQueueGetQueueNumber), (8 bytes).
    Removing queue.o(.text.vQueueSetQueueNumber), (16 bytes).
    Removing queue.o(.ARM.exidx.text.vQueueSetQueueNumber), (8 bytes).
    Removing queue.o(.text.ucQueueGetQueueType), (14 bytes).
    Removing queue.o(.ARM.exidx.text.ucQueueGetQueueType), (8 bytes).
    Removing queue.o(.text.xQueueIsQueueEmptyFromISR), (58 bytes).
    Removing queue.o(.ARM.exidx.text.xQueueIsQueueEmptyFromISR), (8 bytes).
    Removing queue.o(.text.xQueueIsQueueFullFromISR), (64 bytes).
    Removing queue.o(.ARM.exidx.text.xQueueIsQueueFullFromISR), (8 bytes).
    Removing queue.o(.ARM.exidx.text.vQueueAddToRegistry), (8 bytes).
    Removing queue.o(.text.pcQueueGetName), (80 bytes).
    Removing queue.o(.ARM.exidx.text.pcQueueGetName), (8 bytes).
    Removing queue.o(.ARM.exidx.text.vQueueWaitForMessageRestricted), (8 bytes).
    Removing stream_buffer.o(.text), (0 bytes).
    Removing stream_buffer.o(.text.xStreamBufferGenericCreate), (140 bytes).
    Removing stream_buffer.o(.ARM.exidx.text.xStreamBufferGenericCreate), (8 bytes).
    Removing stream_buffer.o(.text.prvInitialiseNewStreamBuffer), (110 bytes).
    Removing stream_buffer.o(.ARM.exidx.text.prvInitialiseNewStreamBuffer), (8 bytes).
    Removing stream_buffer.o(.text.xStreamBufferGenericCreateStatic), (246 bytes).
    Removing stream_buffer.o(.ARM.exidx.text.xStreamBufferGenericCreateStatic), (8 bytes).
    Removing stream_buffer.o(.text.vStreamBufferDelete), (72 bytes).
    Removing stream_buffer.o(.ARM.exidx.text.vStreamBufferDelete), (8 bytes).
    Removing stream_buffer.o(.text.xStreamBufferReset), (128 bytes).
    Removing stream_buffer.o(.ARM.exidx.text.xStreamBufferReset), (8 bytes).
    Removing stream_buffer.o(.text.xStreamBufferSetTriggerLevel), (86 bytes).
    Removing stream_buffer.o(.ARM.exidx.text.xStreamBufferSetTriggerLevel), (8 bytes).
    Removing stream_buffer.o(.text.xStreamBufferSpacesAvailable), (94 bytes).
    Removing stream_buffer.o(.ARM.exidx.text.xStreamBufferSpacesAvailable), (8 bytes).
    Removing stream_buffer.o(.text.xStreamBufferBytesAvailable), (52 bytes).
    Removing stream_buffer.o(.ARM.exidx.text.xStreamBufferBytesAvailable), (8 bytes).
    Removing stream_buffer.o(.text.prvBytesInBuffer), (56 bytes).
    Removing stream_buffer.o(.ARM.exidx.text.prvBytesInBuffer), (8 bytes).
    Removing stream_buffer.o(.text.xStreamBufferSend), (354 bytes).
    Removing stream_buffer.o(.ARM.exidx.text.xStreamBufferSend), (8 bytes).
    Removing stream_buffer.o(.text.prvWriteMessageToBuffer), (138 bytes).
    Removing stream_buffer.o(.ARM.exidx.text.prvWriteMessageToBuffer), (8 bytes).
    Removing stream_buffer.o(.text.xStreamBufferSendFromISR), (240 bytes).
    Removing stream_buffer.o(.ARM.exidx.text.xStreamBufferSendFromISR), (8 bytes).
    Removing stream_buffer.o(.text.xStreamBufferReceive), (330 bytes).
    Removing stream_buffer.o(.ARM.exidx.text.xStreamBufferReceive), (8 bytes).
    Removing stream_buffer.o(.text.prvReadMessageFromBuffer), (100 bytes).
    Removing stream_buffer.o(.ARM.exidx.text.prvReadMessageFromBuffer), (8 bytes).
    Removing stream_buffer.o(.text.xStreamBufferReceiveFromISR), (236 bytes).
    Removing stream_buffer.o(.ARM.exidx.text.xStreamBufferReceiveFromISR), (8 bytes).
    Removing stream_buffer.o(.text.xStreamBufferIsEmpty), (72 bytes).
    Removing stream_buffer.o(.ARM.exidx.text.xStreamBufferIsEmpty), (8 bytes).
    Removing stream_buffer.o(.text.xStreamBufferIsFull), (92 bytes).
    Removing stream_buffer.o(.ARM.exidx.text.xStreamBufferIsFull), (8 bytes).
    Removing stream_buffer.o(.text.xStreamBufferSendCompletedFromISR), (132 bytes).
    Removing stream_buffer.o(.ARM.exidx.text.xStreamBufferSendCompletedFromISR), (8 bytes).
    Removing stream_buffer.o(.text.xStreamBufferReceiveCompletedFromISR), (132 bytes).
    Removing stream_buffer.o(.ARM.exidx.text.xStreamBufferReceiveCompletedFromISR), (8 bytes).
    Removing stream_buffer.o(.text.uxStreamBufferGetStreamBufferNumber), (12 bytes).
    Removing stream_buffer.o(.ARM.exidx.text.uxStreamBufferGetStreamBufferNumber), (8 bytes).
    Removing stream_buffer.o(.text.vStreamBufferSetStreamBufferNumber), (16 bytes).
    Removing stream_buffer.o(.ARM.exidx.text.vStreamBufferSetStreamBufferNumber), (8 bytes).
    Removing stream_buffer.o(.text.ucStreamBufferGetStreamBufferType), (16 bytes).
    Removing stream_buffer.o(.ARM.exidx.text.ucStreamBufferGetStreamBufferType), (8 bytes).
    Removing stream_buffer.o(.text.prvWriteBytesToBuffer), (252 bytes).
    Removing stream_buffer.o(.ARM.exidx.text.prvWriteBytesToBuffer), (8 bytes).
    Removing stream_buffer.o(.text.prvReadBytesFromBuffer), (290 bytes).
    Removing stream_buffer.o(.ARM.exidx.text.prvReadBytesFromBuffer), (8 bytes).
    Removing tasks.o(.text), (0 bytes).
    Removing tasks.o(.ARM.exidx.text.xTaskCreateStatic), (8 bytes).
    Removing tasks.o(.ARM.exidx.text.prvInitialiseNewTask), (8 bytes).
    Removing tasks.o(.ARM.exidx.text.prvAddNewTaskToReadyList), (8 bytes).
    Removing tasks.o(.ARM.exidx.text.xTaskCreate), (8 bytes).
    Removing tasks.o(.text.vTaskDelete), (270 bytes).
    Removing tasks.o(.ARM.exidx.text.vTaskDelete), (8 bytes).
    Removing tasks.o(.ARM.exidx.text.prvDeleteTCB), (8 bytes).
    Removing tasks.o(.ARM.exidx.text.prvResetNextTaskUnblockTime), (8 bytes).
    Removing tasks.o(.text.vTaskDelayUntil), (276 bytes).
    Removing tasks.o(.ARM.exidx.text.vTaskDelayUntil), (8 bytes).
    Removing tasks.o(.ARM.exidx.text.vTaskSuspendAll), (8 bytes).
    Removing tasks.o(.ARM.exidx.text.prvAddCurrentTaskToDelayedList), (8 bytes).
    Removing tasks.o(.ARM.exidx.text.xTaskResumeAll), (8 bytes).
    Removing tasks.o(.ARM.exidx.text.vTaskDelay), (8 bytes).
    Removing tasks.o(.text.eTaskGetState), (216 bytes).
    Removing tasks.o(.ARM.exidx.text.eTaskGetState), (8 bytes).
    Removing tasks.o(.text.uxTaskPriorityGet), (56 bytes).
    Removing tasks.o(.ARM.exidx.text.uxTaskPriorityGet), (8 bytes).
    Removing tasks.o(.text.uxTaskPriorityGetFromISR), (90 bytes).
    Removing tasks.o(.ARM.exidx.text.uxTaskPriorityGetFromISR), (8 bytes).
    Removing tasks.o(.text.vTaskPrioritySet), (412 bytes).
    Removing tasks.o(.ARM.exidx.text.vTaskPrioritySet), (8 bytes).
    Removing tasks.o(.text.vTaskSuspend), (296 bytes).
    Removing tasks.o(.ARM.exidx.text.vTaskSuspend), (8 bytes).
    Removing tasks.o(.ARM.exidx.text.vTaskSwitchContext), (8 bytes).
    Removing tasks.o(.text.vTaskResume), (214 bytes).
    Removing tasks.o(.ARM.exidx.text.vTaskResume), (8 bytes).
    Removing tasks.o(.text.prvTaskIsTaskSuspended), (106 bytes).
    Removing tasks.o(.ARM.exidx.text.prvTaskIsTaskSuspended), (8 bytes).
    Removing tasks.o(.text.xTaskResumeFromISR), (242 bytes).
    Removing tasks.o(.ARM.exidx.text.xTaskResumeFromISR), (8 bytes).
    Removing tasks.o(.ARM.exidx.text.vTaskStartScheduler), (8 bytes).
    Removing tasks.o(.ARM.exidx.text.prvIdleTask), (8 bytes).
    Removing tasks.o(.text.vTaskEndScheduler), (42 bytes).
    Removing tasks.o(.ARM.exidx.text.vTaskEndScheduler), (8 bytes).
    Removing tasks.o(.ARM.exidx.text.xTaskIncrementTick), (8 bytes).
    Removing tasks.o(.ARM.exidx.text.xTaskGetTickCount), (8 bytes).
    Removing tasks.o(.text.xTaskGetTickCountFromISR), (30 bytes).
    Removing tasks.o(.ARM.exidx.text.xTaskGetTickCountFromISR), (8 bytes).
    Removing tasks.o(.text.uxTaskGetNumberOfTasks), (12 bytes).
    Removing tasks.o(.ARM.exidx.text.uxTaskGetNumberOfTasks), (8 bytes).
    Removing tasks.o(.text.pcTaskGetName), (70 bytes).
    Removing tasks.o(.ARM.exidx.text.pcTaskGetName), (8 bytes).
    Removing tasks.o(.text.uxTaskGetSystemState), (272 bytes).
    Removing tasks.o(.ARM.exidx.text.uxTaskGetSystemState), (8 bytes).
    Removing tasks.o(.text.prvListTasksWithinSingleList), (164 bytes).
    Removing tasks.o(.ARM.exidx.text.prvListTasksWithinSingleList), (8 bytes).
    Removing tasks.o(.ARM.exidx.text.vTaskPlaceOnEventList), (8 bytes).
    Removing tasks.o(.text.vTaskPlaceOnUnorderedEventList), (114 bytes).
    Removing tasks.o(.ARM.exidx.text.vTaskPlaceOnUnorderedEventList), (8 bytes).
    Removing tasks.o(.ARM.exidx.text.vTaskPlaceOnEventListRestricted), (8 bytes).
    Removing tasks.o(.ARM.exidx.text.xTaskRemoveFromEventList), (8 bytes).
    Removing tasks.o(.text.vTaskRemoveFromUnorderedEventList), (204 bytes).
    Removing tasks.o(.ARM.exidx.text.vTaskRemoveFromUnorderedEventList), (8 bytes).
    Removing tasks.o(.text.vTaskSetTimeOutState), (74 bytes).
    Removing tasks.o(.ARM.exidx.text.vTaskSetTimeOutState), (8 bytes).
    Removing tasks.o(.ARM.exidx.text.vTaskInternalSetTimeOutState), (8 bytes).
    Removing tasks.o(.ARM.exidx.text.xTaskCheckForTimeOut), (8 bytes).
    Removing tasks.o(.ARM.exidx.text.vTaskMissedYield), (8 bytes).
    Removing tasks.o(.text.uxTaskGetTaskNumber), (34 bytes).
    Removing tasks.o(.ARM.exidx.text.uxTaskGetTaskNumber), (8 bytes).
    Removing tasks.o(.text.vTaskSetTaskNumber), (28 bytes).
    Removing tasks.o(.ARM.exidx.text.vTaskSetTaskNumber), (8 bytes).
    Removing tasks.o(.text.vTaskGetInfo), (224 bytes).
    Removing tasks.o(.ARM.exidx.text.vTaskGetInfo), (8 bytes).
    Removing tasks.o(.text.prvTaskCheckFreeStackSpace), (48 bytes).
    Removing tasks.o(.ARM.exidx.text.prvTaskCheckFreeStackSpace), (8 bytes).
    Removing tasks.o(.text.uxTaskGetStackHighWaterMark), (56 bytes).
    Removing tasks.o(.ARM.exidx.text.uxTaskGetStackHighWaterMark), (8 bytes).
    Removing tasks.o(.text.xTaskGetCurrentTaskHandle), (20 bytes).
    Removing tasks.o(.ARM.exidx.text.xTaskGetCurrentTaskHandle), (8 bytes).
    Removing tasks.o(.ARM.exidx.text.xTaskGetSchedulerState), (8 bytes).
    Removing tasks.o(.text.xTaskPriorityInherit), (270 bytes).
    Removing tasks.o(.ARM.exidx.text.xTaskPriorityInherit), (8 bytes).
    Removing tasks.o(.ARM.exidx.text.xTaskPriorityDisinherit), (8 bytes).
    Removing tasks.o(.text.vTaskPriorityDisinheritAfterTimeout), (308 bytes).
    Removing tasks.o(.ARM.exidx.text.vTaskPriorityDisinheritAfterTimeout), (8 bytes).
    Removing tasks.o(.text.uxTaskResetEventItemValue), (34 bytes).
    Removing tasks.o(.ARM.exidx.text.uxTaskResetEventItemValue), (8 bytes).
    Removing tasks.o(.text.pvTaskIncrementMutexHeldCount), (44 bytes).
    Removing tasks.o(.ARM.exidx.text.pvTaskIncrementMutexHeldCount), (8 bytes).
    Removing tasks.o(.text.ulTaskNotifyTake), (186 bytes).
    Removing tasks.o(.ARM.exidx.text.ulTaskNotifyTake), (8 bytes).
    Removing tasks.o(.text.xTaskNotifyWait), (214 bytes).
    Removing tasks.o(.ARM.exidx.text.xTaskNotifyWait), (8 bytes).
    Removing tasks.o(.text.xTaskGenericNotify), (342 bytes).
    Removing tasks.o(.ARM.exidx.text.xTaskGenericNotify), (8 bytes).
    Removing tasks.o(.text.xTaskGenericNotifyFromISR), (420 bytes).
    Removing tasks.o(.ARM.exidx.text.xTaskGenericNotifyFromISR), (8 bytes).
    Removing tasks.o(.text.vTaskNotifyGiveFromISR), (314 bytes).
    Removing tasks.o(.ARM.exidx.text.vTaskNotifyGiveFromISR), (8 bytes).
    Removing tasks.o(.text.xTaskNotifyStateClear), (82 bytes).
    Removing tasks.o(.ARM.exidx.text.xTaskNotifyStateClear), (8 bytes).
    Removing tasks.o(.ARM.exidx.text.vTaskStackAddr), (8 bytes).
    Removing tasks.o(.ARM.exidx.text.vTaskStackSize), (8 bytes).
    Removing tasks.o(.ARM.exidx.text.vTaskName), (8 bytes).
    Removing tasks.o(.ARM.exidx.text.prvInitialiseTaskLists), (8 bytes).
    Removing tasks.o(.ARM.exidx.text.prvCheckTasksWaitingTermination), (8 bytes).
    Removing timers.o(.text), (0 bytes).
    Removing timers.o(.ARM.exidx.text.xTimerCreateTimerTask), (8 bytes).
    Removing timers.o(.ARM.exidx.text.prvCheckForValidListAndQueue), (8 bytes).
    Removing timers.o(.ARM.exidx.text.prvTimerTask), (8 bytes).
    Removing timers.o(.text.xTimerCreate), (74 bytes).
    Removing timers.o(.ARM.exidx.text.xTimerCreate), (8 bytes).
    Removing timers.o(.text.prvInitialiseNewTimer), (102 bytes).
    Removing timers.o(.ARM.exidx.text.prvInitialiseNewTimer), (8 bytes).
    Removing timers.o(.text.xTimerCreateStatic), (136 bytes).
    Removing timers.o(.ARM.exidx.text.xTimerCreateStatic), (8 bytes).
    Removing timers.o(.ARM.exidx.text.xTimerGenericCommand), (8 bytes).
    Removing timers.o(.text.xTimerGetTimerDaemonTaskHandle), (52 bytes).
    Removing timers.o(.ARM.exidx.text.xTimerGetTimerDaemonTaskHandle), (8 bytes).
    Removing timers.o(.text.xTimerGetPeriod), (44 bytes).
    Removing timers.o(.ARM.exidx.text.xTimerGetPeriod), (8 bytes).
    Removing timers.o(.text.xTimerGetExpiryTime), (48 bytes).
    Removing timers.o(.ARM.exidx.text.xTimerGetExpiryTime), (8 bytes).
    Removing timers.o(.text.pcTimerGetName), (44 bytes).
    Removing timers.o(.ARM.exidx.text.pcTimerGetName), (8 bytes).
    Removing timers.o(.text.xTimerIsTimerActive), (64 bytes).
    Removing timers.o(.ARM.exidx.text.xTimerIsTimerActive), (8 bytes).
    Removing timers.o(.text.pvTimerGetTimerID), (58 bytes).
    Removing timers.o(.ARM.exidx.text.pvTimerGetTimerID), (8 bytes).
    Removing timers.o(.text.vTimerSetTimerID), (58 bytes).
    Removing timers.o(.ARM.exidx.text.vTimerSetTimerID), (8 bytes).
    Removing timers.o(.text.xTimerPendFunctionCallFromISR), (58 bytes).
    Removing timers.o(.ARM.exidx.text.xTimerPendFunctionCallFromISR), (8 bytes).
    Removing timers.o(.text.xTimerPendFunctionCall), (94 bytes).
    Removing timers.o(.ARM.exidx.text.xTimerPendFunctionCall), (8 bytes).
    Removing timers.o(.text.uxTimerGetTimerNumber), (12 bytes).
    Removing timers.o(.ARM.exidx.text.uxTimerGetTimerNumber), (8 bytes).
    Removing timers.o(.text.vTimerSetTimerNumber), (16 bytes).
    Removing timers.o(.ARM.exidx.text.vTimerSetTimerNumber), (8 bytes).
    Removing timers.o(.ARM.exidx.text.prvGetNextExpireTime), (8 bytes).
    Removing timers.o(.ARM.exidx.text.prvProcessTimerOrBlockTask), (8 bytes).
    Removing timers.o(.ARM.exidx.text.prvProcessReceivedCommands), (8 bytes).
    Removing timers.o(.ARM.exidx.text.prvSampleTimeNow), (8 bytes).
    Removing timers.o(.ARM.exidx.text.prvProcessExpiredTimer), (8 bytes).
    Removing timers.o(.ARM.exidx.text.prvSwitchTimerLists), (8 bytes).
    Removing timers.o(.ARM.exidx.text.prvInsertTimerInActiveList), (8 bytes).
    Removing cmsis_os2.o(.text), (0 bytes).
    Removing cmsis_os2.o(.ARM.exidx.text.osKernelInitialize), (8 bytes).
    Removing cmsis_os2.o(.text.osKernelGetInfo), (84 bytes).
    Removing cmsis_os2.o(.ARM.exidx.text.osKernelGetInfo), (8 bytes).
    Removing cmsis_os2.o(.text.osKernelGetState), (82 bytes).
    Removing cmsis_os2.o(.ARM.exidx.text.osKernelGetState), (8 bytes).
    Removing cmsis_os2.o(.ARM.exidx.text.osKernelStart), (8 bytes).
    Removing cmsis_os2.o(.text.osKernelLock), (126 bytes).
    Removing cmsis_os2.o(.ARM.exidx.text.osKernelLock), (8 bytes).
    Removing cmsis_os2.o(.text.osKernelUnlock), (150 bytes).
    Removing cmsis_os2.o(.ARM.exidx.text.osKernelUnlock), (8 bytes).
    Removing cmsis_os2.o(.text.osKernelRestoreLock), (176 bytes).
    Removing cmsis_os2.o(.ARM.exidx.text.osKernelRestoreLock), (8 bytes).
    Removing cmsis_os2.o(.text.osKernelGetTickCount), (78 bytes).
    Removing cmsis_os2.o(.ARM.exidx.text.osKernelGetTickCount), (8 bytes).
    Removing cmsis_os2.o(.text.osKernelGetTickFreq), (6 bytes).
    Removing cmsis_os2.o(.ARM.exidx.text.osKernelGetTickFreq), (8 bytes).
    Removing cmsis_os2.o(.text.osKernelGetSysTimerCount), (74 bytes).
    Removing cmsis_os2.o(.ARM.exidx.text.osKernelGetSysTimerCount), (8 bytes).
    Removing cmsis_os2.o(.text.osKernelGetSysTimerFreq), (12 bytes).
    Removing cmsis_os2.o(.ARM.exidx.text.osKernelGetSysTimerFreq), (8 bytes).
    Removing cmsis_os2.o(.ARM.exidx.text.osThreadNew), (8 bytes).
    Removing cmsis_os2.o(.text.osThreadGetName), (90 bytes).
    Removing cmsis_os2.o(.ARM.exidx.text.osThreadGetName), (8 bytes).
    Removing cmsis_os2.o(.text.osThreadGetId), (76 bytes).
    Removing cmsis_os2.o(.ARM.exidx.text.osThreadGetId), (8 bytes).
    Removing cmsis_os2.o(.text.osThreadGetState), (144 bytes).
    Removing cmsis_os2.o(.ARM.exidx.text.osThreadGetState), (8 bytes).
    Removing cmsis_os2.o(.text.osThreadGetStackSpace), (90 bytes).
    Removing cmsis_os2.o(.ARM.exidx.text.osThreadGetStackSpace), (8 bytes).
    Removing cmsis_os2.o(.text.osThreadGetStackSize), (10 bytes).
    Removing cmsis_os2.o(.ARM.exidx.text.osThreadGetStackSize), (8 bytes).
    Removing cmsis_os2.o(.text.osThreadSetPriority), (124 bytes).
    Removing cmsis_os2.o(.ARM.exidx.text.osThreadSetPriority), (8 bytes).
    Removing cmsis_os2.o(.text.osThreadGetPriority), (92 bytes).
    Removing cmsis_os2.o(.ARM.exidx.text.osThreadGetPriority), (8 bytes).
    Removing cmsis_os2.o(.text.osThreadYield), (96 bytes).
    Removing cmsis_os2.o(.ARM.exidx.text.osThreadYield), (8 bytes).
    Removing cmsis_os2.o(.text.osThreadSuspend), (104 bytes).
    Removing cmsis_os2.o(.ARM.exidx.text.osThreadSuspend), (8 bytes).
    Removing cmsis_os2.o(.text.osThreadResume), (104 bytes).
    Removing cmsis_os2.o(.ARM.exidx.text.osThreadResume), (8 bytes).
    Removing cmsis_os2.o(.text.osThreadExit), (10 bytes).
    Removing cmsis_os2.o(.ARM.exidx.text.osThreadExit), (8 bytes).
    Removing cmsis_os2.o(.text.osThreadTerminate), (134 bytes).
    Removing cmsis_os2.o(.ARM.exidx.text.osThreadTerminate), (8 bytes).
    Removing cmsis_os2.o(.text.osThreadGetCount), (76 bytes).
    Removing cmsis_os2.o(.ARM.exidx.text.osThreadGetCount), (8 bytes).
    Removing cmsis_os2.o(.text.osThreadEnumerate), (220 bytes).
    Removing cmsis_os2.o(.ARM.exidx.text.osThreadEnumerate), (8 bytes).
    Removing cmsis_os2.o(.text.osThreadFlagsSet), (204 bytes).
    Removing cmsis_os2.o(.ARM.exidx.text.osThreadFlagsSet), (8 bytes).
    Removing cmsis_os2.o(.text.osThreadFlagsClear), (168 bytes).
    Removing cmsis_os2.o(.ARM.exidx.text.osThreadFlagsClear), (8 bytes).
    Removing cmsis_os2.o(.text.osThreadFlagsGet), (104 bytes).
    Removing cmsis_os2.o(.ARM.exidx.text.osThreadFlagsGet), (8 bytes).
    Removing cmsis_os2.o(.text.osThreadFlagsWait), (322 bytes).
    Removing cmsis_os2.o(.ARM.exidx.text.osThreadFlagsWait), (8 bytes).
    Removing cmsis_os2.o(.ARM.exidx.text.osDelay), (8 bytes).
    Removing cmsis_os2.o(.text.osDelayUntil), (96 bytes).
    Removing cmsis_os2.o(.ARM.exidx.text.osDelayUntil), (8 bytes).
    Removing cmsis_os2.o(.text.osTimerNew), (318 bytes).
    Removing cmsis_os2.o(.ARM.exidx.text.osTimerNew), (8 bytes).
    Removing cmsis_os2.o(.text.TimerCallback), (34 bytes).
    Removing cmsis_os2.o(.ARM.exidx.text.TimerCallback), (8 bytes).
    Removing cmsis_os2.o(.text.osTimerGetName), (90 bytes).
    Removing cmsis_os2.o(.ARM.exidx.text.osTimerGetName), (8 bytes).
    Removing cmsis_os2.o(.text.osTimerStart), (132 bytes).
    Removing cmsis_os2.o(.ARM.exidx.text.osTimerStart), (8 bytes).
    Removing cmsis_os2.o(.text.osTimerStop), (150 bytes).
    Removing cmsis_os2.o(.ARM.exidx.text.osTimerStop), (8 bytes).
    Removing cmsis_os2.o(.text.osTimerIsRunning), (90 bytes).
    Removing cmsis_os2.o(.ARM.exidx.text.osTimerIsRunning), (8 bytes).
    Removing cmsis_os2.o(.text.osTimerDelete), (144 bytes).
    Removing cmsis_os2.o(.ARM.exidx.text.osTimerDelete), (8 bytes).
    Removing cmsis_os2.o(.text.osEventFlagsNew), (178 bytes).
    Removing cmsis_os2.o(.ARM.exidx.text.osEventFlagsNew), (8 bytes).
    Removing cmsis_os2.o(.text.osEventFlagsSet), (170 bytes).
    Removing cmsis_os2.o(.ARM.exidx.text.osEventFlagsSet), (8 bytes).
    Removing cmsis_os2.o(.text.osEventFlagsClear), (136 bytes).
    Removing cmsis_os2.o(.ARM.exidx.text.osEventFlagsClear), (8 bytes).
    Removing cmsis_os2.o(.text.osEventFlagsGet), (104 bytes).
    Removing cmsis_os2.o(.ARM.exidx.text.osEventFlagsGet), (8 bytes).
    Removing cmsis_os2.o(.text.osEventFlagsWait), (260 bytes).
    Removing cmsis_os2.o(.ARM.exidx.text.osEventFlagsWait), (8 bytes).
    Removing cmsis_os2.o(.text.osEventFlagsDelete), (104 bytes).
    Removing cmsis_os2.o(.ARM.exidx.text.osEventFlagsDelete), (8 bytes).
    Removing cmsis_os2.o(.text.osMutexNew), (344 bytes).
    Removing cmsis_os2.o(.ARM.exidx.text.osMutexNew), (8 bytes).
    Removing cmsis_os2.o(.text.osMutexAcquire), (198 bytes).
    Removing cmsis_os2.o(.ARM.exidx.text.osMutexAcquire), (8 bytes).
    Removing cmsis_os2.o(.text.osMutexRelease), (166 bytes).
    Removing cmsis_os2.o(.ARM.exidx.text.osMutexRelease), (8 bytes).
    Removing cmsis_os2.o(.text.osMutexGetOwner), (94 bytes).
    Removing cmsis_os2.o(.ARM.exidx.text.osMutexGetOwner), (8 bytes).
    Removing cmsis_os2.o(.text.osMutexDelete), (114 bytes).
    Removing cmsis_os2.o(.ARM.exidx.text.osMutexDelete), (8 bytes).
    Removing cmsis_os2.o(.text.osSemaphoreNew), (362 bytes).
    Removing cmsis_os2.o(.ARM.exidx.text.osSemaphoreNew), (8 bytes).
    Removing cmsis_os2.o(.text.osSemaphoreAcquire), (206 bytes).
    Removing cmsis_os2.o(.ARM.exidx.text.osSemaphoreAcquire), (8 bytes).
    Removing cmsis_os2.o(.text.osSemaphoreRelease), (176 bytes).
    Removing cmsis_os2.o(.ARM.exidx.text.osSemaphoreRelease), (8 bytes).
    Removing cmsis_os2.o(.text.osSemaphoreGetCount), (102 bytes).
    Removing cmsis_os2.o(.ARM.exidx.text.osSemaphoreGetCount), (8 bytes).
    Removing cmsis_os2.o(.text.osSemaphoreDelete), (110 bytes).
    Removing cmsis_os2.o(.ARM.exidx.text.osSemaphoreDelete), (8 bytes).
    Removing cmsis_os2.o(.text.osMessageQueueNew), (300 bytes).
    Removing cmsis_os2.o(.ARM.exidx.text.osMessageQueueNew), (8 bytes).
    Removing cmsis_os2.o(.text.osMessageQueuePut), (236 bytes).
    Removing cmsis_os2.o(.ARM.exidx.text.osMessageQueuePut), (8 bytes).
    Removing cmsis_os2.o(.text.osMessageQueueGet), (232 bytes).
    Removing cmsis_os2.o(.ARM.exidx.text.osMessageQueueGet), (8 bytes).
    Removing cmsis_os2.o(.text.osMessageQueueGetCapacity), (34 bytes).
    Removing cmsis_os2.o(.ARM.exidx.text.osMessageQueueGetCapacity), (8 bytes).
    Removing cmsis_os2.o(.text.osMessageQueueGetMsgSize), (34 bytes).
    Removing cmsis_os2.o(.ARM.exidx.text.osMessageQueueGetMsgSize), (8 bytes).
    Removing cmsis_os2.o(.text.osMessageQueueGetCount), (102 bytes).
    Removing cmsis_os2.o(.ARM.exidx.text.osMessageQueueGetCount), (8 bytes).
    Removing cmsis_os2.o(.text.osMessageQueueGetSpace), (142 bytes).
    Removing cmsis_os2.o(.ARM.exidx.text.osMessageQueueGetSpace), (8 bytes).
    Removing cmsis_os2.o(.text.osMessageQueueReset), (104 bytes).
    Removing cmsis_os2.o(.ARM.exidx.text.osMessageQueueReset), (8 bytes).
    Removing cmsis_os2.o(.text.osMessageQueueDelete), (110 bytes).
    Removing cmsis_os2.o(.ARM.exidx.text.osMessageQueueDelete), (8 bytes).
    Removing cmsis_os2.o(.text.vApplicationIdleHook), (2 bytes).
    Removing cmsis_os2.o(.ARM.exidx.text.vApplicationIdleHook), (8 bytes).
    Removing cmsis_os2.o(.ARM.exidx.text.vApplicationGetIdleTaskMemory), (8 bytes).
    Removing cmsis_os2.o(.ARM.exidx.text.vApplicationGetTimerTaskMemory), (8 bytes).
    Removing cmsis_os2.o(.rodata.str1.1), (17 bytes).
    Removing heap_4.o(.text), (0 bytes).
    Removing heap_4.o(.ARM.exidx.text.pvPortMalloc), (8 bytes).
    Removing heap_4.o(.ARM.exidx.text.prvHeapInit), (8 bytes).
    Removing heap_4.o(.ARM.exidx.text.prvInsertBlockIntoFreeList), (8 bytes).
    Removing heap_4.o(.ARM.exidx.text.vPortFree), (8 bytes).
    Removing heap_4.o(.text.xPortGetFreeHeapSize), (12 bytes).
    Removing heap_4.o(.ARM.exidx.text.xPortGetFreeHeapSize), (8 bytes).
    Removing heap_4.o(.text.xPortGetMinimumEverFreeHeapSize), (12 bytes).
    Removing heap_4.o(.ARM.exidx.text.xPortGetMinimumEverFreeHeapSize), (8 bytes).
    Removing heap_4.o(.text.vPortInitialiseBlocks), (2 bytes).
    Removing heap_4.o(.ARM.exidx.text.vPortInitialiseBlocks), (8 bytes).
    Removing port.o(.text), (0 bytes).
    Removing port.o(.ARM.exidx.text.pxPortInitialiseStack), (8 bytes).
    Removing port.o(.ARM.exidx.text.prvTaskExitError), (8 bytes).
    Removing port.o(.ARM.exidx.text.SVC_Handler), (8 bytes).
    Removing port.o(.ARM.exidx.text.xPortStartScheduler), (8 bytes).
    Removing port.o(.ARM.exidx.text.vPortSetupTimerInterrupt), (8 bytes).
    Removing port.o(.ARM.exidx.text.prvPortStartFirstTask), (8 bytes).
    Removing port.o(.text.vPortEndScheduler), (46 bytes).
    Removing port.o(.ARM.exidx.text.vPortEndScheduler), (8 bytes).
    Removing port.o(.ARM.exidx.text.vPortEnterCritical), (8 bytes).
    Removing port.o(.ARM.exidx.text.vPortExitCritical), (8 bytes).
    Removing port.o(.ARM.exidx.text.PendSV_Handler), (8 bytes).
    Removing port.o(.ARM.exidx.text.SysTick_Handler), (8 bytes).
    Removing port.o(.ARM.exidx.text.vPortValidateInterruptPriority), (8 bytes).
    Removing system.o(.text), (0 bytes).
    Removing system.o(.text.fputc), (12 bytes).
    Removing system.o(.ARM.exidx.text.fputc), (8 bytes).
    Removing system.o(.ARM.exidx.text.sys_usb_printf), (8 bytes).
    Removing system.o(.text.sys_delay_us), (146 bytes).
    Removing system.o(.ARM.exidx.text.sys_delay_us), (8 bytes).
    Removing system.o(.text.sys_delay_ms), (146 bytes).
    Removing system.o(.ARM.exidx.text.sys_delay_ms), (8 bytes).
    Removing system.o(.text.sys_getSys_us), (70 bytes).
    Removing system.o(.ARM.exidx.text.sys_getSys_us), (8 bytes).
    Removing system.o(.text.sys_getSys_ms), (22 bytes).
    Removing system.o(.ARM.exidx.text.sys_getSys_ms), (8 bytes).
    Removing system.o(.text.sys_getSys_s), (22 bytes).
    Removing system.o(.ARM.exidx.text.sys_getSys_s), (8 bytes).
    Removing test.o(.text), (0 bytes).
    Removing test.o(.text.read_write_file), (176 bytes).
    Removing test.o(.ARM.exidx.text.read_write_file), (8 bytes).
    Removing test.o(.ARM.exidx.text.StartDefaultTask), (8 bytes).
    Removing test.o(.data.name), (5 bytes).
    Removing test.o(.data.docId), (5 bytes).
    Removing test.o(.bss.index), (2 bytes).
    Removing test.o(.bss.num), (4 bytes).
    Removing test.o(.bss.doc), (20 bytes).
    Removing test.o(.data.str), (7 bytes).
    Removing test.o(.bss.res), (1 bytes).
    Removing test.o(.bss.res1), (1 bytes).
    Removing test.o(.bss.res2), (4 bytes).
    Removing test.o(.bss.res3), (4 bytes).
    Removing test.o(.bss.res4), (4 bytes).
    Removing test.o(.bss.data), (20 bytes).
    Removing test.o(.bss.dataR), (20 bytes).
    Removing user_init.o(.text), (0 bytes).
    Removing user_init.o(.ARM.exidx.text.User_Init), (8 bytes).
    Removing user_key.o(.text), (0 bytes).
    Removing user_key.o(.ARM.exidx.text.Key_Event_CW), (8 bytes).
    Removing user_key.o(.ARM.exidx.text.Key_Event_CCW), (8 bytes).
    Removing user_key.o(.ARM.exidx.text.Key_Event_PUSH), (8 bytes).
    Removing user_key.o(.ARM.exidx.text.Key_Event_KEY1), (8 bytes).
    Removing user_key.o(.ARM.exidx.text.Key_Event_KEY2), (8 bytes).
    Removing user_key.o(.ARM.exidx.text.User_Key_Init), (8 bytes).
    Removing drv_init.o(.text), (0 bytes).
    Removing drv_init.o(.ARM.exidx.text.Drv_Init), (8 bytes).
    Removing drv_key.o(.text), (0 bytes).
    Removing drv_key.o(.ARM.exidx.text.Key_Read_cw), (8 bytes).
    Removing drv_key.o(.ARM.exidx.text.Key_Read_ccw), (8 bytes).
    Removing drv_key.o(.ARM.exidx.text.Key_Read_push), (8 bytes).
    Removing drv_key.o(.ARM.exidx.text.Key_Read_key1), (8 bytes).
    Removing drv_key.o(.ARM.exidx.text.Key_Read_key2), (8 bytes).
    Removing drv_key.o(.ARM.exidx.text.Drv_Key_Init), (8 bytes).
    Removing drv_lcd.o(.text), (0 bytes).
    Removing drv_lcd.o(.ARM.exidx.text.Drv_Lcd_CS), (8 bytes).
    Removing drv_lcd.o(.ARM.exidx.text.Drv_Lcd_A0), (8 bytes).
    Removing drv_lcd.o(.ARM.exidx.text.Drv_Lcd_LED), (8 bytes).
    Removing drv_lcd.o(.ARM.exidx.text.Drv_Lcd_RES), (8 bytes).
    Removing drv_lcd.o(.ARM.exidx.text.Drv_Lcd_Write), (8 bytes).
    Removing drv_lcd.o(.ARM.exidx.text.Drv_Lcd_Init), (8 bytes).
    Removing drv_led.o(.text), (0 bytes).
    Removing drv_led.o(.ARM.exidx.text.Led1_Write), (8 bytes).
    Removing drv_led.o(.ARM.exidx.text.Led2_Write), (8 bytes).
    Removing drv_led.o(.ARM.exidx.text.Led3_Write), (8 bytes).
    Removing drv_led.o(.ARM.exidx.text.Drv_Led_Init), (8 bytes).
    Removing drv_usart.o(.text), (0 bytes).
    Removing drv_usart.o(.ARM.exidx.text.Drv_Usart_Init), (8 bytes).
    Removing drv_usart.o(.ARM.exidx.text.Drv_Usart_Put), (8 bytes).
    Removing drv_usart.o(.text.Drv_Usart_Get), (58 bytes).
    Removing drv_usart.o(.ARM.exidx.text.Drv_Usart_Get), (8 bytes).
    Removing drv_usart.o(.ARM.exidx.text.HAL_UARTEx_RxEventCallback), (8 bytes).
    Removing drv_usb.o(.text), (0 bytes).
    Removing drv_usb.o(.ARM.exidx.text.Drv_Usb_Init), (8 bytes).
    Removing drv_usb.o(.ARM.exidx.text.Drv_Usb_RxCpltCallback), (8 bytes).
    Removing usb_device.o(.text), (0 bytes).
    Removing usb_device.o(.ARM.exidx.text.MX_USB_DEVICE_Init), (8 bytes).
    Removing usbd_cdc_if.o(.text), (0 bytes).
    Removing usbd_cdc_if.o(.ARM.exidx.text.CDC_Init_FS), (8 bytes).
    Removing usbd_cdc_if.o(.ARM.exidx.text.CDC_DeInit_FS), (8 bytes).
    Removing usbd_cdc_if.o(.ARM.exidx.text.CDC_Control_FS), (8 bytes).
    Removing usbd_cdc_if.o(.ARM.exidx.text.CDC_Receive_FS), (8 bytes).
    Removing usbd_cdc_if.o(.ARM.exidx.text.CDC_Transmit_FS), (8 bytes).
    Removing usbd_desc.o(.text), (0 bytes).
    Removing usbd_desc.o(.ARM.exidx.text.USBD_FS_DeviceDescriptor), (8 bytes).
    Removing usbd_desc.o(.ARM.exidx.text.USBD_FS_LangIDStrDescriptor), (8 bytes).
    Removing usbd_desc.o(.ARM.exidx.text.USBD_FS_ManufacturerStrDescriptor), (8 bytes).
    Removing usbd_desc.o(.ARM.exidx.text.USBD_FS_ProductStrDescriptor), (8 bytes).
    Removing usbd_desc.o(.ARM.exidx.text.USBD_FS_SerialStrDescriptor), (8 bytes).
    Removing usbd_desc.o(.ARM.exidx.text.USBD_FS_ConfigStrDescriptor), (8 bytes).
    Removing usbd_desc.o(.ARM.exidx.text.USBD_FS_InterfaceStrDescriptor), (8 bytes).
    Removing usbd_desc.o(.ARM.exidx.text.Get_SerialNum), (8 bytes).
    Removing usbd_desc.o(.ARM.exidx.text.IntToUnicode), (8 bytes).
    Removing usbd_conf.o(.text), (0 bytes).
    Removing usbd_conf.o(.ARM.exidx.text.HAL_PCD_SetupStageCallback), (8 bytes).
    Removing usbd_conf.o(.ARM.exidx.text.HAL_PCD_DataOutStageCallback), (8 bytes).
    Removing usbd_conf.o(.ARM.exidx.text.HAL_PCD_DataInStageCallback), (8 bytes).
    Removing usbd_conf.o(.ARM.exidx.text.HAL_PCD_SOFCallback), (8 bytes).
    Removing usbd_conf.o(.ARM.exidx.text.HAL_PCD_ResetCallback), (8 bytes).
    Removing usbd_conf.o(.ARM.exidx.text.HAL_PCD_SuspendCallback), (8 bytes).
    Removing usbd_conf.o(.ARM.exidx.text.HAL_PCD_ResumeCallback), (8 bytes).
    Removing usbd_conf.o(.text.HAL_PCD_ISOOUTIncompleteCallback), (28 bytes).
    Removing usbd_conf.o(.ARM.exidx.text.HAL_PCD_ISOOUTIncompleteCallback), (8 bytes).
    Removing usbd_conf.o(.text.HAL_PCD_ISOINIncompleteCallback), (28 bytes).
    Removing usbd_conf.o(.ARM.exidx.text.HAL_PCD_ISOINIncompleteCallback), (8 bytes).
    Removing usbd_conf.o(.text.HAL_PCD_ConnectCallback), (20 bytes).
    Removing usbd_conf.o(.ARM.exidx.text.HAL_PCD_ConnectCallback), (8 bytes).
    Removing usbd_conf.o(.text.HAL_PCD_DisconnectCallback), (20 bytes).
    Removing usbd_conf.o(.ARM.exidx.text.HAL_PCD_DisconnectCallback), (8 bytes).
    Removing usbd_conf.o(.text.USBD_LL_Init), (160 bytes).
    Removing usbd_conf.o(.ARM.exidx.text.USBD_LL_Init), (8 bytes).
    Removing usbd_conf.o(.text.USBD_LL_DeInit), (50 bytes).
    Removing usbd_conf.o(.ARM.exidx.text.USBD_LL_DeInit), (8 bytes).
    Removing usbd_conf.o(.ARM.exidx.text.USBD_Get_USB_Status), (8 bytes).
    Removing usbd_conf.o(.text.USBD_LL_Start), (50 bytes).
    Removing usbd_conf.o(.ARM.exidx.text.USBD_LL_Start), (8 bytes).
    Removing usbd_conf.o(.text.USBD_LL_Stop), (50 bytes).
    Removing usbd_conf.o(.ARM.exidx.text.USBD_LL_Stop), (8 bytes).
    Removing usbd_conf.o(.ARM.exidx.text.USBD_LL_OpenEP), (8 bytes).
    Removing usbd_conf.o(.ARM.exidx.text.USBD_LL_CloseEP), (8 bytes).
    Removing usbd_conf.o(.text.USBD_LL_FlushEP), (58 bytes).
    Removing usbd_conf.o(.ARM.exidx.text.USBD_LL_FlushEP), (8 bytes).
    Removing usbd_conf.o(.text.USBD_LL_StallEP), (58 bytes).
    Removing usbd_conf.o(.ARM.exidx.text.USBD_LL_StallEP), (8 bytes).
    Removing usbd_conf.o(.text.USBD_LL_ClearStallEP), (58 bytes).
    Removing usbd_conf.o(.ARM.exidx.text.USBD_LL_ClearStallEP), (8 bytes).
    Removing usbd_conf.o(.text.USBD_LL_IsStallEP), (92 bytes).
    Removing usbd_conf.o(.ARM.exidx.text.USBD_LL_IsStallEP), (8 bytes).
    Removing usbd_conf.o(.text.USBD_LL_SetUSBAddress), (58 bytes).
    Removing usbd_conf.o(.ARM.exidx.text.USBD_LL_SetUSBAddress), (8 bytes).
    Removing usbd_conf.o(.ARM.exidx.text.USBD_LL_Transmit), (8 bytes).
    Removing usbd_conf.o(.ARM.exidx.text.USBD_LL_PrepareReceive), (8 bytes).
    Removing usbd_conf.o(.ARM.exidx.text.USBD_LL_GetRxDataSize), (8 bytes).
    Removing usbd_conf.o(.text.USBD_LL_Delay), (16 bytes).
    Removing usbd_conf.o(.ARM.exidx.text.USBD_LL_Delay), (8 bytes).
    Removing usbd_conf.o(.ARM.exidx.text.USBD_static_malloc), (8 bytes).
    Removing usbd_conf.o(.ARM.exidx.text.USBD_static_free), (8 bytes).
    Removing usbd_conf.o(.text.HAL_PCDEx_SetConnectionState), (26 bytes).
    Removing usbd_conf.o(.ARM.exidx.text.HAL_PCDEx_SetConnectionState), (8 bytes).
    Removing hxzp_key.o(.text), (0 bytes).
    Removing hxzp_key.o(.ARM.exidx.text.StartKeyTask), (8 bytes).
    Removing hxzp_key.o(.ARM.exidx.text.hxzp_Key_init), (8 bytes).
    Removing hxzp_key.o(.text.hxzp_Key_Deinit), (18 bytes).
    Removing hxzp_key.o(.ARM.exidx.text.hxzp_Key_Deinit), (8 bytes).
    Removing hxzp_key.o(.ARM.exidx.text.hxzp_Key_eventReg), (8 bytes).
    Removing hxzp_key.o(.text.hxzp_Key_modifyConfig), (122 bytes).
    Removing hxzp_key.o(.ARM.exidx.text.hxzp_Key_modifyConfig), (8 bytes).
    Removing hxzp_key.o(.text.hxzp_Key_getValue), (88 bytes).
    Removing hxzp_key.o(.ARM.exidx.text.hxzp_Key_getValue), (8 bytes).
    Removing hxzp_led.o(.text), (0 bytes).
    Removing hxzp_led.o(.ARM.exidx.text.StartLedTask), (8 bytes).
    Removing hxzp_led.o(.ARM.exidx.text.hxzp_Led_init), (8 bytes).
    Removing hxzp_led.o(.text.hxzp_Led_Deinit), (18 bytes).
    Removing hxzp_led.o(.ARM.exidx.text.hxzp_Led_Deinit), (8 bytes).
    Removing hxzp_led.o(.text.hxzp_Led_set), (178 bytes).
    Removing hxzp_led.o(.ARM.exidx.text.hxzp_Led_set), (8 bytes).
    Removing hxzp_led.o(.text.hxzp_Led_insert), (232 bytes).
    Removing hxzp_led.o(.ARM.exidx.text.hxzp_Led_insert), (8 bytes).
    Removing hxzp_led.o(.ARM.exidx.text.hxzp_Led_piece), (8 bytes).
    Removing hxzp_list.o(.text), (0 bytes).
    Removing hxzp_list.o(.ARM.exidx.text.List_Create), (8 bytes).
    Removing hxzp_list.o(.ARM.exidx.text.List_Insert), (8 bytes).
    Removing hxzp_list.o(.text.List_InsertWithPos), (120 bytes).
    Removing hxzp_list.o(.ARM.exidx.text.List_InsertWithPos), (8 bytes).
    Removing hxzp_list.o(.text.List_Destroy), (76 bytes).
    Removing hxzp_list.o(.ARM.exidx.text.List_Destroy), (8 bytes).
    Removing hxzp_list.o(.text.List_GetLength), (52 bytes).
    Removing hxzp_list.o(.ARM.exidx.text.List_GetLength), (8 bytes).
    Removing hxzp_ringbuff.o(.text), (0 bytes).
    Removing hxzp_ringbuff.o(.ARM.exidx.text.ringbuff_init), (8 bytes).
    Removing hxzp_ringbuff.o(.text.ringbuff_getIsEmpty), (64 bytes).
    Removing hxzp_ringbuff.o(.ARM.exidx.text.ringbuff_getIsEmpty), (8 bytes).
    Removing hxzp_ringbuff.o(.ARM.exidx.text.ringbuff_getRemainingQuantity), (8 bytes).
    Removing hxzp_ringbuff.o(.text.ringbuff_getUsedQuantity), (16 bytes).
    Removing hxzp_ringbuff.o(.ARM.exidx.text.ringbuff_getUsedQuantity), (8 bytes).
    Removing hxzp_ringbuff.o(.ARM.exidx.text.ringbuff_put), (8 bytes).
    Removing hxzp_ringbuff.o(.text.ringbuff_get), (186 bytes).
    Removing hxzp_ringbuff.o(.ARM.exidx.text.ringbuff_get), (8 bytes).
    Removing hxzp_template.o(.text), (0 bytes).
    Removing hxzp_template.o(.text.StartNameTask), (16 bytes).
    Removing hxzp_template.o(.ARM.exidx.text.StartNameTask), (8 bytes).
    Removing hxzp_template.o(.text.hxzp_Name_init), (118 bytes).
    Removing hxzp_template.o(.ARM.exidx.text.hxzp_Name_init), (8 bytes).
    Removing hxzp_template.o(.rodata.str1.1), (9 bytes).
    Removing hxzp_template.o(.rodata.NameTask_attributes), (36 bytes).
    Removing hxzp_template.o(.bss.NameList), (4 bytes).
    Removing hxzp_template.o(.bss.NameTaskHandle), (4 bytes).
    Removing hxzp_st7789.o(.text), (0 bytes).
    Removing hxzp_st7789.o(.ARM.exidx.text.hxzp_st7789_TxLockGet), (8 bytes).
    Removing hxzp_st7789.o(.ARM.exidx.text.hxzp_st7789_TxLockRelease), (8 bytes).
    Removing hxzp_st7789.o(.ARM.exidx.text.hxzp_st7789_SetWindow), (8 bytes).
    Removing hxzp_st7789.o(.ARM.exidx.text.hxzp_st7789_Commad), (8 bytes).
    Removing hxzp_st7789.o(.ARM.exidx.text.hxzp_st7789_Data), (8 bytes).
    Removing hxzp_st7789.o(.ARM.exidx.text.hxzp_st7789_SetBackground), (8 bytes).
    Removing hxzp_st7789.o(.ARM.exidx.text.hxzp_st7789_Write), (8 bytes).
    Removing hxzp_st7789.o(.text.hxzp_st7789_SetTran), (246 bytes).
    Removing hxzp_st7789.o(.ARM.exidx.text.hxzp_st7789_SetTran), (8 bytes).
    Removing hxzp_st7789.o(.ARM.exidx.text.hxzp_st7789_SetPoint), (8 bytes).
    Removing hxzp_st7789.o(.text.hxzp_st7789_SetWord), (40 bytes).
    Removing hxzp_st7789.o(.ARM.exidx.text.hxzp_st7789_SetWord), (8 bytes).
    Removing hxzp_st7789.o(.ARM.exidx.text.hxzp_st7789_GetTcReg), (8 bytes).
    Removing hxzp_st7789.o(.ARM.exidx.text.hxzp_st7789_InitReg), (8 bytes).
    Removing hxzp_st7789.o(.ARM.exidx.text.StartLcdTask), (8 bytes).
    Removing hxzp_st7789.o(.ARM.exidx.text.hxzp_st7789_Init), (8 bytes).
    Removing hxzp_st7789.o(.ARM.exidx.text.hxzp_st7789_TxLockHold), (8 bytes).
    Removing hxzp_st7789.o(.ARM.exidx.text.hxzp_st7789_DelayMs), (8 bytes).
    Removing hxzp_st7789.o(.bss.color), (2 bytes).
    Removing hxzp_st7789.o(.bss.xs), (2 bytes).
    Removing hxzp_st7789.o(.bss.xe), (2 bytes).
    Removing hxzp_st7789.o(.bss.ys), (2 bytes).
    Removing hxzp_st7789.o(.bss.ye), (2 bytes).
    Removing cm_backtrace.o(.text), (0 bytes).
    Removing cm_backtrace.o(.ARM.exidx.text.cm_backtrace_init), (8 bytes).
    Removing cm_backtrace.o(.ARM.exidx.text.cm_backtrace_firmware_info), (8 bytes).
    Removing cm_backtrace.o(.text.cm_backtrace_call_stack_any), (176 bytes).
    Removing cm_backtrace.o(.ARM.exidx.text.cm_backtrace_call_stack_any), (8 bytes).
    Removing cm_backtrace.o(.ARM.exidx.text.disassembly_ins_is_bl_blx), (8 bytes).
    Removing cm_backtrace.o(.ARM.exidx.text.cm_backtrace_call_stack), (8 bytes).
    Removing cm_backtrace.o(.ARM.exidx.text.get_cur_thread_stack_info), (8 bytes).
    Removing cm_backtrace.o(.text.cm_backtrace_assert), (212 bytes).
    Removing cm_backtrace.o(.ARM.exidx.text.cm_backtrace_assert), (8 bytes).
    Removing cm_backtrace.o(.ARM.exidx.text.get_cur_thread_name), (8 bytes).
    Removing cm_backtrace.o(.ARM.exidx.text.print_call_stack), (8 bytes).
    Removing cm_backtrace.o(.ARM.exidx.text.cm_backtrace_fault), (8 bytes).
    Removing cm_backtrace.o(.ARM.exidx.text.fault_diagnosis), (8 bytes).
    Removing usbd_cdc.o(.text), (0 bytes).
    Removing usbd_cdc.o(.ARM.exidx.text.USBD_CDC_Init), (8 bytes).
    Removing usbd_cdc.o(.ARM.exidx.text.USBD_CDC_DeInit), (8 bytes).
    Removing usbd_cdc.o(.ARM.exidx.text.USBD_CDC_Setup), (8 bytes).
    Removing usbd_cdc.o(.ARM.exidx.text.USBD_CDC_EP0_RxReady), (8 bytes).
    Removing usbd_cdc.o(.ARM.exidx.text.USBD_CDC_DataIn), (8 bytes).
    Removing usbd_cdc.o(.ARM.exidx.text.USBD_CDC_DataOut), (8 bytes).
    Removing usbd_cdc.o(.ARM.exidx.text.USBD_CDC_GetHSCfgDesc), (8 bytes).
    Removing usbd_cdc.o(.ARM.exidx.text.USBD_CDC_GetFSCfgDesc), (8 bytes).
    Removing usbd_cdc.o(.ARM.exidx.text.USBD_CDC_GetOtherSpeedCfgDesc), (8 bytes).
    Removing usbd_cdc.o(.ARM.exidx.text.USBD_CDC_GetDeviceQualifierDescriptor), (8 bytes).
    Removing usbd_cdc.o(.ARM.exidx.text.USBD_CDC_RegisterInterface), (8 bytes).
    Removing usbd_cdc.o(.ARM.exidx.text.USBD_CDC_SetTxBuffer), (8 bytes).
    Removing usbd_cdc.o(.ARM.exidx.text.USBD_CDC_SetRxBuffer), (8 bytes).
    Removing usbd_cdc.o(.ARM.exidx.text.USBD_CDC_TransmitPacket), (8 bytes).
    Removing usbd_cdc.o(.ARM.exidx.text.USBD_CDC_ReceivePacket), (8 bytes).
    Removing bsp_driver_sd.o(.text), (0 bytes).
    Removing bsp_driver_sd.o(.ARM.exidx.text.BSP_SD_Init), (8 bytes).
    Removing bsp_driver_sd.o(.ARM.exidx.text.BSP_SD_IsDetected), (8 bytes).
    Removing bsp_driver_sd.o(.text.BSP_SD_ITConfig), (4 bytes).
    Removing bsp_driver_sd.o(.ARM.exidx.text.BSP_SD_ITConfig), (8 bytes).
    Removing bsp_driver_sd.o(.text.BSP_SD_DetectIT), (2 bytes).
    Removing bsp_driver_sd.o(.ARM.exidx.text.BSP_SD_DetectIT), (8 bytes).
    Removing bsp_driver_sd.o(.ARM.exidx.text.BSP_SD_ReadBlocks), (8 bytes).
    Removing bsp_driver_sd.o(.ARM.exidx.text.BSP_SD_WriteBlocks), (8 bytes).
    Removing bsp_driver_sd.o(.text.BSP_SD_ReadBlocks_DMA), (54 bytes).
    Removing bsp_driver_sd.o(.ARM.exidx.text.BSP_SD_ReadBlocks_DMA), (8 bytes).
    Removing bsp_driver_sd.o(.text.BSP_SD_WriteBlocks_DMA), (54 bytes).
    Removing bsp_driver_sd.o(.ARM.exidx.text.BSP_SD_WriteBlocks_DMA), (8 bytes).
    Removing bsp_driver_sd.o(.text.BSP_SD_Erase), (50 bytes).
    Removing bsp_driver_sd.o(.ARM.exidx.text.BSP_SD_Erase), (8 bytes).
    Removing bsp_driver_sd.o(.ARM.exidx.text.BSP_SD_GetCardState), (8 bytes).
    Removing bsp_driver_sd.o(.ARM.exidx.text.BSP_SD_GetCardInfo), (8 bytes).
    Removing bsp_driver_sd.o(.text.HAL_SD_AbortCallback), (14 bytes).
    Removing bsp_driver_sd.o(.ARM.exidx.text.HAL_SD_AbortCallback), (8 bytes).
    Removing bsp_driver_sd.o(.text.BSP_SD_AbortCallback), (2 bytes).
    Removing bsp_driver_sd.o(.ARM.exidx.text.BSP_SD_AbortCallback), (8 bytes).
    Removing bsp_driver_sd.o(.text.HAL_SD_TxCpltCallback), (14 bytes).
    Removing bsp_driver_sd.o(.ARM.exidx.text.HAL_SD_TxCpltCallback), (8 bytes).
    Removing bsp_driver_sd.o(.text.BSP_SD_WriteCpltCallback), (2 bytes).
    Removing bsp_driver_sd.o(.ARM.exidx.text.BSP_SD_WriteCpltCallback), (8 bytes).
    Removing bsp_driver_sd.o(.text.HAL_SD_RxCpltCallback), (14 bytes).
    Removing bsp_driver_sd.o(.ARM.exidx.text.HAL_SD_RxCpltCallback), (8 bytes).
    Removing bsp_driver_sd.o(.text.BSP_SD_ReadCpltCallback), (2 bytes).
    Removing bsp_driver_sd.o(.ARM.exidx.text.BSP_SD_ReadCpltCallback), (8 bytes).
    Removing fatfs.o(.text), (0 bytes).
    Removing fatfs.o(.ARM.exidx.text.MX_FATFS_Init), (8 bytes).
    Removing fatfs.o(.text.get_fattime), (4 bytes).
    Removing fatfs.o(.ARM.exidx.text.get_fattime), (8 bytes).
    Removing fatfs.o(.bss.SDFatFS), (564 bytes).
    Removing fatfs.o(.bss.SDFile), (556 bytes).
    Removing diskio.o(.text), (0 bytes).
    Removing diskio.o(.text.disk_status), (46 bytes).
    Removing diskio.o(.ARM.exidx.text.disk_status), (8 bytes).
    Removing diskio.o(.text.disk_initialize), (80 bytes).
    Removing diskio.o(.ARM.exidx.text.disk_initialize), (8 bytes).
    Removing diskio.o(.text.disk_read), (60 bytes).
    Removing diskio.o(.ARM.exidx.text.disk_read), (8 bytes).
    Removing diskio.o(.text.disk_write), (60 bytes).
    Removing diskio.o(.ARM.exidx.text.disk_write), (8 bytes).
    Removing diskio.o(.text.disk_ioctl), (58 bytes).
    Removing diskio.o(.ARM.exidx.text.disk_ioctl), (8 bytes).
    Removing diskio.o(.text.get_fattime), (4 bytes).
    Removing diskio.o(.ARM.exidx.text.get_fattime), (8 bytes).
    Removing ff.o(.text), (0 bytes).
    Removing ff.o(.text.clust2sect), (60 bytes).
    Removing ff.o(.ARM.exidx.text.clust2sect), (8 bytes).
    Removing ff.o(.text.get_fat), (302 bytes).
    Removing ff.o(.ARM.exidx.text.get_fat), (8 bytes).
    Removing ff.o(.text.move_window), (98 bytes).
    Removing ff.o(.ARM.exidx.text.move_window), (8 bytes).
    Removing ff.o(.text.put_fat), (466 bytes).
    Removing ff.o(.ARM.exidx.text.put_fat), (8 bytes).
    Removing ff.o(.text.f_mount), (226 bytes).
    Removing ff.o(.ARM.exidx.text.f_mount), (8 bytes).
    Removing ff.o(.text.get_ldnumber), (168 bytes).
    Removing ff.o(.ARM.exidx.text.get_ldnumber), (8 bytes).
    Removing ff.o(.text.clear_lock), (80 bytes).
    Removing ff.o(.ARM.exidx.text.clear_lock), (8 bytes).
    Removing ff.o(.text.find_volume), (1268 bytes).
    Removing ff.o(.ARM.exidx.text.find_volume), (8 bytes).
    Removing ff.o(.text.unlock_fs), (72 bytes).
    Removing ff.o(.ARM.exidx.text.unlock_fs), (8 bytes).
    Removing ff.o(.text.f_open), (790 bytes).
    Removing ff.o(.ARM.exidx.text.f_open), (8 bytes).
    Removing ff.o(.text.follow_path), (240 bytes).
    Removing ff.o(.ARM.exidx.text.follow_path), (8 bytes).
    Removing ff.o(.text.chk_lock), (278 bytes).
    Removing ff.o(.ARM.exidx.text.chk_lock), (8 bytes).
    Removing ff.o(.text.enq_lock), (78 bytes).
    Removing ff.o(.ARM.exidx.text.enq_lock), (8 bytes).
    Removing ff.o(.text.dir_register), (544 bytes).
    Removing ff.o(.ARM.exidx.text.dir_register), (8 bytes).
    Removing ff.o(.text.ld_clust), (50 bytes).
    Removing ff.o(.ARM.exidx.text.ld_clust), (8 bytes).
    Removing ff.o(.text.st_clust), (40 bytes).
    Removing ff.o(.ARM.exidx.text.st_clust), (8 bytes).
    Removing ff.o(.text.remove_chain), (190 bytes).
    Removing ff.o(.ARM.exidx.text.remove_chain), (8 bytes).
    Removing ff.o(.text.inc_lock), (400 bytes).
    Removing ff.o(.ARM.exidx.text.inc_lock), (8 bytes).
    Removing ff.o(.text.f_read), (892 bytes).
    Removing ff.o(.ARM.exidx.text.f_read), (8 bytes).
    Removing ff.o(.text.validate), (126 bytes).
    Removing ff.o(.ARM.exidx.text.validate), (8 bytes).
    Removing ff.o(.text.clmt_clust), (106 bytes).
    Removing ff.o(.ARM.exidx.text.clmt_clust), (8 bytes).
    Removing ff.o(.text.mem_cpy), (50 bytes).
    Removing ff.o(.ARM.exidx.text.mem_cpy), (8 bytes).
    Removing ff.o(.text.f_write), (1008 bytes).
    Removing ff.o(.ARM.exidx.text.f_write), (8 bytes).
    Removing ff.o(.text.create_chain), (354 bytes).
    Removing ff.o(.ARM.exidx.text.create_chain), (8 bytes).
    Removing ff.o(.text.f_sync), (344 bytes).
    Removing ff.o(.ARM.exidx.text.f_sync), (8 bytes).
    Removing ff.o(.text.sync_fs), (286 bytes).
    Removing ff.o(.ARM.exidx.text.sync_fs), (8 bytes).
    Removing ff.o(.text.f_close), (102 bytes).
    Removing ff.o(.ARM.exidx.text.f_close), (8 bytes).
    Removing ff.o(.text.dec_lock), (158 bytes).
    Removing ff.o(.ARM.exidx.text.dec_lock), (8 bytes).
    Removing ff.o(.text.f_lseek), (1484 bytes).
    Removing ff.o(.ARM.exidx.text.f_lseek), (8 bytes).
    Removing ff.o(.text.f_opendir), (360 bytes).
    Removing ff.o(.ARM.exidx.text.f_opendir), (8 bytes).
    Removing ff.o(.text.dir_sdi), (328 bytes).
    Removing ff.o(.ARM.exidx.text.dir_sdi), (8 bytes).
    Removing ff.o(.text.f_closedir), (94 bytes).
    Removing ff.o(.ARM.exidx.text.f_closedir), (8 bytes).
    Removing ff.o(.text.f_readdir), (236 bytes).
    Removing ff.o(.ARM.exidx.text.f_readdir), (8 bytes).
    Removing ff.o(.text.dir_read), (390 bytes).
    Removing ff.o(.ARM.exidx.text.dir_read), (8 bytes).
    Removing ff.o(.text.get_fileinfo), (422 bytes).
    Removing ff.o(.ARM.exidx.text.get_fileinfo), (8 bytes).
    Removing ff.o(.text.dir_next), (518 bytes).
    Removing ff.o(.ARM.exidx.text.dir_next), (8 bytes).
    Removing ff.o(.text.f_stat), (170 bytes).
    Removing ff.o(.ARM.exidx.text.f_stat), (8 bytes).
    Removing ff.o(.text.f_getfree), (394 bytes).
    Removing ff.o(.ARM.exidx.text.f_getfree), (8 bytes).
    Removing ff.o(.text.f_truncate), (414 bytes).
    Removing ff.o(.ARM.exidx.text.f_truncate), (8 bytes).
    Removing ff.o(.text.f_unlink), (422 bytes).
    Removing ff.o(.ARM.exidx.text.f_unlink), (8 bytes).
    Removing ff.o(.text.dir_remove), (204 bytes).
    Removing ff.o(.ARM.exidx.text.dir_remove), (8 bytes).
    Removing ff.o(.text.f_mkdir), (612 bytes).
    Removing ff.o(.ARM.exidx.text.f_mkdir), (8 bytes).
    Removing ff.o(.text.sync_window), (152 bytes).
    Removing ff.o(.ARM.exidx.text.sync_window), (8 bytes).
    Removing ff.o(.text.mem_set), (40 bytes).
    Removing ff.o(.ARM.exidx.text.mem_set), (8 bytes).
    Removing ff.o(.text.f_chmod), (216 bytes).
    Removing ff.o(.ARM.exidx.text.f_chmod), (8 bytes).
    Removing ff.o(.text.f_rename), (534 bytes).
    Removing ff.o(.ARM.exidx.text.f_rename), (8 bytes).
    Removing ff.o(.text.f_utime), (210 bytes).
    Removing ff.o(.ARM.exidx.text.f_utime), (8 bytes).
    Removing ff.o(.text.f_mkfs), (2176 bytes).
    Removing ff.o(.ARM.exidx.text.f_mkfs), (8 bytes).
    Removing ff.o(.text.f_gets), (138 bytes).
    Removing ff.o(.ARM.exidx.text.f_gets), (8 bytes).
    Removing ff.o(.text.f_putc), (88 bytes).
    Removing ff.o(.ARM.exidx.text.f_putc), (8 bytes).
    Removing ff.o(.text.putc_bfd), (122 bytes).
    Removing ff.o(.ARM.exidx.text.putc_bfd), (8 bytes).
    Removing ff.o(.text.f_puts), (102 bytes).
    Removing ff.o(.ARM.exidx.text.f_puts), (8 bytes).
    Removing ff.o(.text.f_printf), (1026 bytes).
    Removing ff.o(.ARM.exidx.text.f_printf), (8 bytes).
    Removing ff.o(.text.lock_fs), (20 bytes).
    Removing ff.o(.ARM.exidx.text.lock_fs), (8 bytes).
    Removing ff.o(.text.check_fs), (192 bytes).
    Removing ff.o(.ARM.exidx.text.check_fs), (8 bytes).
    Removing ff.o(.text.create_name), (1218 bytes).
    Removing ff.o(.ARM.exidx.text.create_name), (8 bytes).
    Removing ff.o(.text.dir_find), (452 bytes).
    Removing ff.o(.ARM.exidx.text.dir_find), (8 bytes).
    Removing ff.o(.text.chk_chr), (60 bytes).
    Removing ff.o(.ARM.exidx.text.chk_chr), (8 bytes).
    Removing ff.o(.text.cmp_lfn), (218 bytes).
    Removing ff.o(.ARM.exidx.text.cmp_lfn), (8 bytes).
    Removing ff.o(.text.sum_sfn), (62 bytes).
    Removing ff.o(.ARM.exidx.text.sum_sfn), (8 bytes).
    Removing ff.o(.text.mem_cmp), (82 bytes).
    Removing ff.o(.ARM.exidx.text.mem_cmp), (8 bytes).
    Removing ff.o(.text.gen_numname), (374 bytes).
    Removing ff.o(.ARM.exidx.text.gen_numname), (8 bytes).
    Removing ff.o(.text.dir_alloc), (164 bytes).
    Removing ff.o(.ARM.exidx.text.dir_alloc), (8 bytes).
    Removing ff.o(.text.fit_lfn), (212 bytes).
    Removing ff.o(.ARM.exidx.text.fit_lfn), (8 bytes).
    Removing ff.o(.text.pick_lfn), (192 bytes).
    Removing ff.o(.ARM.exidx.text.pick_lfn), (8 bytes).
    Removing ff.o(.bss.FatFs), (4 bytes).
    Removing ff.o(.rodata.f_mkfs.vst), (22 bytes).
    Removing ff.o(.rodata.f_mkfs.cst), (22 bytes).
    Removing ff.o(.rodata.str1.1), (68 bytes).
    Removing ff.o(.bss.Files), (24 bytes).
    Removing ff.o(.bss.Fsid), (2 bytes).
    Removing ff.o(.rodata.LfnOfs), (13 bytes).
    Removing ff_gen_drv.o(.text), (0 bytes).
    Removing ff_gen_drv.o(.ARM.exidx.text.FATFS_LinkDriverEx), (8 bytes).
    Removing ff_gen_drv.o(.ARM.exidx.text.FATFS_LinkDriver), (8 bytes).
    Removing ff_gen_drv.o(.text.FATFS_UnLinkDriverEx), (118 bytes).
    Removing ff_gen_drv.o(.ARM.exidx.text.FATFS_UnLinkDriverEx), (8 bytes).
    Removing ff_gen_drv.o(.text.FATFS_UnLinkDriver), (18 bytes).
    Removing ff_gen_drv.o(.ARM.exidx.text.FATFS_UnLinkDriver), (8 bytes).
    Removing ff_gen_drv.o(.text.FATFS_GetAttachedDriversNbr), (12 bytes).
    Removing ff_gen_drv.o(.ARM.exidx.text.FATFS_GetAttachedDriversNbr), (8 bytes).
    Removing syscall.o(.text), (0 bytes).
    Removing syscall.o(.text.ff_cre_syncobj), (66 bytes).
    Removing syscall.o(.ARM.exidx.text.ff_cre_syncobj), (8 bytes).
    Removing syscall.o(.text.ff_del_syncobj), (18 bytes).
    Removing syscall.o(.ARM.exidx.text.ff_del_syncobj), (8 bytes).
    Removing syscall.o(.text.ff_req_grant), (36 bytes).
    Removing syscall.o(.ARM.exidx.text.ff_req_grant), (8 bytes).
    Removing syscall.o(.text.ff_rel_grant), (16 bytes).
    Removing syscall.o(.ARM.exidx.text.ff_rel_grant), (8 bytes).
    Removing syscall.o(.text.ff_memalloc), (16 bytes).
    Removing syscall.o(.ARM.exidx.text.ff_memalloc), (8 bytes).
    Removing syscall.o(.text.ff_memfree), (16 bytes).
    Removing syscall.o(.ARM.exidx.text.ff_memfree), (8 bytes).
    Removing syscall.o(.bss.ff_cre_syncobj.os_semaphore_cb_SEM), (80 bytes).
    Removing syscall.o(.rodata..L__const.ff_cre_syncobj.os_semaphore_def_SEM), (16 bytes).
    Removing cc936.o(.text), (0 bytes).
    Removing cc936.o(.text.ff_convert), (204 bytes).
    Removing cc936.o(.ARM.exidx.text.ff_convert), (8 bytes).
    Removing cc936.o(.text.ff_wtoupper), (132 bytes).
    Removing cc936.o(.ARM.exidx.text.ff_wtoupper), (8 bytes).
    Removing cc936.o(.rodata.oem2uni), (87172 bytes).
    Removing cc936.o(.rodata.uni2oem), (87172 bytes).
    Removing cc936.o(.rodata.ff_wtoupper.tbl_lower), (480 bytes).
    Removing cc936.o(.rodata.ff_wtoupper.tbl_upper), (480 bytes).
    Removing sd_diskio.o(.text), (0 bytes).
    Removing sd_diskio.o(.ARM.exidx.text.SD_initialize), (8 bytes).
    Removing sd_diskio.o(.ARM.exidx.text.SD_status), (8 bytes).
    Removing sd_diskio.o(.ARM.exidx.text.SD_read), (8 bytes).
    Removing sd_diskio.o(.ARM.exidx.text.SD_write), (8 bytes).
    Removing sd_diskio.o(.ARM.exidx.text.SD_ioctl), (8 bytes).
    Removing eventrecorder.o(.text), (0 bytes).
    Removing eventrecorder.o(.text.EventRecorderTimerSetup), (36 bytes).
    Removing eventrecorder.o(.ARM.exidx.text.EventRecorderTimerSetup), (8 bytes).
    Removing eventrecorder.o(.text.EventRecorderTimerGetFreq), (12 bytes).
    Removing eventrecorder.o(.ARM.exidx.text.EventRecorderTimerGetFreq), (8 bytes).
    Removing eventrecorder.o(.text.EventRecorderTimerGetCount), (12 bytes).
    Removing eventrecorder.o(.ARM.exidx.text.EventRecorderTimerGetCount), (8 bytes).
    Removing eventrecorder.o(.text.EventRecorderInitialize), (450 bytes).
    Removing eventrecorder.o(.ARM.exidx.text.EventRecorderInitialize), (8 bytes).
    Removing eventrecorder.o(.text.crc16_ccitt), (130 bytes).
    Removing eventrecorder.o(.ARM.exidx.text.crc16_ccitt), (8 bytes).
    Removing eventrecorder.o(.text.EventRecorderEnable), (146 bytes).
    Removing eventrecorder.o(.ARM.exidx.text.EventRecorderEnable), (8 bytes).
    Removing eventrecorder.o(.text.EventGetTS), (90 bytes).
    Removing eventrecorder.o(.ARM.exidx.text.EventGetTS), (8 bytes).
    Removing eventrecorder.o(.text.EventRecordItem), (254 bytes).
    Removing eventrecorder.o(.ARM.exidx.text.EventRecordItem), (8 bytes).
    Removing eventrecorder.o(.text.EventRecorderStart), (74 bytes).
    Removing eventrecorder.o(.ARM.exidx.text.EventRecorderStart), (8 bytes).
    Removing eventrecorder.o(.text.EventRecorderDisable), (146 bytes).
    Removing eventrecorder.o(.ARM.exidx.text.EventRecorderDisable), (8 bytes).
    Removing eventrecorder.o(.text.EventRecorderStop), (74 bytes).
    Removing eventrecorder.o(.ARM.exidx.text.EventRecorderStop), (8 bytes).
    Removing eventrecorder.o(.text.EventRecorderClockUpdate), (54 bytes).
    Removing eventrecorder.o(.ARM.exidx.text.EventRecorderClockUpdate), (8 bytes).
    Removing eventrecorder.o(.text.EventRecordData), (388 bytes).
    Removing eventrecorder.o(.ARM.exidx.text.EventRecordData), (8 bytes).
    Removing eventrecorder.o(.text.EventCheckFilter), (60 bytes).
    Removing eventrecorder.o(.ARM.exidx.text.EventCheckFilter), (8 bytes).
    Removing eventrecorder.o(.text.GetContext), (18 bytes).
    Removing eventrecorder.o(.ARM.exidx.text.GetContext), (8 bytes).
    Removing eventrecorder.o(.text.EventRecord2), (90 bytes).
    Removing eventrecorder.o(.ARM.exidx.text.EventRecord2), (8 bytes).
    Removing eventrecorder.o(.text.EventRecord4), (150 bytes).
    Removing eventrecorder.o(.ARM.exidx.text.EventRecord4), (8 bytes).
    Removing eventrecorder.o(.text.LockTS_Overflow), (18 bytes).
    Removing eventrecorder.o(.ARM.exidx.text.LockTS_Overflow), (8 bytes).
    Removing eventrecorder.o(.text.UnlockTS_Overflow), (18 bytes).
    Removing eventrecorder.o(.ARM.exidx.text.UnlockTS_Overflow), (8 bytes).
    Removing eventrecorder.o(.text.UpdateTS), (26 bytes).
    Removing eventrecorder.o(.ARM.exidx.text.UpdateTS), (8 bytes).
    Removing eventrecorder.o(.text.atomic_wr8), (40 bytes).
    Removing eventrecorder.o(.ARM.exidx.text.atomic_wr8), (8 bytes).
    Removing eventrecorder.o(.text.atomic_wr32), (32 bytes).
    Removing eventrecorder.o(.ARM.exidx.text.atomic_wr32), (8 bytes).
    Removing eventrecorder.o(.text.GetRecordIndex), (18 bytes).
    Removing eventrecorder.o(.ARM.exidx.text.GetRecordIndex), (8 bytes).
    Removing eventrecorder.o(.text.LockRecord), (54 bytes).
    Removing eventrecorder.o(.ARM.exidx.text.LockRecord), (8 bytes).
    Removing eventrecorder.o(.text.UnlockRecord), (50 bytes).
    Removing eventrecorder.o(.ARM.exidx.text.UnlockRecord), (8 bytes).
    Removing eventrecorder.o(.text.IncrementRecordsWritten), (18 bytes).
    Removing eventrecorder.o(.ARM.exidx.text.IncrementRecordsWritten), (8 bytes).
    Removing eventrecorder.o(.text.IncrementRecordsDumped), (18 bytes).
    Removing eventrecorder.o(.ARM.exidx.text.IncrementRecordsDumped), (8 bytes).
    Removing eventrecorder.o(.text.atomic_inc32), (32 bytes).
    Removing eventrecorder.o(.ARM.exidx.text.atomic_inc32), (8 bytes).
    Removing eventrecorder.o(.text.atomic_inc8), (36 bytes).
    Removing eventrecorder.o(.ARM.exidx.text.atomic_inc8), (8 bytes).
    Removing eventrecorder.o(.bss.TS_OverflowLock), (1 bytes).

2097 unused section(s) (total 309147 bytes) removed from the image.
