Component: Arm Compiler for Embedded 6.19 Tool: armlink [5e73cb00]

==============================================================================

Section Cross References

    startup_stm32f103xe.o(RESET) refers to startup_stm32f103xe.o(STACK) for __initial_sp
    startup_stm32f103xe.o(RESET) refers to startup_stm32f103xe.o(.text) for Reset_Handler
    startup_stm32f103xe.o(RESET) refers to stm32f1xx_it.o(.text.NMI_Handler) for NMI_Handler
    startup_stm32f103xe.o(RESET) refers to cmb_fault.o(.text) for HardFault_Handler
    startup_stm32f103xe.o(RESET) refers to stm32f1xx_it.o(.text.MemManage_Handler) for MemManage_Handler
    startup_stm32f103xe.o(RESET) refers to stm32f1xx_it.o(.text.BusFault_Handler) for BusFault_Handler
    startup_stm32f103xe.o(RESET) refers to stm32f1xx_it.o(.text.UsageFault_Handler) for UsageFault_Handler
    startup_stm32f103xe.o(RESET) refers to port.o(.text.SVC_Handler) for SVC_Handler
    startup_stm32f103xe.o(RESET) refers to stm32f1xx_it.o(.text.DebugMon_Handler) for DebugMon_Handler
    startup_stm32f103xe.o(RESET) refers to port.o(.text.PendSV_Handler) for PendSV_Handler
    startup_stm32f103xe.o(RESET) refers to port.o(.text.SysTick_Handler) for SysTick_Handler
    startup_stm32f103xe.o(RESET) refers to stm32f1xx_it.o(.text.DMA1_Channel3_IRQHandler) for DMA1_Channel3_IRQHandler
    startup_stm32f103xe.o(RESET) refers to stm32f1xx_it.o(.text.DMA1_Channel6_IRQHandler) for DMA1_Channel6_IRQHandler
    startup_stm32f103xe.o(RESET) refers to stm32f1xx_it.o(.text.DMA1_Channel7_IRQHandler) for DMA1_Channel7_IRQHandler
    startup_stm32f103xe.o(RESET) refers to stm32f1xx_it.o(.text.USB_LP_CAN1_RX0_IRQHandler) for USB_LP_CAN1_RX0_IRQHandler
    startup_stm32f103xe.o(RESET) refers to stm32f1xx_it.o(.text.USART3_IRQHandler) for USART3_IRQHandler
    startup_stm32f103xe.o(RESET) refers to stm32f1xx_it.o(.text.TIM8_UP_IRQHandler) for TIM8_UP_IRQHandler
    startup_stm32f103xe.o(.text) refers to system_stm32f1xx.o(.text.SystemInit) for SystemInit
    startup_stm32f103xe.o(.text) refers to entry.o(.ARM.Collect$$$$00000000) for __main
    main.o(.text.main) refers to stm32f1xx_hal.o(.text.HAL_Init) for HAL_Init
    main.o(.text.main) refers to main.o(.text.SystemClock_Config) for SystemClock_Config
    main.o(.text.main) refers to gpio.o(.text.MX_GPIO_Init) for MX_GPIO_Init
    main.o(.text.main) refers to dma.o(.text.MX_DMA_Init) for MX_DMA_Init
    main.o(.text.main) refers to spi.o(.text.MX_SPI1_Init) for MX_SPI1_Init
    main.o(.text.main) refers to sdio.o(.text.MX_SDIO_SD_Init) for MX_SDIO_SD_Init
    main.o(.text.main) refers to fatfs.o(.text.MX_FATFS_Init) for MX_FATFS_Init
    main.o(.text.main) refers to usart.o(.text.MX_USART3_UART_Init) for MX_USART3_UART_Init
    main.o(.text.main) refers to usart.o(.text.MX_USART2_UART_Init) for MX_USART2_UART_Init
    main.o(.text.main) refers to usb.o(.text.MX_USB_PCD_Init) for MX_USB_PCD_Init
    main.o(.text.main) refers to drv_init.o(.text.Drv_Init) for Drv_Init
    main.o(.text.main) refers to user_init.o(.text.User_Init) for User_Init
    main.o(.text.main) refers to cmsis_os2.o(.text.osKernelInitialize) for osKernelInitialize
    main.o(.text.main) refers to freertos.o(.text.MX_FREERTOS_Init) for MX_FREERTOS_Init
    main.o(.text.main) refers to cmsis_os2.o(.text.osKernelStart) for osKernelStart
    main.o(.ARM.exidx.text.main) refers to main.o(.text.main) for [Anonymous Symbol]
    main.o(.text.SystemClock_Config) refers to memseta.o(.text) for __aeabi_memclr4
    main.o(.text.SystemClock_Config) refers to stm32f1xx_hal_rcc.o(.text.HAL_RCC_OscConfig) for HAL_RCC_OscConfig
    main.o(.text.SystemClock_Config) refers to stm32f1xx_hal_rcc.o(.text.HAL_RCC_ClockConfig) for HAL_RCC_ClockConfig
    main.o(.text.SystemClock_Config) refers to stm32f1xx_hal_rcc_ex.o(.text.HAL_RCCEx_PeriphCLKConfig) for HAL_RCCEx_PeriphCLKConfig
    main.o(.ARM.exidx.text.SystemClock_Config) refers to main.o(.text.SystemClock_Config) for [Anonymous Symbol]
    main.o(.ARM.exidx.text.Error_Handler) refers to main.o(.text.Error_Handler) for [Anonymous Symbol]
    main.o(.text.HAL_TIM_PeriodElapsedCallback) refers to stm32f1xx_hal.o(.text.HAL_IncTick) for HAL_IncTick
    main.o(.ARM.exidx.text.HAL_TIM_PeriodElapsedCallback) refers to main.o(.text.HAL_TIM_PeriodElapsedCallback) for [Anonymous Symbol]
    gpio.o(.text.MX_GPIO_Init) refers to stm32f1xx_hal_gpio.o(.text.HAL_GPIO_WritePin) for HAL_GPIO_WritePin
    gpio.o(.text.MX_GPIO_Init) refers to stm32f1xx_hal_gpio.o(.text.HAL_GPIO_Init) for HAL_GPIO_Init
    gpio.o(.ARM.exidx.text.MX_GPIO_Init) refers to gpio.o(.text.MX_GPIO_Init) for [Anonymous Symbol]
    freertos.o(.text.MX_FREERTOS_Init) refers to test.o(.text.StartDefaultTask) for StartDefaultTask
    freertos.o(.text.MX_FREERTOS_Init) refers to freertos.o(.rodata.defaultTask_attributes) for defaultTask_attributes
    freertos.o(.text.MX_FREERTOS_Init) refers to cmsis_os2.o(.text.osThreadNew) for osThreadNew
[...]
    LCD                                      0x20001548   Data        6508  hxzp_st7789.o(.bss.LCD)
    LcdTaskHandle                            0x20002eb4   Data           4  hxzp_st7789.o(.bss.LcdTaskHandle)
    LedTaskHandle                            0x20002ebc   Data           4  hxzp_led.o(.bss.LedTaskHandle)
    SDFatFS                                  0x20002ec0   Data         564  fatfs.o(.bss.SDFatFS)
    SDFile                                   0x200030f4   Data         556  fatfs.o(.bss.SDFile)
    SDPath                                   0x20003320   Data           4  fatfs.o(.bss.SDPath)
    USBD_StrDesc                             0x20003788   Data         512  usbd_desc.o(.bss.USBD_StrDesc)
    UserRxBufferFS                           0x20003988   Data        1024  usbd_cdc_if.o(.bss.UserRxBufferFS)
    UserTxBufferFS                           0x20003d88   Data        1024  usbd_cdc_if.o(.bss.UserTxBufferFS)
    corlo                                    0x200042b0   Data           2  test.o(.bss.corlo)
    defaultTaskHandle                        0x200042b4   Data           4  freertos.o(.bss.defaultTaskHandle)
    disk                                     0x200042b8   Data          12  ff_gen_drv.o(.bss.disk)
    hUsbDeviceFS                             0x20004338   Data         668  usb_device.o(.bss.hUsbDeviceFS)
    hdma_spi1_tx                             0x200045d4   Data          68  spi.o(.bss.hdma_spi1_tx)
    hdma_usart2_rx                           0x20004618   Data          68  usart.o(.bss.hdma_usart2_rx)
    hdma_usart2_tx                           0x2000465c   Data          68  usart.o(.bss.hdma_usart2_tx)
    hpcd_USB_FS                              0x200046a0   Data         752  usb.o(.bss.hpcd_USB_FS)
    hsd                                      0x20004990   Data         132  sdio.o(.bss.hsd)
    hspi1                                    0x20004a14   Data          88  spi.o(.bss.hspi1)
    htim8                                    0x20004a6c   Data          72  stm32f1xx_hal_timebase_tim.o(.bss.htim8)
    huart2                                   0x20004ab4   Data          72  usart.o(.bss.huart2)
    huart3                                   0x20004afc   Data          72  usart.o(.bss.huart3)
    pxCurrentTCB                             0x2000511c   Data           4  tasks.o(.bss.pxCurrentTCB)
    res                                      0x200055d8   Data           1  test.o(.bss.res)
    retSD                                    0x200055d9   Data           1  fatfs.o(.bss.retSD)
    u8usbMode                                0x2000561b   Data           1  drv_usb.o(.bss.u8usbMode)
    usart3_rx_buff                           0x20006a24   Data        1024  drv_usart.o(.bss.usart3_rx_buff)
    usart3_rx_data                           0x20006e24   Data        1024  drv_usart.o(.bss.usart3_rx_data)
    usart3_rx_ringbuff                       0x20007224   Data          20  drv_usart.o(.bss.usart3_rx_ringbuff)
    usb_rx_data                              0x20007238   Data        1024  drv_usb.o(.bss.usb_rx_data)
    usb_rx_ringbuff                          0x20007638   Data          20  drv_usb.o(.bss.usb_rx_ringbuff)
    uwTick                                   0x2000764c   Data           4  stm32f1xx_hal.o(.bss.uwTick)
    xQueueRegistry                           0x200076e4   Data          64  queue.o(.bss.xQueueRegistry)
    __heap_base                              0x20007768   Data           0  startup_stm32f103xe.o(HEAP)
    STACK$$Base                              0x20008768   Number         0  startup_stm32f103xe.o(STACK)
    __heap_limit                             0x20008768   Data           0  startup_stm32f103xe.o(HEAP)
    STACK$$Limit                             0x20009768   Number         0  startup_stm32f103xe.o(STACK)
    __initial_sp                             0x20009768   Data           0  startup_stm32f103xe.o(STACK)



==============================================================================

Memory Map of the image

  Image Entry point : 0x08000131

  Load Region LR_IROM1 (Base: 0x08000000, Size: 0x0003a340, Max: 0x00080000, ABSOLUTE, COMPRESSED[0x000392c0])

    Execution Region ER_IROM1 (Exec base: 0x08000000, Load base: 0x08000000, Size: 0x00039044, Max: 0x00080000, ABSOLUTE)

    Exec Addr    Load Addr    Size         Type   Attr      Idx    E Section Name        Object

    0x08000000   0x08000000   0x00000130   Data   RO            3    RESET               startup_stm32f103xe.o
    0x08000130   0x08000130   0x00000000   Code   RO         3068  * .ARM.Collect$$$$00000000  mc_w.l(entry.o)
    0x08000130   0x08000130   0x00000004   Code   RO         3380    .ARM.Collect$$$$00000001  mc_w.l(entry2.o)
    0x08000134   0x08000134   0x00000004   Code   RO         3383    .ARM.Collect$$$$00000004  mc_w.l(entry5.o)
    0x08000138   0x08000138   0x00000000   Code   RO         3385    .ARM.Collect$$$$00000008  mc_w.l(entry7b.o)
    0x08000138   0x08000138   0x00000000   Code   RO         3387    .ARM.Collect$$$$0000000A  mc_w.l(entry8b.o)
    0x08000138   0x08000138   0x00000008   Code   RO         3388    .ARM.Collect$$$$0000000B  mc_w.l(entry9a.o)
    0x08000140   0x08000140   0x00000000   Code   RO         3390    .ARM.Collect$$$$0000000D  mc_w.l(entry10a.o)
    0x08000140   0x08000140   0x00000000   Code   RO         3392    .ARM.Collect$$$$0000000F  mc_w.l(entry11a.o)
    0x08000140   0x08000140   0x00000004   Code   RO         3381    .ARM.Collect$$$$00002712  mc_w.l(entry2.o)
    0x08000144   0x08000144   0x00000024   Code   RO            4    .text               startup_stm32f103xe.o
    0x08000168   0x08000168   0x0000000c   Code   RO         2564    .text               cmb_fault.o
    0x08000174   0x08000174   0x00000024   Code   RO         3077    .text               mc_w.l(memcpya.o)
    0x08000198   0x08000198   0x00000024   Code   RO         3079    .text               mc_w.l(memseta.o)
    0x080001bc   0x080001bc   0x00000018   Code   RO         3083    .text               mc_w.l(strncpy.o)
    0x080001d4   0x080001d4   0x0000000e   Code   RO         3085    .text               mc_w.l(strlen.o)
    0x080001e2   0x080001e2   0x0000001c   Code   RO         3087    .text               mc_w.l(strcmp.o)
    0x080001fe   0x080001fe   0x00000062   Code   RO         3406    .text               mc_w.l(uldiv.o)
    0x08000260   0x08000260   0x00000024   Code   RO         3421    .text               mc_w.l(init.o)
    0x08000284   0x08000284   0x0000001e   Code   RO         3423    .text               mc_w.l(llshl.o)
    0x080002a2   0x080002a2   0x00000020   Code   RO         3425    .text               mc_w.l(llushr.o)
    0x080002c2   0x080002c2   0x00000056   Code   RO         3439    .text               mc_w.l(__dczerorl2.o)
    0x08000318   0x08000318   0x0000000e   Code   RO         2802    .text.BSP_SD_GetCardInfo  bsp_driver_sd.o
    0x08000326   0x08000326   0x00000002   PAD
    0x08000328   0x08000328   0x00000016   Code   RO         2800    .text.BSP_SD_GetCardState  bsp_driver_sd.o
    0x0800033e   0x0800033e   0x00000002   PAD
    0x08000340   0x08000340   0x0000003c   Code   RO         2782    .text.BSP_SD_Init   bsp_driver_sd.o
    0x0800037c   0x0800037c   0x00000010   Code   RO         2784    .text.BSP_SD_IsDetected  bsp_driver_sd.o
    0x0800038c   0x0800038c   0x00000026   Code   RO         2790    .text.BSP_SD_ReadBlocks  bsp_driver_sd.o
    0x080003b2   0x080003b2   0x00000002   PAD
    0x080003b4   0x080003b4   0x00000026   Code   RO         2792    .text.BSP_SD_WriteBlocks  bsp_driver_sd.o
    0x080003da   0x080003da   0x00000002   PAD
    0x080003dc   0x080003dc   0x00000002   Code   RO          133    .text.BusFault_Handler  stm32f1xx_it.o
    0x080003de   0x080003de   0x00000002   PAD
    0x080003e0   0x080003e0   0x0000008c   Code   RO         2215    .text.CDC_Control_FS  usbd_cdc_if.o
    0x0800046c   0x0800046c   0x00000004   Code   RO         2213    .text.CDC_DeInit_FS  usbd_cdc_if.o
    0x08000470   0x08000470   0x0000002c   Code   RO         2211    .text.CDC_Init_FS   usbd_cdc_if.o
    0x0800049c   0x0800049c   0x00000048   Code   RO         2217    .text.CDC_Receive_FS  usbd_cdc_if.o
    0x080004e4   0x080004e4   0x00000016   Code   RO          139    .text.DMA1_Channel3_IRQHandler  stm32f1xx_it.o
    0x080004fa   0x080004fa   0x00000002   PAD
    0x080004fc   0x080004fc   0x0000000c   Code   RO          141    .text.DMA1_Channel6_IRQHandler  stm32f1xx_it.o
    0x08000508   0x08000508   0x0000000c   Code   RO          143    .text.DMA1_Channel7_IRQHandler  stm32f1xx_it.o
    0x08000514   0x08000514   0x00000002   Code   RO          137    .text.DebugMon_Handler  stm32f1xx_it.o
    0x08000516   0x08000516   0x00000002   PAD
    0x08000518   0x08000518   0x0000000c   Code   RO         2198    .text.Drv_Get_UsbMode  drv_usb.o
    0x08000524   0x08000524   0x0000003c   Code   RO         2094    .text.Drv_Init      drv_init.o
    0x08000560   0x08000560   0x00000042   Code   RO         2113    .text.Drv_Key_Init  drv_key.o
    0x080005a2   0x080005a2   0x00000002   PAD
    0x080005a4   0x080005a4   0x00000010   Code   RO         2131    .text.Drv_Lcd_A0    drv_lcd.o
    0x080005b4   0x080005b4   0x00000020   Code   RO         2129    .text.Drv_Lcd_CS    drv_lcd.o
    0x080005d4   0x080005d4   0x00000046   Code   RO         2139    .text.Drv_Lcd_Init  drv_lcd.o
    0x0800061a   0x0800061a   0x00000002   PAD
    0x0800061c   0x0800061c   0x00000010   Code   RO         2133    .text.Drv_Lcd_LED   drv_lcd.o
    0x0800062c   0x0800062c   0x00000010   Code   RO         2135    .text.Drv_Lcd_RES   drv_lcd.o
    0x0800063c   0x0800063c   0x00000010   Code   RO         2137    .text.Drv_Lcd_Write  drv_lcd.o
    0x0800064c   0x0800064c   0x0000002a   Code   RO         2155    .text.Drv_Led_Init  drv_led.o
    0x08000676   0x08000676   0x00000002   PAD
    0x08000678   0x08000678   0x00000038   Code   RO         2172    .text.Drv_Usart_Init  drv_usart.o
    0x080006b0   0x080006b0   0x00000064   Code   RO         2192    .text.Drv_Usb_Init  drv_usb.o
    0x08000714   0x08000714   0x00000010   Code   RO         2194    .text.Drv_Usb_RxCpltCallback  drv_usb.o
    0x08000724   0x08000724   0x0000000a   Code   RO           15    .text.Error_Handler  main.o
    0x0800072e   0x0800072e   0x00000002   PAD
    0x08000730   0x08000730   0x0000004c   Code   RO         2961    .text.FATFS_LinkDriver  ff_gen_drv.o
    0x0800077c   0x0800077c   0x00000040   Code   RO          342    .text.HAL_DMA_Abort  stm32f1xx_hal_dma.o
    0x080007bc   0x080007bc   0x00000122   Code   RO          344    .text.HAL_DMA_Abort_IT  stm32f1xx_hal_dma.o
    0x080008de   0x080008de   0x00000002   PAD
    0x080008e0   0x080008e0   0x0000027a   Code   RO          348    .text.HAL_DMA_IRQHandler  stm32f1xx_hal_dma.o
    0x08000b5a   0x08000b5a   0x00000002   PAD
    0x08000b5c   0x08000b5c   0x0000009e   Code   RO          334    .text.HAL_DMA_Init  stm32f1xx_hal_dma.o
    0x08000bfa   0x08000bfa   0x00000002   PAD
    0x08000bfc   0x08000bfc   0x00000098   Code   RO          340    .text.HAL_DMA_Start_IT  stm32f1xx_hal_dma.o
    0x08000c94   0x08000c94   0x00000028   Code   RO          217    .text.HAL_Delay     stm32f1xx_hal.o
    0x08000cbc   0x08000cbc   0x000001e4   Code   RO          310    .text.HAL_GPIO_Init  stm32f1xx_hal_gpio.o
    0x08000ea0   0x08000ea0   0x0000000a   Code   RO          314    .text.HAL_GPIO_ReadPin  stm32f1xx_hal_gpio.o
    0x08000eaa   0x08000eaa   0x00000002   PAD
    0x08000eac   0x08000eac   0x0000000a   Code   RO          316    .text.HAL_GPIO_WritePin  stm32f1xx_hal_gpio.o
    0x08000eb6   0x08000eb6   0x00000002   PAD
    0x08000eb8   0x08000eb8   0x0000000c   Code   RO          209    .text.HAL_GetTick   stm32f1xx_hal.o
    0x08000ec4   0x08000ec4   0x0000001a   Code   RO          207    .text.HAL_IncTick   stm32f1xx_hal.o
    0x08000ede   0x08000ede   0x00000002   PAD
    0x08000ee0   0x08000ee0   0x00000026   Code   RO          197    .text.HAL_Init      stm32f1xx_hal.o
    0x08000f06   0x08000f06   0x00000002   PAD
    0x08000f08   0x08000f08   0x000000a2   Code   RO          168    .text.HAL_InitTick  stm32f1xx_hal_timebase_tim.o
    0x08000faa   0x08000faa   0x00000002   PAD
    0x08000fac   0x08000fac   0x00000050   Code   RO          158    .text.HAL_MspInit   stm32f1xx_hal_msp.o
    0x08000ffc   0x08000ffc   0x00000020   Code   RO          370    .text.HAL_NVIC_EnableIRQ  stm32f1xx_hal_cortex.o
    0x0800101c   0x0800101c   0x00000056   Code   RO          368    .text.HAL_NVIC_SetPriority  stm32f1xx_hal_cortex.o
    0x08001072   0x08001072   0x00000002   PAD
    0x08001074   0x08001074   0x00000020   Code   RO          366    .text.HAL_NVIC_SetPriorityGrouping  stm32f1xx_hal_cortex.o
    0x08001094   0x08001094   0x00000046   Code   RO         1332    .text.HAL_PCDEx_PMAConfig  stm32f1xx_hal_pcd_ex.o
    0x080010da   0x080010da   0x00000002   PAD
    0x080010dc   0x080010dc   0x00000002   Code   RO         2351    .text.HAL_PCDEx_SetConnectionState  usbd_conf.o
    0x080010de   0x080010de   0x00000002   PAD
    0x080010e0   0x080010e0   0x00000014   Code   RO         2299    .text.HAL_PCD_DataInStageCallback  usbd_conf.o
    0x080010f4   0x080010f4   0x00000016   Code   RO         2297    .text.HAL_PCD_DataOutStageCallback  usbd_conf.o
    0x0800110a   0x0800110a   0x00000002   PAD
    0x0800110c   0x0800110c   0x00000050   Code   RO         1302    .text.HAL_PCD_EP_Close  stm32f1xx_hal_pcd.o
    0x0800115c   0x0800115c   0x00000062   Code   RO         1312    .text.HAL_PCD_EP_ClrStall  stm32f1xx_hal_pcd.o
    0x080011be   0x080011be   0x00000002   PAD
    0x080011c0   0x080011c0   0x00000036   Code   RO         1316    .text.HAL_PCD_EP_Flush  stm32f1xx_hal_pcd.o
    0x080011f6   0x080011f6   0x00000002   PAD
    0x080011f8   0x080011f8   0x00000012   Code   RO         1306    .text.HAL_PCD_EP_GetRxCount  stm32f1xx_hal_pcd.o
    0x0800120a   0x0800120a   0x00000002   PAD
    0x0800120c   0x0800120c   0x00000060   Code   RO         1300    .text.HAL_PCD_EP_Open  stm32f1xx_hal_pcd.o
    0x0800126c   0x0800126c   0x00000032   Code   RO         1304    .text.HAL_PCD_EP_Receive  stm32f1xx_hal_pcd.o
    0x0800129e   0x0800129e   0x00000002   PAD
    0x080012a0   0x080012a0   0x00000070   Code   RO         1310    .text.HAL_PCD_EP_SetStall  stm32f1xx_hal_pcd.o
    0x08001310   0x08001310   0x00000036   Code   RO         1308    .text.HAL_PCD_EP_Transmit  stm32f1xx_hal_pcd.o
    0x08001346   0x08001346   0x00000002   PAD
    0x08001348   0x08001348   0x00000958   Code   RO         1268    .text.HAL_PCD_IRQHandler  stm32f1xx_hal_pcd.o
    0x08001ca0   0x08001ca0   0x000000ee   Code   RO         1256    .text.HAL_PCD_Init  stm32f1xx_hal_pcd.o
    0x08001d8e   0x08001d8e   0x00000002   PAD
    0x08001d90   0x08001d90   0x00000046   Code   RO          116    .text.HAL_PCD_MspInit  usb.o
    0x08001dd6   0x08001dd6   0x00000002   PAD
    0x08001dd8   0x08001dd8   0x00000024   Code   RO         2303    .text.HAL_PCD_ResetCallback  usbd_conf.o
    0x08001dfc   0x08001dfc   0x00000008   Code   RO         2307    .text.HAL_PCD_ResumeCallback  usbd_conf.o
    0x08001e04   0x08001e04   0x00000008   Code   RO         2301    .text.HAL_PCD_SOFCallback  usbd_conf.o
    0x08001e0c   0x08001e0c   0x00000028   Code   RO         1272    .text.HAL_PCD_SetAddress  stm32f1xx_hal_pcd.o
    0x08001e34   0x08001e34   0x0000000e   Code   RO         2295    .text.HAL_PCD_SetupStageCallback  usbd_conf.o
    0x08001e42   0x08001e42   0x00000002   PAD
    0x08001e44   0x08001e44   0x00000032   Code   RO         1264    .text.HAL_PCD_Start  stm32f1xx_hal_pcd.o
    0x08001e76   0x08001e76   0x00000002   PAD
    0x08001e78   0x08001e78   0x00000026   Code   RO         2305    .text.HAL_PCD_SuspendCallback  usbd_conf.o
    0x08001e9e   0x08001e9e   0x00000002   PAD
    0x08001ea0   0x08001ea0   0x00000106   Code   RO          296    .text.HAL_RCCEx_PeriphCLKConfig  stm32f1xx_hal_rcc_ex.o
    0x08001fa6   0x08001fa6   0x00000002   PAD
    0x08001fa8   0x08001fa8   0x000001ba   Code   RO          262    .text.HAL_RCC_ClockConfig  stm32f1xx_hal_rcc.o
    0x08002162   0x08002162   0x00000002   PAD
    0x08002164   0x08002164   0x00000042   Code   RO          280    .text.HAL_RCC_GetClockConfig  stm32f1xx_hal_rcc.o
    0x080021a6   0x080021a6   0x00000002   PAD
    0x080021a8   0x080021a8   0x00000026   Code   RO          274    .text.HAL_RCC_GetPCLK1Freq  stm32f1xx_hal_rcc.o
    0x080021ce   0x080021ce   0x00000002   PAD
    0x080021d0   0x080021d0   0x00000026   Code   RO          276    .text.HAL_RCC_GetPCLK2Freq  stm32f1xx_hal_rcc.o
    0x080021f6   0x080021f6   0x00000002   PAD
    0x080021f8   0x080021f8   0x00000330   Code   RO          260    .text.HAL_RCC_OscConfig  stm32f1xx_hal_rcc.o
    0x08002528   0x08002528   0x00000114   Code   RO          685    .text.HAL_SD_ConfigWideBusOperation  stm32f1xx_hal_sd.o
    0x0800263c   0x0800263c   0x00000178   Code   RO          679    .text.HAL_SD_GetCardCSD  stm32f1xx_hal_sd.o
    0x080027b4   0x080027b4   0x00000024   Code   RO          683    .text.HAL_SD_GetCardInfo  stm32f1xx_hal_sd.o
    0x080027d8   0x080027d8   0x00000032   Code   RO          687    .text.HAL_SD_GetCardState  stm32f1xx_hal_sd.o
    0x0800280a   0x0800280a   0x00000002   PAD
    0x0800280c   0x0800280c   0x00000006   Code   RO          673    .text.HAL_SD_GetState  stm32f1xx_hal_sd.o
    0x08002812   0x08002812   0x00000002   PAD
    0x08002814   0x08002814   0x0000003e   Code   RO          629    .text.HAL_SD_Init   stm32f1xx_hal_sd.o
    0x08002852   0x08002852   0x00000002   PAD
    0x08002854   0x08002854   0x0000021c   Code   RO          633    .text.HAL_SD_InitCard  stm32f1xx_hal_sd.o
    0x08002a70   0x08002a70   0x00000098   Code   RO           63    .text.HAL_SD_MspInit  sdio.o
    0x08002b08   0x08002b08   0x000001dc   Code   RO          639    .text.HAL_SD_ReadBlocks  stm32f1xx_hal_sd.o
    0x08002ce4   0x08002ce4   0x000001d0   Code   RO          641    .text.HAL_SD_WriteBlocks  stm32f1xx_hal_sd.o
    0x08002eb4   0x08002eb4   0x00000002   Code   RO          783    .text.HAL_SPI_ErrorCallback  stm32f1xx_hal_spi.o
    0x08002eb6   0x08002eb6   0x00000002   PAD
    0x08002eb8   0x08002eb8   0x000000ac   Code   RO          703    .text.HAL_SPI_Init  stm32f1xx_hal_spi.o
    0x08002f64   0x08002f64   0x0000009a   Code   RO           78    .text.HAL_SPI_MspInit  spi.o
    0x08002ffe   0x08002ffe   0x00000002   PAD
    0x08003000   0x08003000   0x000000d4   Code   RO          739    .text.HAL_SPI_Transmit_DMA  stm32f1xx_hal_spi.o
    0x080030d4   0x080030d4   0x00000002   Code   RO          785    .text.HAL_SPI_TxCpltCallback  stm32f1xx_hal_spi.o
    0x080030d6   0x080030d6   0x00000002   PAD
    0x080030d8   0x080030d8   0x00000002   Code   RO          791    .text.HAL_SPI_TxHalfCpltCallback  stm32f1xx_hal_spi.o
    0x080030da   0x080030da   0x00000002   PAD
    0x080030dc   0x080030dc   0x00000002   Code   RO         1122    .text.HAL_TIMEx_BreakCallback  stm32f1xx_hal_tim_ex.o
    0x080030de   0x080030de   0x00000002   PAD
    0x080030e0   0x080030e0   0x00000002   Code   RO         1118    .text.HAL_TIMEx_CommutCallback  stm32f1xx_hal_tim_ex.o
    0x080030e2   0x080030e2   0x00000002   PAD
    0x080030e4   0x080030e4   0x0000005a   Code   RO          817    .text.HAL_TIM_Base_Init  stm32f1xx_hal_tim.o
    0x0800313e   0x0800313e   0x00000002   PAD
    0x08003140   0x08003140   0x00000002   Code   RO          819    .text.HAL_TIM_Base_MspInit  stm32f1xx_hal_tim.o
    0x08003142   0x08003142   0x00000002   PAD
    0x08003144   0x08003144   0x00000086   Code   RO          831    .text.HAL_TIM_Base_Start_IT  stm32f1xx_hal_tim.o
    0x080031ca   0x080031ca   0x00000002   PAD
    0x080031cc   0x080031cc   0x00000002   Code   RO          953    .text.HAL_TIM_IC_CaptureCallback  stm32f1xx_hal_tim.o
    0x080031ce   0x080031ce   0x00000002   PAD
    0x080031d0   0x080031d0   0x0000016a   Code   RO          951    .text.HAL_TIM_IRQHandler  stm32f1xx_hal_tim.o
    0x0800333a   0x0800333a   0x00000002   PAD
    0x0800333c   0x0800333c   0x00000002   Code   RO          955    .text.HAL_TIM_OC_DelayElapsedCallback  stm32f1xx_hal_tim.o
    0x0800333e   0x0800333e   0x00000002   PAD
    0x08003340   0x08003340   0x00000002   Code   RO          957    .text.HAL_TIM_PWM_PulseFinishedCallback  stm32f1xx_hal_tim.o
    0x08003342   0x08003342   0x00000002   PAD
    0x08003344   0x08003344   0x00000014   Code   RO           17    .text.HAL_TIM_PeriodElapsedCallback  main.o
    0x08003358   0x08003358   0x00000002   Code   RO          961    .text.HAL_TIM_TriggerCallback  stm32f1xx_hal_tim.o
    0x0800335a   0x0800335a   0x00000002   PAD
    0x0800335c   0x0800335c   0x00000084   Code   RO         1180    .text.HAL_UARTEx_ReceiveToIdle_IT  stm32f1xx_hal_uart.o
    0x080033e0   0x080033e0   0x00000048   Code   RO         2178    .text.HAL_UARTEx_RxEventCallback  drv_usart.o
    0x08003428   0x08003428   0x00000002   Code   RO         1218    .text.HAL_UART_ErrorCallback  stm32f1xx_hal_uart.o
    0x0800342a   0x0800342a   0x00000002   PAD
    0x0800342c   0x0800342c   0x0000030a   Code   RO         1212    .text.HAL_UART_IRQHandler  stm32f1xx_hal_uart.o
    0x08003736   0x08003736   0x00000002   PAD
    0x08003738   0x08003738   0x000000e0   Code   RO         1136    .text.HAL_UART_Init  stm32f1xx_hal_uart.o
    0x08003818   0x08003818   0x0000017e   Code   RO           98    .text.HAL_UART_MspInit  usart.o
    0x08003996   0x08003996   0x00000002   PAD
    0x08003998   0x08003998   0x00000002   Code   RO         1226    .text.HAL_UART_RxCpltCallback  stm32f1xx_hal_uart.o
    0x0800399a   0x0800399a   0x00000002   PAD
    0x0800399c   0x0800399c   0x00000002   Code   RO         1222    .text.HAL_UART_TxCpltCallback  stm32f1xx_hal_uart.o
    0x0800399e   0x0800399e   0x00000002   PAD
    0x080039a0   0x080039a0   0x00000032   Code   RO         2075    .text.Key_Event_CCW  user_key.o
    0x080039d2   0x080039d2   0x00000002   PAD
    0x080039d4   0x080039d4   0x00000032   Code   RO         2073    .text.Key_Event_CW  user_key.o
    0x08003a06   0x08003a06   0x00000002   PAD
    0x08003a08   0x08003a08   0x00000064   Code   RO         2079    .text.Key_Event_KEY1  user_key.o
    0x08003a6c   0x08003a6c   0x00000064   Code   RO         2081    .text.Key_Event_KEY2  user_key.o
    0x08003ad0   0x08003ad0   0x00000060   Code   RO         2077    .text.Key_Event_PUSH  user_key.o
    0x08003b30   0x08003b30   0x0000000e   Code   RO         2105    .text.Key_Read_ccw  drv_key.o
    0x08003b3e   0x08003b3e   0x00000002   PAD
    0x08003b40   0x08003b40   0x0000000e   Code   RO         2103    .text.Key_Read_cw   drv_key.o
    0x08003b4e   0x08003b4e   0x00000002   PAD
    0x08003b50   0x08003b50   0x0000000e   Code   RO         2109    .text.Key_Read_key1  drv_key.o
    0x08003b5e   0x08003b5e   0x00000002   PAD
    0x08003b60   0x08003b60   0x0000000e   Code   RO         2111    .text.Key_Read_key2  drv_key.o
    0x08003b6e   0x08003b6e   0x00000002   PAD
    0x08003b70   0x08003b70   0x0000000e   Code   RO         2107    .text.Key_Read_push  drv_key.o
    0x08003b7e   0x08003b7e   0x00000002   PAD
    0x08003b80   0x08003b80   0x00000010   Code   RO         2149    .text.Led1_Write    drv_led.o
    0x08003b90   0x08003b90   0x00000010   Code   RO         2151    .text.Led2_Write    drv_led.o
    0x08003ba0   0x08003ba0   0x00000010   Code   RO         2153    .text.Led3_Write    drv_led.o
    0x08003bb0   0x08003bb0   0x00000018   Code   RO         2410    .text.List_Create   hxzp_list.o
    0x08003bc8   0x08003bc8   0x00000028   Code   RO         2412    .text.List_Insert   hxzp_list.o
    0x08003bf0   0x08003bf0   0x00000048   Code   RO         2750    .text.MSC_BOT_Abort  usbd_msc_bot.o
    0x08003c38   0x08003c38   0x00000060   Code   RO         2748    .text.MSC_BOT_CplClrFeature  usbd_msc_bot.o
    0x08003c98   0x08003c98   0x0000007e   Code   RO         2742    .text.MSC_BOT_DataIn  usbd_msc_bot.o
    0x08003d16   0x08003d16   0x00000002   PAD
    0x08003d18   0x08003d18   0x00000136   Code   RO         2746    .text.MSC_BOT_DataOut  usbd_msc_bot.o
    0x08003e4e   0x08003e4e   0x00000002   PAD
    0x08003e50   0x08003e50   0x0000000a   Code   RO         2740    .text.MSC_BOT_DeInit  usbd_msc_bot.o
    0x08003e5a   0x08003e5a   0x00000002   PAD
    0x08003e5c   0x08003e5c   0x00000038   Code   RO         2736    .text.MSC_BOT_Init  usbd_msc_bot.o
    0x08003e94   0x08003e94   0x0000001e   Code   RO         2738    .text.MSC_BOT_Reset  usbd_msc_bot.o
    0x08003eb2   0x08003eb2   0x00000002   PAD
    0x08003eb4   0x08003eb4   0x0000003c   Code   RO         2744    .text.MSC_BOT_SendCSW  usbd_msc_bot.o
    0x08003ef0   0x08003ef0   0x00000034   Code   RO         2752    .text.MSC_BOT_SendData  usbd_msc_bot.o
    0x08003f24   0x08003f24   0x00000054   Code   RO           52    .text.MX_DMA_Init   dma.o
    0x08003f78   0x08003f78   0x00000022   Code   RO         2824    .text.MX_FATFS_Init  fatfs.o
    0x08003f9a   0x08003f9a   0x00000002   PAD
    0x08003f9c   0x08003f9c   0x00000024   Code   RO           37    .text.MX_FREERTOS_Init  freertos.o
    0x08003fc0   0x08003fc0   0x00000106   Code   RO           28    .text.MX_GPIO_Init  gpio.o
    0x080040c6   0x080040c6   0x00000002   PAD
    0x080040c8   0x080040c8   0x0000002a   Code   RO           61    .text.MX_SDIO_SD_Init  sdio.o
    0x080040f2   0x080040f2   0x00000002   PAD
    0x080040f4   0x080040f4   0x0000004c   Code   RO           76    .text.MX_SPI1_Init  spi.o
    0x08004140   0x08004140   0x0000003c   Code   RO           94    .text.MX_USART2_UART_Init  usart.o
    0x0800417c   0x0800417c   0x0000003c   Code   RO           96    .text.MX_USART3_UART_Init  usart.o
    0x080041b8   0x080041b8   0x000000ae   Code   RO         2258    .text.MX_USB_DEVICE_Init  usb_device.o
    0x08004266   0x08004266   0x00000002   PAD
    0x08004268   0x08004268   0x00000034   Code   RO          114    .text.MX_USB_PCD_Init  usb.o
    0x0800429c   0x0800429c   0x00000002   Code   RO          131    .text.MemManage_Handler  stm32f1xx_it.o
    0x0800429e   0x0800429e   0x00000002   PAD
    0x080042a0   0x080042a0   0x00000002   Code   RO          129    .text.NMI_Handler   stm32f1xx_it.o
    0x080042a2   0x080042a2   0x0000000e   PAD
    0x080042b0   0x080042b0   0x00000044   Code   RO         1986    .text.PendSV_Handler  port.o
    0x080042f4   0x080042f4   0x0000074e   Code   RO         2770    .text.SCSI_ProcessCmd  usbd_msc_scsi.o
    0x08004a42   0x08004a42   0x00000002   PAD
    0x08004a44   0x08004a44   0x00000026   Code   RO         2772    .text.SCSI_SenseCode  usbd_msc_scsi.o
    0x08004a6a   0x08004a6a   0x00000002   PAD
    0x08004a6c   0x08004a6c   0x00000026   Code   RO          549    .text.SDIO_ConfigData  stm32f1xx_ll_sdmmc.o
    0x08004a92   0x08004a92   0x00000002   PAD
    0x08004a94   0x08004a94   0x00000008   Code   RO          541    .text.SDIO_GetPowerState  stm32f1xx_ll_sdmmc.o
    0x08004a9c   0x08004a9c   0x00000006   Code   RO          547    .text.SDIO_GetResponse  stm32f1xx_ll_sdmmc.o
    0x08004aa2   0x08004aa2   0x00000002   PAD
    0x08004aa4   0x08004aa4   0x0000002c   Code   RO          531    .text.SDIO_Init     stm32f1xx_ll_sdmmc.o
    0x08004ad0   0x08004ad0   0x0000000a   Code   RO          537    .text.SDIO_PowerState_ON  stm32f1xx_ll_sdmmc.o
    0x08004ada   0x08004ada   0x00000002   PAD
    0x08004adc   0x08004adc   0x00000006   Code   RO          533    .text.SDIO_ReadFIFO  stm32f1xx_ll_sdmmc.o
    0x08004ae2   0x08004ae2   0x00000002   PAD
    0x08004ae4   0x08004ae4   0x0000000c   Code   RO          535    .text.SDIO_WriteFIFO  stm32f1xx_ll_sdmmc.o
    0x08004af0   0x08004af0   0x00000018   Code   RO          589    .text.SDMMC_CmdAppCommand  stm32f1xx_ll_sdmmc.o
    0x08004b08   0x08004b08   0x00000062   Code   RO          591    .text.SDMMC_CmdAppOperCommand  stm32f1xx_ll_sdmmc.o
    0x08004b6a   0x08004b6a   0x00000002   PAD
    0x08004b6c   0x08004b6c   0x00000018   Code   RO          557    .text.SDMMC_CmdBlockLength  stm32f1xx_ll_sdmmc.o
    0x08004b84   0x08004b84   0x00000018   Code   RO          595    .text.SDMMC_CmdBusWidth  stm32f1xx_ll_sdmmc.o
    0x08004b9c   0x08004b9c   0x00000048   Code   RO          583    .text.SDMMC_CmdGoIdleState  stm32f1xx_ll_sdmmc.o
    0x08004be4   0x08004be4   0x00000076   Code   RO          585    .text.SDMMC_CmdOperCond  stm32f1xx_ll_sdmmc.o
    0x08004c5a   0x08004c5a   0x00000002   PAD
    0x08004c5c   0x08004c5c   0x00000018   Code   RO          563    .text.SDMMC_CmdReadMultiBlock  stm32f1xx_ll_sdmmc.o
    0x08004c74   0x08004c74   0x00000018   Code   RO          561    .text.SDMMC_CmdReadSingleBlock  stm32f1xx_ll_sdmmc.o
    0x08004c8c   0x08004c8c   0x00000018   Code   RO          581    .text.SDMMC_CmdSelDesel  stm32f1xx_ll_sdmmc.o
    0x08004ca4   0x08004ca4   0x00000068   Code   RO          599    .text.SDMMC_CmdSendCID  stm32f1xx_ll_sdmmc.o
    0x08004d0c   0x08004d0c   0x00000068   Code   RO          603    .text.SDMMC_CmdSendCSD  stm32f1xx_ll_sdmmc.o
    0x08004d74   0x08004d74   0x0000001a   Code   RO          597    .text.SDMMC_CmdSendSCR  stm32f1xx_ll_sdmmc.o
    0x08004d8e   0x08004d8e   0x00000002   PAD
    0x08004d90   0x08004d90   0x00000018   Code   RO          611    .text.SDMMC_CmdSendStatus  stm32f1xx_ll_sdmmc.o
    0x08004da8   0x08004da8   0x0000009a   Code   RO          605    .text.SDMMC_CmdSetRelAdd  stm32f1xx_ll_sdmmc.o
    0x08004e42   0x08004e42   0x00000002   PAD
    0x08004e44   0x08004e44   0x0000001e   Code   RO          579    .text.SDMMC_CmdStopTransfer  stm32f1xx_ll_sdmmc.o
    0x08004e62   0x08004e62   0x00000002   PAD
    0x08004e64   0x08004e64   0x00000018   Code   RO          567    .text.SDMMC_CmdWriteMultiBlock  stm32f1xx_ll_sdmmc.o
    0x08004e7c   0x08004e7c   0x00000018   Code   RO          565    .text.SDMMC_CmdWriteSingleBlock  stm32f1xx_ll_sdmmc.o
    0x08004e94   0x08004e94   0x0000012a   Code   RO          559    .text.SDMMC_GetCmdResp1  stm32f1xx_ll_sdmmc.o
    0x08004fbe   0x08004fbe   0x00000002   PAD
    0x08004fc0   0x08004fc0   0x000000d6   Code   RO          693    .text.SD_FindSCR    stm32f1xx_hal_sd.o
    0x08005096   0x08005096   0x00000002   PAD
    0x08005098   0x08005098   0x00000024   Code   RO         3014    .text.SD_initialize  sd_diskio.o
    0x080050bc   0x080050bc   0x00000054   Code   RO         3022    .text.SD_ioctl      sd_diskio.o
    0x08005110   0x08005110   0x00000032   Code   RO         3018    .text.SD_read       sd_diskio.o
    0x08005142   0x08005142   0x00000002   PAD
    0x08005144   0x08005144   0x00000024   Code   RO         3016    .text.SD_status     sd_diskio.o
    0x08005168   0x08005168   0x00000032   Code   RO         3020    .text.SD_write      sd_diskio.o
    0x0800519a   0x0800519a   0x00000002   PAD
    0x0800519c   0x0800519c   0x0000001e   Code   RO          745    .text.SPI_DMAError  stm32f1xx_hal_spi.o
    0x080051ba   0x080051ba   0x00000002   PAD
    0x080051bc   0x080051bc   0x00000006   Code   RO          741    .text.SPI_DMAHalfTransmitCplt  stm32f1xx_hal_spi.o
    0x080051c2   0x080051c2   0x00000002   PAD
    0x080051c4   0x080051c4   0x0000007e   Code   RO          743    .text.SPI_DMATransmitCplt  stm32f1xx_hal_spi.o
    0x08005242   0x08005242   0x00000002   PAD
    0x08005244   0x08005244   0x000000ce   Code   RO          807    .text.SPI_WaitFlagStateUntilTimeout  stm32f1xx_hal_spi.o
    0x08005312   0x08005312   0x00000002   PAD
    0x08005314   0x08005314   0x00000026   Code   RO         2236    .text.STORAGE_GetCapacity_FS  usbd_storage_if.o
    0x0800533a   0x0800533a   0x00000002   PAD
    0x0800533c   0x0800533c   0x00000004   Code   RO         2246    .text.STORAGE_GetMaxLun_FS  usbd_storage_if.o
    0x08005340   0x08005340   0x00000004   Code   RO         2234    .text.STORAGE_Init_FS  usbd_storage_if.o
    0x08005344   0x08005344   0x00000018   Code   RO         2238    .text.STORAGE_IsReady_FS  usbd_storage_if.o
    0x0800535c   0x0800535c   0x00000004   Code   RO         2240    .text.STORAGE_IsWriteProtected_FS  usbd_storage_if.o
    0x08005360   0x08005360   0x00000024   Code   RO         2242    .text.STORAGE_Read_FS  usbd_storage_if.o
    0x08005384   0x08005384   0x00000024   Code   RO         2244    .text.STORAGE_Write_FS  usbd_storage_if.o
    0x080053a8   0x080053a8   0x00000008   PAD
    0x080053b0   0x080053b0   0x00000024   Code   RO         1972    .text.SVC_Handler   port.o
    0x080053d4   0x080053d4   0x0000003e   Code   RO         2036    .text.StartDefaultTask  test.o
    0x08005412   0x08005412   0x00000002   PAD
    0x08005414   0x08005414   0x0000016e   Code   RO         2361    .text.StartKeyTask  hxzp_key.o
    0x08005582   0x08005582   0x00000002   PAD
    0x08005584   0x08005584   0x00000014   Code   RO         2498    .text.StartLcdTask  hxzp_st7789.o
    0x08005598   0x08005598   0x000001ce   Code   RO         2385    .text.StartLedTask  hxzp_led.o
    0x08005766   0x08005766   0x00000002   PAD
    0x08005768   0x08005768   0x0000002e   Code   RO         1988    .text.SysTick_Handler  port.o
    0x08005796   0x08005796   0x00000002   PAD
    0x08005798   0x08005798   0x00000092   Code   RO           13    .text.SystemClock_Config  main.o
    0x0800582a   0x0800582a   0x00000002   PAD
    0x0800582c   0x0800582c   0x00000002   Code   RO         1412    .text.SystemInit    system_stm32f1xx.o
    0x0800582e   0x0800582e   0x00000002   PAD
    0x08005830   0x08005830   0x0000000c   Code   RO          149    .text.TIM8_UP_IRQHandler  stm32f1xx_it.o
    0x0800583c   0x0800583c   0x000000d6   Code   RO          821    .text.TIM_Base_SetConfig  stm32f1xx_hal_tim.o
    0x08005912   0x08005912   0x00000002   PAD
    0x08005914   0x08005914   0x0000000c   Code   RO         1216    .text.UART_DMAAbortOnError  stm32f1xx_hal_uart.o
    0x08005920   0x08005920   0x000000c2   Code   RO         1214    .text.UART_Receive_IT  stm32f1xx_hal_uart.o
    0x080059e2   0x080059e2   0x00000002   PAD
    0x080059e4   0x080059e4   0x0000000c   Code   RO          147    .text.USART3_IRQHandler  stm32f1xx_it.o
    0x080059f0   0x080059f0   0x00000050   Code   RO         2668    .text.USBD_CDC_DataIn  usbd_cdc.o
    0x08005a40   0x08005a40   0x0000002e   Code   RO         2670    .text.USBD_CDC_DataOut  usbd_cdc.o
    0x08005a6e   0x08005a6e   0x00000002   PAD
    0x08005a70   0x08005a70   0x00000042   Code   RO         2662    .text.USBD_CDC_DeInit  usbd_cdc.o
    0x08005ab2   0x08005ab2   0x00000002   PAD
    0x08005ab4   0x08005ab4   0x00000028   Code   RO         2666    .text.USBD_CDC_EP0_RxReady  usbd_cdc.o
    0x08005adc   0x08005adc   0x00000010   Code   RO         2678    .text.USBD_CDC_GetDeviceQualifierDescriptor  usbd_cdc.o
    0x08005aec   0x08005aec   0x00000010   Code   RO         2674    .text.USBD_CDC_GetFSCfgDesc  usbd_cdc.o
    0x08005afc   0x08005afc   0x00000010   Code   RO         2672    .text.USBD_CDC_GetHSCfgDesc  usbd_cdc.o
    0x08005b0c   0x08005b0c   0x00000010   Code   RO         2676    .text.USBD_CDC_GetOtherSpeedCfgDesc  usbd_cdc.o
    0x08005b1c   0x08005b1c   0x00000082   Code   RO         2660    .text.USBD_CDC_Init  usbd_cdc.o
    0x08005b9e   0x08005b9e   0x00000002   PAD
    0x08005ba0   0x08005ba0   0x0000002a   Code   RO         2688    .text.USBD_CDC_ReceivePacket  usbd_cdc.o
    0x08005bca   0x08005bca   0x00000002   PAD
    0x08005bcc   0x08005bcc   0x0000000e   Code   RO         2680    .text.USBD_CDC_RegisterInterface  usbd_cdc.o
    0x08005bda   0x08005bda   0x00000002   PAD
    0x08005bdc   0x08005bdc   0x0000000c   Code   RO         2684    .text.USBD_CDC_SetRxBuffer  usbd_cdc.o
    0x08005be8   0x08005be8   0x00000010   Code   RO         2682    .text.USBD_CDC_SetTxBuffer  usbd_cdc.o
    0x08005bf8   0x08005bf8   0x000000f6   Code   RO         2664    .text.USBD_CDC_Setup  usbd_cdc.o
    0x08005cee   0x08005cee   0x00000002   PAD
    0x08005cf0   0x08005cf0   0x0000000e   Code   RO         2583    .text.USBD_ClrClassConfig  usbd_core.o
    0x08005cfe   0x08005cfe   0x00000002   PAD
    0x08005d00   0x08005d00   0x00000010   Code   RO         2644    .text.USBD_CtlContinueRx  usbd_ioreq.o
    0x08005d10   0x08005d10   0x00000010   Code   RO         2640    .text.USBD_CtlContinueSendData  usbd_ioreq.o
    0x08005d20   0x08005d20   0x00000016   Code   RO         2619    .text.USBD_CtlError  usbd_ctlreq.o
    0x08005d36   0x08005d36   0x00000002   PAD
    0x08005d38   0x08005d38   0x0000001a   Code   RO         2642    .text.USBD_CtlPrepareRx  usbd_ioreq.o
    0x08005d52   0x08005d52   0x00000002   PAD
    0x08005d54   0x08005d54   0x00000016   Code   RO         2648    .text.USBD_CtlReceiveStatus  usbd_ioreq.o
    0x08005d6a   0x08005d6a   0x00000002   PAD
    0x08005d6c   0x08005d6c   0x0000001a   Code   RO         2638    .text.USBD_CtlSendData  usbd_ioreq.o
    0x08005d86   0x08005d86   0x00000002   PAD
    0x08005d88   0x08005d88   0x00000016   Code   RO         2646    .text.USBD_CtlSendStatus  usbd_ioreq.o
    0x08005d9e   0x08005d9e   0x00000002   PAD
    0x08005da0   0x08005da0   0x00000044   Code   RO         2277    .text.USBD_FS_ConfigStrDescriptor  usbd_desc.o
    0x08005de4   0x08005de4   0x0000002a   Code   RO         2267    .text.USBD_FS_DeviceDescriptor  usbd_desc.o
    0x08005e0e   0x08005e0e   0x00000002   PAD
    0x08005e10   0x08005e10   0x0000004c   Code   RO         2279    .text.USBD_FS_InterfaceStrDescriptor  usbd_desc.o
    0x08005e5c   0x08005e5c   0x0000000e   Code   RO         2269    .text.USBD_FS_LangIDStrDescriptor  usbd_desc.o
    0x08005e6a   0x08005e6a   0x00000002   PAD
    0x08005e6c   0x08005e6c   0x0000002c   Code   RO         2271    .text.USBD_FS_ManufacturerStrDescriptor  usbd_desc.o
    0x08005e98   0x08005e98   0x00000058   Code   RO         2273    .text.USBD_FS_ProductStrDescriptor  usbd_desc.o
    0x08005ef0   0x08005ef0   0x00000088   Code   RO         2275    .text.USBD_FS_SerialStrDescriptor  usbd_desc.o
    0x08005f78   0x08005f78   0x00000070   Code   RO         2627    .text.USBD_GetString  usbd_ctlreq.o
    0x08005fe8   0x08005fe8   0x00000030   Code   RO         2569    .text.USBD_Init     usbd_core.o
    0x08006018   0x08006018   0x00000022   Code   RO         2333    .text.USBD_LL_ClearStallEP  usbd_conf.o
    0x0800603a   0x0800603a   0x00000002   PAD
    0x0800603c   0x0800603c   0x00000022   Code   RO         2327    .text.USBD_LL_CloseEP  usbd_conf.o
    0x0800605e   0x0800605e   0x00000002   PAD
    0x08006060   0x08006060   0x000000c2   Code   RO         2589    .text.USBD_LL_DataInStage  usbd_core.o
    0x08006122   0x08006122   0x00000002   PAD
    0x08006124   0x08006124   0x00000086   Code   RO         2587    .text.USBD_LL_DataOutStage  usbd_core.o
    0x080061aa   0x080061aa   0x00000002   PAD
    0x080061ac   0x080061ac   0x00000022   Code   RO         2329    .text.USBD_LL_FlushEP  usbd_conf.o
    0x080061ce   0x080061ce   0x00000002   PAD
    0x080061d0   0x080061d0   0x00000008   Code   RO         2343    .text.USBD_LL_GetRxDataSize  usbd_conf.o
    0x080061d8   0x080061d8   0x000000b4   Code   RO         2317    .text.USBD_LL_Init  usbd_conf.o
    0x0800628c   0x0800628c   0x00000022   Code   RO         2335    .text.USBD_LL_IsStallEP  usbd_conf.o
    0x080062ae   0x080062ae   0x00000002   PAD
    0x080062b0   0x080062b0   0x00000028   Code   RO         2325    .text.USBD_LL_OpenEP  usbd_conf.o
    0x080062d8   0x080062d8   0x00000022   Code   RO         2341    .text.USBD_LL_PrepareReceive  usbd_conf.o
    0x080062fa   0x080062fa   0x00000002   PAD
    0x080062fc   0x080062fc   0x00000054   Code   RO         2591    .text.USBD_LL_Reset  usbd_core.o
    0x08006350   0x08006350   0x0000000e   Code   RO         2597    .text.USBD_LL_Resume  usbd_core.o
    0x0800635e   0x0800635e   0x00000002   PAD
    0x08006360   0x08006360   0x0000001a   Code   RO         2599    .text.USBD_LL_SOF   usbd_core.o
    0x0800637a   0x0800637a   0x00000002   PAD
    0x0800637c   0x0800637c   0x00000008   Code   RO         2593    .text.USBD_LL_SetSpeed  usbd_core.o
    0x08006384   0x08006384   0x00000022   Code   RO         2337    .text.USBD_LL_SetUSBAddress  usbd_conf.o
    0x080063a6   0x080063a6   0x00000002   PAD
    0x080063a8   0x080063a8   0x00000060   Code   RO         2585    .text.USBD_LL_SetupStage  usbd_core.o
    0x08006408   0x08006408   0x00000022   Code   RO         2331    .text.USBD_LL_StallEP  usbd_conf.o
    0x0800642a   0x0800642a   0x00000002   PAD
    0x0800642c   0x0800642c   0x00000022   Code   RO         2321    .text.USBD_LL_Start  usbd_conf.o
    0x0800644e   0x0800644e   0x00000002   PAD
    0x08006450   0x08006450   0x00000014   Code   RO         2595    .text.USBD_LL_Suspend  usbd_core.o
    0x08006464   0x08006464   0x00000022   Code   RO         2339    .text.USBD_LL_Transmit  usbd_conf.o
    0x08006486   0x08006486   0x00000002   PAD
    0x08006488   0x08006488   0x0000000a   Code   RO         2709    .text.USBD_MSC_DataIn  usbd_msc.o
    0x08006492   0x08006492   0x00000002   PAD
    0x08006494   0x08006494   0x0000000a   Code   RO         2711    .text.USBD_MSC_DataOut  usbd_msc.o
    0x0800649e   0x0800649e   0x00000002   PAD
    0x080064a0   0x080064a0   0x00000032   Code   RO         2705    .text.USBD_MSC_DeInit  usbd_msc.o
    0x080064d2   0x080064d2   0x00000002   PAD
    0x080064d4   0x080064d4   0x00000010   Code   RO         2719    .text.USBD_MSC_GetDeviceQualifierDescriptor  usbd_msc.o
    0x080064e4   0x080064e4   0x00000010   Code   RO         2715    .text.USBD_MSC_GetFSCfgDesc  usbd_msc.o
    0x080064f4   0x080064f4   0x00000010   Code   RO         2713    .text.USBD_MSC_GetHSCfgDesc  usbd_msc.o
    0x08006504   0x08006504   0x00000010   Code   RO         2717    .text.USBD_MSC_GetOtherSpeedCfgDesc  usbd_msc.o
    0x08006514   0x08006514   0x00000050   Code   RO         2703    .text.USBD_MSC_Init  usbd_msc.o
    0x08006564   0x08006564   0x0000000c   Code   RO         2721    .text.USBD_MSC_RegisterStorage  usbd_msc.o
    0x08006570   0x08006570   0x00000136   Code   RO         2707    .text.USBD_MSC_Setup  usbd_msc.o
    0x080066a6   0x080066a6   0x00000002   PAD
    0x080066a8   0x080066a8   0x00000016   Code   RO         2625    .text.USBD_ParseSetupRequest  usbd_ctlreq.o
    0x080066be   0x080066be   0x00000002   PAD
    0x080066c0   0x080066c0   0x0000000e   Code   RO         2573    .text.USBD_RegisterClass  usbd_core.o
    0x080066ce   0x080066ce   0x00000002   PAD
    0x080066d0   0x080066d0   0x0000001a   Code   RO         2581    .text.USBD_SetClassConfig  usbd_core.o
    0x080066ea   0x080066ea   0x00000002   PAD
    0x080066ec   0x080066ec   0x0000000a   Code   RO         2575    .text.USBD_Start    usbd_core.o
    0x080066f6   0x080066f6   0x00000002   PAD
    0x080066f8   0x080066f8   0x0000037e   Code   RO         2617    .text.USBD_StdDevReq  usbd_ctlreq.o
    0x08006a76   0x08006a76   0x00000002   PAD
    0x08006a78   0x08006a78   0x0000013c   Code   RO         2623    .text.USBD_StdEPReq  usbd_ctlreq.o
    0x08006bb4   0x08006bb4   0x00000072   Code   RO         2621    .text.USBD_StdItfReq  usbd_ctlreq.o
    0x08006c26   0x08006c26   0x00000002   PAD
    0x08006c28   0x08006c28   0x00000002   Code   RO         2349    .text.USBD_static_free  usbd_conf.o
    0x08006c2a   0x08006c2a   0x00000002   PAD
    0x08006c2c   0x08006c2c   0x00000026   Code   RO         2347    .text.USBD_static_malloc  usbd_conf.o
    0x08006c52   0x08006c52   0x00000002   PAD
    0x08006c54   0x08006c54   0x0000022a   Code   RO         1362    .text.USB_ActivateEndpoint  stm32f1xx_ll_usb.o
    0x08006e7e   0x08006e7e   0x00000002   PAD
    0x08006e80   0x08006e80   0x00000004   Code   RO         1348    .text.USB_CoreInit  stm32f1xx_ll_usb.o
    0x08006e84   0x08006e84   0x000000e0   Code   RO         1364    .text.USB_DeactivateEndpoint  stm32f1xx_ll_usb.o
    0x08006f64   0x08006f64   0x00000004   Code   RO         1380    .text.USB_DevConnect  stm32f1xx_ll_usb.o
    0x08006f68   0x08006f68   0x00000004   Code   RO         1382    .text.USB_DevDisconnect  stm32f1xx_ll_usb.o
    0x08006f6c   0x08006f6c   0x0000001a   Code   RO         1356    .text.USB_DevInit   stm32f1xx_ll_usb.o
    0x08006f86   0x08006f86   0x00000002   PAD
    0x08006f88   0x08006f88   0x00000014   Code   RO         1352    .text.USB_DisableGlobalInt  stm32f1xx_ll_usb.o
    0x08006f9c   0x08006f9c   0x00000004   Code   RO         1396    .text.USB_EP0_OutStart  stm32f1xx_ll_usb.o
    0x08006fa0   0x08006fa0   0x0000007a   Code   RO         1372    .text.USB_EPClearStall  stm32f1xx_ll_usb.o
    0x0800701a   0x0800701a   0x00000002   PAD
    0x0800701c   0x0800701c   0x00000032   Code   RO         1370    .text.USB_EPSetStall  stm32f1xx_ll_usb.o
    0x0800704e   0x0800704e   0x00000002   PAD
    0x08007050   0x08007050   0x0000076c   Code   RO         1366    .text.USB_EPStartXfer  stm32f1xx_ll_usb.o
    0x080077bc   0x080077bc   0x00000014   Code   RO         1350    .text.USB_EnableGlobalInt  stm32f1xx_ll_usb.o
    0x080077d0   0x080077d0   0x00000004   Code   RO         1360    .text.USB_FlushRxFifo  stm32f1xx_ll_usb.o
    0x080077d4   0x080077d4   0x00000004   Code   RO         1358    .text.USB_FlushTxFifo  stm32f1xx_ll_usb.o
    0x080077d8   0x080077d8   0x0000000c   Code   RO          145    .text.USB_LP_CAN1_RX0_IRQHandler  stm32f1xx_it.o
    0x080077e4   0x080077e4   0x00000006   Code   RO         1384    .text.USB_ReadInterrupts  stm32f1xx_ll_usb.o
    0x080077ea   0x080077ea   0x00000002   PAD
    0x080077ec   0x080077ec   0x0000002e   Code   RO         1402    .text.USB_ReadPMA   stm32f1xx_ll_usb.o
    0x0800781a   0x0800781a   0x00000002   PAD
    0x0800781c   0x0800781c   0x00000004   Code   RO         1354    .text.USB_SetCurrentMode  stm32f1xx_ll_usb.o
    0x08007820   0x08007820   0x0000000e   Code   RO         1378    .text.USB_SetDevAddress  stm32f1xx_ll_usb.o
    0x0800782e   0x0800782e   0x00000002   PAD
    0x08007830   0x08007830   0x00000022   Code   RO         1368    .text.USB_WritePMA  stm32f1xx_ll_usb.o
    0x08007852   0x08007852   0x00000002   PAD
    0x08007854   0x08007854   0x00000024   Code   RO           82    .text.USER_SPI_GetDmaTCFlag  spi.o
    0x08007878   0x08007878   0x00000002   Code   RO          135    .text.UsageFault_Handler  stm32f1xx_it.o
    0x0800787a   0x0800787a   0x00000002   PAD
    0x0800787c   0x0800787c   0x00000004   Code   RO         2065    .text.User_Init     user_init.o
    0x08007880   0x08007880   0x0000006c   Code   RO         2083    .text.User_Key_Init  user_key.o
    0x080078ec   0x080078ec   0x0000019c   Code   RO         2536    .text.cm_backtrace_call_stack  cm_backtrace.o
    0x08007a88   0x08007a88   0x000005c0   Code   RO         2542    .text.cm_backtrace_fault  cm_backtrace.o
    0x08008048   0x08008048   0x000000c8   Code   RO         2530    .text.cm_backtrace_init  cm_backtrace.o
    0x08008110   0x08008110   0x000000cc   Code   RO         2885    .text.create_chain  ff.o
    0x080081dc   0x080081dc   0x0000017e   Code   RO         2941    .text.dir_find      ff.o
    0x0800835a   0x0800835a   0x00000002   PAD
    0x0800835c   0x0800835c   0x00000172   Code   RO         2907    .text.dir_next      ff.o
    0x080084ce   0x080084ce   0x00000002   PAD
    0x080084d0   0x080084d0   0x000002da   Code   RO         2875    .text.dir_register  ff.o
    0x080087aa   0x080087aa   0x00000002   PAD
    0x080087ac   0x080087ac   0x000000c0   Code   RO         2897    .text.dir_sdi       ff.o
    0x0800886c   0x0800886c   0x00000024   Code   RO         2841    .text.disk_initialize  diskio.o
    0x08008890   0x08008890   0x00000016   Code   RO         2847    .text.disk_ioctl    diskio.o
    0x080088a6   0x080088a6   0x00000002   PAD
    0x080088a8   0x080088a8   0x00000020   Code   RO         2843    .text.disk_read     diskio.o
    0x080088c8   0x080088c8   0x00000016   Code   RO         2839    .text.disk_status   diskio.o
    0x080088de   0x080088de   0x00000002   PAD
    0x080088e0   0x080088e0   0x00000020   Code   RO         2845    .text.disk_write    diskio.o
    0x08008900   0x08008900   0x000000a6   Code   RO         2891    .text.f_close       ff.o
    0x080089a6   0x080089a6   0x00000002   PAD
    0x080089a8   0x080089a8   0x000004cc   Code   RO         2893    .text.f_lseek       ff.o
    0x08008e74   0x08008e74   0x000000e8   Code   RO         2867    .text.f_mount       ff.o
    0x08008f5c   0x08008f5c   0x0000037e   Code   RO         2871    .text.f_open        ff.o
    0x080092da   0x080092da   0x00000002   PAD
    0x080092dc   0x080092dc   0x0000031c   Code   RO         2881    .text.f_read        ff.o
    0x080095f8   0x080095f8   0x00000132   Code   RO         2887    .text.f_sync        ff.o
    0x0800972a   0x0800972a   0x00000002   PAD
    0x0800972c   0x0800972c   0x00000090   Code   RO         2999    .text.ff_convert    cc936.o
    0x080097bc   0x080097bc   0x00000040   Code   RO         2978    .text.ff_cre_syncobj  syscall.o
    0x080097fc   0x080097fc   0x0000000a   Code   RO         2980    .text.ff_del_syncobj  syscall.o
    0x08009806   0x08009806   0x00000002   PAD
    0x08009808   0x08009808   0x00000004   Code   RO         2986    .text.ff_memalloc   syscall.o
    0x0800980c   0x0800980c   0x00000004   Code   RO         2988    .text.ff_memfree    syscall.o
    0x08009810   0x08009810   0x00000004   Code   RO         2984    .text.ff_rel_grant  syscall.o
    0x08009814   0x08009814   0x00000012   Code   RO         2982    .text.ff_req_grant  syscall.o
    0x08009826   0x08009826   0x00000002   PAD
    0x08009828   0x08009828   0x0000002c   Code   RO         3001    .text.ff_wtoupper   cc936.o
    0x08009854   0x08009854   0x00000396   Code   RO         2869    .text.find_volume   ff.o
    0x08009bea   0x08009bea   0x00000002   PAD
    0x08009bec   0x08009bec   0x00000338   Code   RO         2873    .text.follow_path   ff.o
    0x08009f24   0x08009f24   0x0000000e   Code   RO         2005    .text.fputc         system.o
    0x08009f32   0x08009f32   0x00000002   PAD
    0x08009f34   0x08009f34   0x000000c4   Code   RO         2861    .text.get_fat       ff.o
    0x08009ff8   0x08009ff8   0x00000004   Code   RO         2826    .text.get_fattime   fatfs.o
    0x08009ffc   0x08009ffc   0x0000002c   Code   RO         2367    .text.hxzp_Key_eventReg  hxzp_key.o
    0x0800a028   0x0800a028   0x00000070   Code   RO         2363    .text.hxzp_Key_init  hxzp_key.o
    0x0800a098   0x0800a098   0x00000218   Code   RO         2492    .text.hxzp_Lcd_Print  hxzp_st7789.o
    0x0800a2b0   0x0800a2b0   0x00000038   Code   RO         2488    .text.hxzp_Lcd_PrintCR  hxzp_st7789.o
    0x0800a2e8   0x0800a2e8   0x0000005a   Code   RO         2490    .text.hxzp_Lcd_PrintLF  hxzp_st7789.o
    0x0800a342   0x0800a342   0x00000002   PAD
    0x0800a344   0x0800a344   0x00000070   Code   RO         2387    .text.hxzp_Led_init  hxzp_led.o
    0x0800a3b4   0x0800a3b4   0x00000158   Code   RO         2395    .text.hxzp_Led_piece  hxzp_led.o
    0x0800a50c   0x0800a50c   0x0000005e   Code   RO         2470    .text.hxzp_st7789_Commad  hxzp_st7789.o
    0x0800a56a   0x0800a56a   0x00000002   PAD
    0x0800a56c   0x0800a56c   0x0000005c   Code   RO         2472    .text.hxzp_st7789_Data  hxzp_st7789.o
    0x0800a5c8   0x0800a5c8   0x00000014   Code   RO         2504    .text.hxzp_st7789_DelayMs  hxzp_st7789.o
    0x0800a5dc   0x0800a5dc   0x00000022   Code   RO         2494    .text.hxzp_st7789_GetTcReg  hxzp_st7789.o
    0x0800a5fe   0x0800a5fe   0x00000002   PAD
    0x0800a600   0x0800a600   0x00000224   Code   RO         2500    .text.hxzp_st7789_Init  hxzp_st7789.o
    0x0800a824   0x0800a824   0x000000a2   Code   RO         2496    .text.hxzp_st7789_InitReg  hxzp_st7789.o
    0x0800a8c6   0x0800a8c6   0x00000002   PAD
    0x0800a8c8   0x0800a8c8   0x000000da   Code   RO         2474    .text.hxzp_st7789_SetBackground  hxzp_st7789.o
    0x0800a9a2   0x0800a9a2   0x00000002   PAD
    0x0800a9a4   0x0800a9a4   0x00000096   Code   RO         2480    .text.hxzp_st7789_SetSpace  hxzp_st7789.o
    0x0800aa3a   0x0800aa3a   0x00000002   PAD
    0x0800aa3c   0x0800aa3c   0x000000f6   Code   RO         2478    .text.hxzp_st7789_SetTran  hxzp_st7789.o
    0x0800ab32   0x0800ab32   0x00000002   PAD
    0x0800ab34   0x0800ab34   0x000000ea   Code   RO         2468    .text.hxzp_st7789_SetWindow  hxzp_st7789.o
    0x0800ac1e   0x0800ac1e   0x00000002   PAD
    0x0800ac20   0x0800ac20   0x00000014   Code   RO         2464    .text.hxzp_st7789_TxLockGet  hxzp_st7789.o
    0x0800ac34   0x0800ac34   0x00000016   Code   RO         2502    .text.hxzp_st7789_TxLockHold  hxzp_st7789.o
    0x0800ac4a   0x0800ac4a   0x00000002   PAD
    0x0800ac4c   0x0800ac4c   0x00000042   Code   RO         2466    .text.hxzp_st7789_TxLockRelease  hxzp_st7789.o
    0x0800ac8e   0x0800ac8e   0x00000002   PAD
    0x0800ac90   0x0800ac90   0x0000004c   Code   RO         2476    .text.hxzp_st7789_Write  hxzp_st7789.o
    0x0800acdc   0x0800acdc   0x0000003e   Code   RO           11    .text.main          main.o
    0x0800ad1a   0x0800ad1a   0x00000002   PAD
    0x0800ad1c   0x0800ad1c   0x000000a6   Code   RO         2863    .text.move_window   ff.o
    0x0800adc2   0x0800adc2   0x00000002   PAD
    0x0800adc4   0x0800adc4   0x00000034   Code   RO         1857    .text.osDelay       cmsis_os2.o
    0x0800adf8   0x0800adf8   0x0000003a   Code   RO         1797    .text.osKernelInitialize  cmsis_os2.o
    0x0800ae32   0x0800ae32   0x00000002   PAD
    0x0800ae34   0x0800ae34   0x00000042   Code   RO         1803    .text.osKernelStart  cmsis_os2.o
    0x0800ae76   0x0800ae76   0x00000002   PAD
    0x0800ae78   0x0800ae78   0x00000088   Code   RO         1899    .text.osSemaphoreAcquire  cmsis_os2.o
    0x0800af00   0x0800af00   0x00000044   Code   RO         1905    .text.osSemaphoreDelete  cmsis_os2.o
    0x0800af44   0x0800af44   0x000000f2   Code   RO         1897    .text.osSemaphoreNew  cmsis_os2.o
    0x0800b036   0x0800b036   0x00000002   PAD
    0x0800b038   0x0800b038   0x0000007c   Code   RO         1901    .text.osSemaphoreRelease  cmsis_os2.o
    0x0800b0b4   0x0800b0b4   0x000000ea   Code   RO         1819    .text.osThreadNew   cmsis_os2.o
    0x0800b19e   0x0800b19e   0x00000002   PAD
    0x0800b1a0   0x0800b1a0   0x000000e8   Code   RO         2540    .text.print_call_stack  cm_backtrace.o
    0x0800b288   0x0800b288   0x00000084   Code   RO         1617    .text.prvAddCurrentTaskToDelayedList  tasks.o
    0x0800b30c   0x0800b30c   0x0000011c   Code   RO         1607    .text.prvAddNewTaskToReadyList  tasks.o
    0x0800b428   0x0800b428   0x0000007c   Code   RO         1746    .text.prvCheckForValidListAndQueue  timers.o
    0x0800b4a4   0x0800b4a4   0x0000009a   Code   RO         1641    .text.prvIdleTask   tasks.o
    0x0800b53e   0x0800b53e   0x00000002   PAD
    0x0800b540   0x0800b540   0x00000020   Code   RO         1978    .text.prvPortStartFirstTask  port.o
    0x0800b560   0x0800b560   0x000000e6   Code   RO         1778    .text.prvSampleTimeNow  timers.o
    0x0800b646   0x0800b646   0x00000002   PAD
    0x0800b648   0x0800b648   0x00000032   Code   RO         1970    .text.prvTaskExitError  port.o
    0x0800b67a   0x0800b67a   0x00000002   PAD
    0x0800b67c   0x0800b67c   0x00000296   Code   RO         1748    .text.prvTimerTask  timers.o
    0x0800b912   0x0800b912   0x00000002   PAD
    0x0800b914   0x0800b914   0x00000074   Code   RO         1508    .text.prvUnlockQueue  queue.o
    0x0800b988   0x0800b988   0x000000fa   Code   RO         2865    .text.put_fat       ff.o
    0x0800ba82   0x0800ba82   0x00000002   PAD
    0x0800ba84   0x0800ba84   0x000001b8   Code   RO         1944    .text.pvPortMalloc  heap_4.o
    0x0800bc3c   0x0800bc3c   0x00000018   Code   RO         1695    .text.pvTaskIncrementMutexHeldCount  tasks.o
    0x0800bc54   0x0800bc54   0x00000020   Code   RO         1968    .text.pxPortInitialiseStack  port.o
    0x0800bc74   0x0800bc74   0x00000022   Code   RO         2428    .text.ringbuff_init  hxzp_ringbuff.o
    0x0800bc96   0x0800bc96   0x00000002   PAD
    0x0800bc98   0x0800bc98   0x0000007a   Code   RO         2436    .text.ringbuff_put  hxzp_ringbuff.o
    0x0800bd12   0x0800bd12   0x00000002   PAD
    0x0800bd14   0x0800bd14   0x000000e0   Code   RO         2889    .text.sync_fs       ff.o
    0x0800bdf4   0x0800bdf4   0x00000064   Code   RO         2921    .text.sync_window   ff.o
    0x0800be58   0x0800be58   0x00000070   Code   RO         2003    .text.sys_lcd_printf  system.o
    0x0800bec8   0x0800bec8   0x00000024   Code   RO         1472    .text.uxListRemove  list.o
    0x0800beec   0x0800beec   0x0000001a   Code   RO         1927    .text.vApplicationGetIdleTaskMemory  cmsis_os2.o
    0x0800bf06   0x0800bf06   0x00000002   PAD
    0x0800bf08   0x0800bf08   0x0000001c   Code   RO         1929    .text.vApplicationGetTimerTaskMemory  cmsis_os2.o
    0x0800bf24   0x0800bf24   0x00000002   Code   RO         1925    .text.vApplicationIdleHook  cmsis_os2.o
    0x0800bf26   0x0800bf26   0x00000002   PAD
    0x0800bf28   0x0800bf28   0x00000016   Code   RO         1464    .text.vListInitialise  list.o
    0x0800bf3e   0x0800bf3e   0x00000002   PAD
    0x0800bf40   0x0800bf40   0x00000006   Code   RO         1466    .text.vListInitialiseItem  list.o
    0x0800bf46   0x0800bf46   0x00000002   PAD
    0x0800bf48   0x0800bf48   0x0000003a   Code   RO         1470    .text.vListInsert   list.o
    0x0800bf82   0x0800bf82   0x00000002   PAD
    0x0800bf84   0x0800bf84   0x0000001c   Code   RO         1468    .text.vListInsertEnd  list.o
    0x0800bfa0   0x0800bfa0   0x00000046   Code   RO         1982    .text.vPortEnterCritical  port.o
    0x0800bfe6   0x0800bfe6   0x00000002   PAD
    0x0800bfe8   0x0800bfe8   0x0000002e   Code   RO         1984    .text.vPortExitCritical  port.o
    0x0800c016   0x0800c016   0x00000002   PAD
    0x0800c018   0x0800c018   0x000000c4   Code   RO         1946    .text.vPortFree     heap_4.o
    0x0800c0dc   0x0800c0dc   0x00000034   Code   RO         1976    .text.vPortSetupTimerInterrupt  port.o
    0x0800c110   0x0800c110   0x00000062   Code   RO         1990    .text.vPortValidateInterruptPriority  port.o
    0x0800c172   0x0800c172   0x00000002   PAD
    0x0800c174   0x0800c174   0x00000028   Code   RO         1542    .text.vQueueAddToRegistry  queue.o
    0x0800c19c   0x0800c19c   0x00000048   Code   RO         1528    .text.vQueueDelete  queue.o
    0x0800c1e4   0x0800c1e4   0x0000002a   Code   RO         1530    .text.vQueueUnregisterQueue  queue.o
    0x0800c20e   0x0800c20e   0x00000002   PAD
    0x0800c210   0x0800c210   0x00000046   Code   RO         1546    .text.vQueueWaitForMessageRestricted  queue.o
    0x0800c256   0x0800c256   0x00000002   PAD
    0x0800c258   0x0800c258   0x000000a6   Code   RO         1621    .text.vTaskDelay    tasks.o
    0x0800c2fe   0x0800c2fe   0x00000002   PAD
    0x0800c300   0x0800c300   0x0000001a   Code   RO         1669    .text.vTaskInternalSetTimeOutState  tasks.o
    0x0800c31a   0x0800c31a   0x00000002   PAD
    0x0800c31c   0x0800c31c   0x0000000e   Code   RO         1673    .text.vTaskMissedYield  tasks.o
    0x0800c32a   0x0800c32a   0x00000002   PAD
    0x0800c32c   0x0800c32c   0x0000000e   Code   RO         1713    .text.vTaskName     tasks.o
    0x0800c33a   0x0800c33a   0x00000002   PAD
    0x0800c33c   0x0800c33c   0x00000036   Code   RO         1657    .text.vTaskPlaceOnEventList  tasks.o
    0x0800c372   0x0800c372   0x00000002   PAD
    0x0800c374   0x0800c374   0x0000003e   Code   RO         1661    .text.vTaskPlaceOnEventListRestricted  tasks.o
    0x0800c3b2   0x0800c3b2   0x00000002   PAD
    0x0800c3b4   0x0800c3b4   0x000000a6   Code   RO         1691    .text.vTaskPriorityDisinheritAfterTimeout  tasks.o
    0x0800c45a   0x0800c45a   0x00000002   PAD
    0x0800c45c   0x0800c45c   0x0000000e   Code   RO         1709    .text.vTaskStackAddr  tasks.o
    0x0800c46a   0x0800c46a   0x00000002   PAD
    0x0800c46c   0x0800c46c   0x0000000e   Code   RO         1711    .text.vTaskStackSize  tasks.o
    0x0800c47a   0x0800c47a   0x00000002   PAD
    0x0800c47c   0x0800c47c   0x000000a4   Code   RO         1639    .text.vTaskStartScheduler  tasks.o
    0x0800c520   0x0800c520   0x00000010   Code   RO         1615    .text.vTaskSuspendAll  tasks.o
    0x0800c530   0x0800c530   0x0000009a   Code   RO         1633    .text.vTaskSwitchContext  tasks.o
    0x0800c5ca   0x0800c5ca   0x00000002   PAD
    0x0800c5cc   0x0800c5cc   0x000000da   Code   RO         1974    .text.xPortStartScheduler  port.o
    0x0800c6a6   0x0800c6a6   0x00000002   PAD
    0x0800c6a8   0x0800c6a8   0x00000042   Code   RO         1506    .text.xQueueCreateCountingSemaphore  queue.o
    0x0800c6ea   0x0800c6ea   0x00000002   PAD
    0x0800c6ec   0x0800c6ec   0x00000052   Code   RO         1504    .text.xQueueCreateCountingSemaphoreStatic  queue.o
    0x0800c73e   0x0800c73e   0x00000002   PAD
    0x0800c740   0x0800c740   0x0000008e   Code   RO         1486    .text.xQueueGenericCreate  queue.o
    0x0800c7ce   0x0800c7ce   0x00000002   PAD
    0x0800c7d0   0x0800c7d0   0x000000da   Code   RO         1484    .text.xQueueGenericCreateStatic  queue.o
    0x0800c8aa   0x0800c8aa   0x00000002   PAD
    0x0800c8ac   0x0800c8ac   0x00000212   Code   RO         1498    .text.xQueueGenericSend  queue.o
    0x0800cabe   0x0800cabe   0x00000002   PAD
    0x0800cac0   0x0800cac0   0x000000c2   Code   RO         1512    .text.xQueueGiveFromISR  queue.o
    0x0800cb82   0x0800cb82   0x00000002   PAD
    0x0800cb84   0x0800cb84   0x000001a8   Code   RO         1514    .text.xQueueReceive  queue.o
    0x0800cd2c   0x0800cd2c   0x000000c6   Code   RO         1518    .text.xQueueReceiveFromISR  queue.o
    0x0800cdf2   0x0800cdf2   0x00000002   PAD
    0x0800cdf4   0x0800cdf4   0x000001e2   Code   RO         1502    .text.xQueueSemaphoreTake  queue.o
    0x0800cfd6   0x0800cfd6   0x00000002   PAD
    0x0800cfd8   0x0800cfd8   0x0000008e   Code   RO         1671    .text.xTaskCheckForTimeOut  tasks.o
    0x0800d066   0x0800d066   0x00000002   PAD
    0x0800d068   0x0800d068   0x000000dc   Code   RO         1609    .text.xTaskCreate   tasks.o
    0x0800d144   0x0800d144   0x000000c6   Code   RO         1605    .text.xTaskCreateStatic  tasks.o
    0x0800d20a   0x0800d20a   0x00000002   PAD
    0x0800d20c   0x0800d20c   0x00000026   Code   RO         1685    .text.xTaskGetSchedulerState  tasks.o
    0x0800d232   0x0800d232   0x00000002   PAD
    0x0800d234   0x0800d234   0x0000000c   Code   RO         1647    .text.xTaskGetTickCount  tasks.o
    0x0800d240   0x0800d240   0x0000016e   Code   RO         1645    .text.xTaskIncrementTick  tasks.o
    0x0800d3ae   0x0800d3ae   0x00000002   PAD
    0x0800d3b0   0x0800d3b0   0x00000092   Code   RO         1689    .text.xTaskPriorityDisinherit  tasks.o
    0x0800d442   0x0800d442   0x00000002   PAD
    0x0800d444   0x0800d444   0x00000092   Code   RO         1687    .text.xTaskPriorityInherit  tasks.o
    0x0800d4d6   0x0800d4d6   0x00000002   PAD
    0x0800d4d8   0x0800d4d8   0x0000008e   Code   RO         1663    .text.xTaskRemoveFromEventList  tasks.o
    0x0800d566   0x0800d566   0x00000002   PAD
    0x0800d568   0x0800d568   0x00000138   Code   RO         1619    .text.xTaskResumeAll  tasks.o
    0x0800d6a0   0x0800d6a0   0x00000074   Code   RO         1744    .text.xTimerCreateTimerTask  timers.o
    0x0800d714   0x0800d714   0x00000020   Code   RO         3298    i.__0printf$8       mc_w.l(printf8.o)
    0x0800d734   0x0800d734   0x00000028   Code   RO         3300    i.__0sprintf$8      mc_w.l(printf8.o)
    0x0800d75c   0x0800d75c   0x0000000e   Code   RO         3433    i.__scatterload_copy  mc_w.l(handlers.o)
    0x0800d76a   0x0800d76a   0x00000002   Code   RO         3434    i.__scatterload_null  mc_w.l(handlers.o)
    0x0800d76c   0x0800d76c   0x0000000e   Code   RO         3435    i.__scatterload_zeroinit  mc_w.l(handlers.o)
    0x0800d77a   0x0800d77a   0x00000002   PAD
    0x0800d77c   0x0800d77c   0x00000410   Code   RO         3305    i._printf_core      mc_w.l(printf8.o)
    0x0800db8c   0x0800db8c   0x00000024   Code   RO         3306    i._printf_post_padding  mc_w.l(printf8.o)
    0x0800dbb0   0x0800dbb0   0x0000002e   Code   RO         3307    i._printf_pre_padding  mc_w.l(printf8.o)
    0x0800dbde   0x0800dbde   0x0000000a   Code   RO         3309    i._sputc            mc_w.l(printf8.o)
    0x0800dbe8   0x0800dbe8   0x00000050   Code   RO         3352    i.free              mc_w.l(malloc.o)
    0x0800dc38   0x0800dc38   0x0000006c   Code   RO         3353    i.malloc            mc_w.l(malloc.o)
    0x0800dca4   0x0800dca4   0x0000000c   Code   RO         3073    i.putchar           mc_w.l(putchar.o)
    0x0800dcb0   0x0800dcb0   0x00000024   Code   RO         3071    i.puts              mc_w.l(puts.o)
    0x0800dcd4   0x0800dcd4   0x00000007   Data   RO         2950    .rodata..Lswitch.table.f_utime  ff.o
    0x0800dcdb   0x0800dcdb   0x00000010   Data   RO         1417    .rodata.AHBPrescTable  system_stm32f1xx.o
    0x0800dceb   0x0800dceb   0x00000008   Data   RO         1418    .rodata.APBPrescTable  system_stm32f1xx.o
    0x0800dcf3   0x0800dcf3   0x00000001   PAD
    0x0800dcf4   0x0800dcf4   0x00000018   Data   RO         3059    .rodata.EventRecorderInfo  eventrecorder.o
    0x0800dd0c   0x0800dd0c   0x00000002   Data   RO          287    .rodata.HAL_RCC_GetSysClockFreq.aPredivFactorTable  stm32f1xx_hal_rcc.o
    0x0800dd0e   0x0800dd0e   0x00000002   PAD
    0x0800dd10   0x0800dd10   0x00000024   Data   RO         2375    .rodata.KeyTask_attributes  hxzp_key.o
    0x0800dd34   0x0800dd34   0x00000024   Data   RO         2515    .rodata.LcdTask_attributes  hxzp_st7789.o
    0x0800dd58   0x0800dd58   0x00000024   Data   RO         2400    .rodata.LedTask_attributes  hxzp_led.o
    0x0800dd7c   0x0800dd7c   0x0000000d   Data   RO         2949    .rodata.LfnOfs      ff.o
    0x0800dd89   0x0800dd89   0x00000008   Data   RO         2764    .rodata.MSC_Mode_Sense10_data  usbd_msc_data.o
    0x0800dd91   0x0800dd91   0x00000008   Data   RO         2763    .rodata.MSC_Mode_Sense6_data  usbd_msc_data.o
    0x0800dd99   0x0800dd99   0x00000007   Data   RO         2762    .rodata.MSC_Page00_Inquiry_Data  usbd_msc_data.o
    0x0800dda0   0x0800dda0   0x00000014   Data   RO         3024    .rodata.SD_Driver   sd_diskio.o
    0x0800ddb4   0x0800ddb4   0x00000024   Data   RO         2248    .rodata.STORAGE_Inquirydata_FS  usbd_storage_if.o
    0x0800ddd8   0x0800ddd8   0x00000010   Data   RO          286    .rodata.cst16       stm32f1xx_hal_rcc.o
    0x0800dde8   0x0800dde8   0x00000024   Data   RO           42    .rodata.defaultTask_attributes  freertos.o
    0x0800de0c   0x0800de0c   0x00015484   Data   RO         3003    .rodata.oem2uni     cc936.o
    0x08023290   0x08023290   0x0000000c   Data   RO           41    .rodata.str1.1      freertos.o
    0x0802329c   0x0802329c   0x000000a9   Data   RO         2085    .rodata.str1.1      user_key.o
    0x08023345   0x08023345   0x00000004   Data   RO         2096    .rodata.str1.1      drv_init.o
    0x08023349   0x08023349   0x00000013   Data   RO         2116    .rodata.str1.1      drv_key.o
    0x0802335c   0x0802335c   0x00000003   Data   RO         2223    .rodata.str1.1      usbd_cdc_if.o
    0x0802335f   0x0802335f   0x00000008   Data   RO         2374    .rodata.str1.1      hxzp_key.o
    0x08023367   0x08023367   0x00000008   Data   RO         2399    .rodata.str1.1      hxzp_led.o
    0x0802336f   0x0802336f   0x00000008   Data   RO         2514    .rodata.str1.1      hxzp_st7789.o
    0x08023377   0x08023377   0x00000456   Data   RO         2555    .rodata.str1.1      cm_backtrace.o
    0x080237cd   0x080237cd   0x00000010   Data   RO         2948    .rodata.str1.1      ff.o
    0x080237dd   0x080237dd   0x00000001   PAD
    0x080237de   0x080237de   0x000003c0   Data   RO         3005    .rodata.str2.2      cc936.o
    0x08023b9e   0x08023b9e   0x00015484   Data   RO         3004    .rodata.uni2oem     cc936.o
    0x08039022   0x08039022   0x00000002   PAD
    0x08039024   0x08039024   0x00000020   Data   RO         3432    Region$$Table       anon$$obj.o


    Execution Region RW_IRAM1 (Exec base: 0x20000000, Load base: 0x08039080, Size: 0x00009768, Max: 0x00010000, ABSOLUTE, COMPRESSED[0x00000240])

    Exec Addr    Load Addr    Size         Type   Attr      Idx    E Section Name        Object

    0x20000000   COMPRESSED   0x00000004   Data   RW         3394    .data               mc_w.l(stdout.o)
    0x20000004   COMPRESSED   0x00000004   Data   RW         3408    .data               mc_w.l(mvars.o)
    0x20000008   COMPRESSED   0x00000004   Data   RW         3409    .data               mc_w.l(mvars.o)
    0x2000000c   COMPRESSED   0x0000001c   Data   RW         2281    .data.FS_Desc       usbd_desc.o
    0x20000028   COMPRESSED   0x00000001   Data   RW         3025    .data.Stat          sd_diskio.o
    0x20000029   COMPRESSED   0x00000003   PAD
    0x2000002c   COMPRESSED   0x00000004   Data   RW         1416    .data.SystemCoreClock  system_stm32f1xx.o
    0x20000030   COMPRESSED   0x00000038   Data   RW         2690    .data.USBD_CDC      usbd_cdc.o
    0x20000068   COMPRESSED   0x00000043   Data   RW         2692    .data.USBD_CDC_CfgFSDesc  usbd_cdc.o
    0x200000ab   COMPRESSED   0x00000001   PAD
    0x200000ac   COMPRESSED   0x00000043   Data   RW         2691    .data.USBD_CDC_CfgHSDesc  usbd_cdc.o
    0x200000ef   COMPRESSED   0x00000001   PAD
    0x200000f0   COMPRESSED   0x0000000a   Data   RW         2694    .data.USBD_CDC_DeviceQualifierDesc  usbd_cdc.o
    0x200000fa   COMPRESSED   0x00000002   PAD
    0x200000fc   COMPRESSED   0x00000008   Data   RW         2221    .data.USBD_CDC_LineCoding  usbd_cdc_if.o
    0x20000104   COMPRESSED   0x00000043   Data   RW         2693    .data.USBD_CDC_OtherSpeedCfgDesc  usbd_cdc.o
    0x20000147   COMPRESSED   0x00000001   PAD
    0x20000148   COMPRESSED   0x00000012   Data   RW         2282    .data.USBD_FS_DeviceDescCDC  usbd_desc.o
    0x2000015a   COMPRESSED   0x00000002   PAD
    0x2000015c   COMPRESSED   0x00000012   Data   RW         2283    .data.USBD_FS_DeviceDescMSC  usbd_desc.o
    0x2000016e   COMPRESSED   0x00000002   PAD
    0x20000170   COMPRESSED   0x00000010   Data   RW         2222    .data.USBD_Interface_fops_FS  usbd_cdc_if.o
    0x20000180   COMPRESSED   0x00000004   Data   RW         2284    .data.USBD_LangIDDesc  usbd_desc.o
    0x20000184   COMPRESSED   0x00000038   Data   RW         2723    .data.USBD_MSC      usbd_msc.o
    0x200001bc   COMPRESSED   0x00000020   Data   RW         2725    .data.USBD_MSC_CfgFSDesc  usbd_msc.o
    0x200001dc   COMPRESSED   0x00000020   Data   RW         2724    .data.USBD_MSC_CfgHSDesc  usbd_msc.o
    0x200001fc   COMPRESSED   0x0000000a   Data   RW         2727    .data.USBD_MSC_DeviceQualifierDesc  usbd_msc.o
    0x20000206   COMPRESSED   0x00000002   PAD
    0x20000208   COMPRESSED   0x00000020   Data   RW         2726    .data.USBD_MSC_OtherSpeedCfgDesc  usbd_msc.o
    0x20000228   COMPRESSED   0x00000020   Data   RW         2249    .data.USBD_Storage_Interface_fops_FS  usbd_storage_if.o
    0x20000248   COMPRESSED   0x0000001a   Data   RW         2285    .data.USBD_StringSerial  usbd_desc.o
    0x20000262   COMPRESSED   0x00000002   Data   RW         2513    .data.color         hxzp_st7789.o
    0x20000264   COMPRESSED   0x00000001   Data   RW         2511    .data.high          hxzp_st7789.o
    0x20000265   COMPRESSED   0x00000003   PAD
    0x20000268   COMPRESSED   0x00000020   Data   RW         2118    .data.key_ccw       drv_key.o
    0x20000288   COMPRESSED   0x00000008   Data   RW         2115    .data.key_config_default  drv_key.o
    0x20000290   COMPRESSED   0x00000020   Data   RW         2117    .data.key_cw        drv_key.o
    0x200002b0   COMPRESSED   0x00000020   Data   RW         2120    .data.key_key1      drv_key.o
    0x200002d0   COMPRESSED   0x00000020   Data   RW         2121    .data.key_key2      drv_key.o
    0x200002f0   COMPRESSED   0x00000020   Data   RW         2119    .data.key_push      drv_key.o
    0x20000310   COMPRESSED   0x0000001c   Data   RW         2161    .data.led1          drv_led.o
    0x2000032c   COMPRESSED   0x0000050a   Data   RW         2157    .data.led1_Conf     drv_led.o
    0x20000836   COMPRESSED   0x00000002   PAD
    0x20000838   COMPRESSED   0x0000001c   Data   RW         2162    .data.led2          drv_led.o
    0x20000854   COMPRESSED   0x0000050a   Data   RW         2158    .data.led2_Conf     drv_led.o
    0x20000d5e   COMPRESSED   0x00000002   PAD
    0x20000d60   COMPRESSED   0x0000001c   Data   RW         2163    .data.led3          drv_led.o
    0x20000d7c   COMPRESSED   0x0000050a   Data   RW         2159    .data.led3_Conf     drv_led.o
    0x20001286   COMPRESSED   0x00000001   Data   RW          248    .data.uwTickFreq    stm32f1xx_hal.o
    0x20001287   COMPRESSED   0x00000001   PAD
    0x20001288   COMPRESSED   0x00000004   Data   RW          247    .data.uwTickPrio    stm32f1xx_hal.o
    0x2000128c   COMPRESSED   0x00000004   Data   RW         1994    .data.uxCriticalNesting  port.o
    0x20001290   COMPRESSED   0x00000001   Data   RW         2512    .data.wide          hxzp_st7789.o
    0x20001291   COMPRESSED   0x0000002f   PAD
    0x200012c0        -       0x00000004   Zero   RW         2943    .bss.FatFs          ff.o
    0x200012c4        -       0x00000018   Zero   RW         2946    .bss.Files          ff.o
    0x200012dc        -       0x00000002   Zero   RW         2947    .bss.Fsid           ff.o
    0x200012de   COMPRESSED   0x00000002   PAD
    0x200012e0        -       0x00000200   Zero   RW         1933    .bss.Idle_Stack     cmsis_os2.o
    0x200014e0        -       0x0000005c   Zero   RW         1932    .bss.Idle_TCB       cmsis_os2.o
    0x2000153c        -       0x00000004   Zero   RW         1931    .bss.KernelState    cmsis_os2.o
    0x20001540        -       0x00000004   Zero   RW         2373    .bss.KeyList        hxzp_key.o
    0x20001544        -       0x00000004   Zero   RW         2376    .bss.KeyTaskHandle  hxzp_key.o
    0x20001548        -       0x0000196c   Zero   RW         2506    .bss.LCD            hxzp_st7789.o
    0x20002eb4        -       0x00000004   Zero   RW         2516    .bss.LcdTaskHandle  hxzp_st7789.o
    0x20002eb8        -       0x00000004   Zero   RW         2398    .bss.LedList        hxzp_led.o
    0x20002ebc        -       0x00000004   Zero   RW         2401    .bss.LedTaskHandle  hxzp_led.o
    0x20002ec0        -       0x00000234   Zero   RW         2830    .bss.SDFatFS        fatfs.o
    0x200030f4        -       0x0000022c   Zero   RW         2831    .bss.SDFile         fatfs.o
    0x20003320        -       0x00000004   Zero   RW         2828    .bss.SDPath         fatfs.o
    0x20003324        -       0x00000001   Zero   RW         2397    .bss.StartLedTask.u8count  hxzp_led.o
    0x20003325   COMPRESSED   0x00000003   PAD
    0x20003328        -       0x00000400   Zero   RW         1935    .bss.Timer_Stack    cmsis_os2.o
    0x20003728        -       0x0000005c   Zero   RW         1934    .bss.Timer_TCB      cmsis_os2.o
    0x20003784        -       0x00000001   Zero   RW         2629    .bss.USBD_SetConfig.cfgidx  usbd_ctlreq.o
    0x20003785   COMPRESSED   0x00000003   PAD
    0x20003788        -       0x00000200   Zero   RW         2286    .bss.USBD_StrDesc   usbd_desc.o
    0x20003988        -       0x00000400   Zero   RW         2224    .bss.UserRxBufferFS  usbd_cdc_if.o
    0x20003d88        -       0x00000400   Zero   RW         2225    .bss.UserTxBufferFS  usbd_cdc_if.o
    0x20004188        -       0x00000120   Zero   RW         2556    .bss.call_stack_info  cm_backtrace.o
    0x200042a8        -       0x00000001   Zero   RW         2550    .bss.code_size      cm_backtrace.o
    0x200042a9   COMPRESSED   0x00000003   PAD
    0x200042ac        -       0x00000001   Zero   RW         2549    .bss.code_start_addr  cm_backtrace.o
    0x200042ad   COMPRESSED   0x00000001   PAD
    0x200042ae        -       0x00000002   Zero   RW         2510    .bss.colorb         hxzp_st7789.o
    0x200042b0        -       0x00000002   Zero   RW         2053    .bss.corlo          test.o
    0x200042b2        -       0x00000001   Zero   RW         2508    .bss.cursorx        hxzp_st7789.o
    0x200042b3        -       0x00000001   Zero   RW         2509    .bss.cursory        hxzp_st7789.o
    0x200042b4        -       0x00000004   Zero   RW           43    .bss.defaultTaskHandle  freertos.o
    0x200042b8        -       0x0000000c   Zero   RW         2969    .bss.disk           ff_gen_drv.o
    0x200042c4        -       0x00000050   Zero   RW         2990    .bss.ff_cre_syncobj.os_semaphore_cb_SEM  syscall.o
    0x20004314        -       0x00000021   Zero   RW         2544    .bss.fw_name        cm_backtrace.o
    0x20004335   COMPRESSED   0x00000003   PAD
    0x20004338        -       0x0000029c   Zero   RW         2260    .bss.hUsbDeviceFS   usb_device.o
    0x200045d4        -       0x00000044   Zero   RW           85    .bss.hdma_spi1_tx   spi.o
    0x20004618        -       0x00000044   Zero   RW          104    .bss.hdma_usart2_rx  usart.o
    0x2000465c        -       0x00000044   Zero   RW          105    .bss.hdma_usart2_tx  usart.o
    0x200046a0        -       0x000002f0   Zero   RW          120    .bss.hpcd_USB_FS    usb.o
    0x20004990        -       0x00000084   Zero   RW           67    .bss.hsd            sdio.o
    0x20004a14        -       0x00000058   Zero   RW           84    .bss.hspi1          spi.o
    0x20004a6c        -       0x00000048   Zero   RW          174    .bss.htim8          stm32f1xx_hal_timebase_tim.o
    0x20004ab4        -       0x00000048   Zero   RW          102    .bss.huart2         usart.o
    0x20004afc        -       0x00000048   Zero   RW          103    .bss.huart3         usart.o
    0x20004b44        -       0x00000021   Zero   RW         2545    .bss.hw_ver         cm_backtrace.o
    0x20004b65        -       0x00000001   Zero   RW         2551    .bss.init_ok        cm_backtrace.o
    0x20004b66   COMPRESSED   0x00000002   PAD
    0x20004b68        -       0x00000001   Zero   RW         2548    .bss.main_stack_size  cm_backtrace.o
    0x20004b69   COMPRESSED   0x00000003   PAD
    0x20004b6c        -       0x00000001   Zero   RW         2547    .bss.main_stack_start_addr  cm_backtrace.o
    0x20004b6d   COMPRESSED   0x00000013   PAD
    0x20004b80        -       0x000004a4   Zero   RW         3058    .bss.noinit         eventrecorder.o
    0x20005024        -       0x00000001   Zero   RW         2552    .bss.on_fault       cm_backtrace.o
    0x20005025        -       0x00000001   Zero   RW         2554    .bss.on_thread_before_fault  cm_backtrace.o
    0x20005026        -       0x000000a0   Zero   RW         1788    .bss.prvCheckForValidListAndQueue.ucStaticTimerQueueStorage  timers.o
    0x200050c6   COMPRESSED   0x00000002   PAD
    0x200050c8        -       0x00000050   Zero   RW         1787    .bss.prvCheckForValidListAndQueue.xStaticTimerQueue  timers.o
    0x20005118        -       0x00000004   Zero   RW         1784    .bss.prvSampleTimeNow.xLastTime  timers.o
    0x2000511c        -       0x00000004   Zero   RW         1715    .bss.pxCurrentTCB   tasks.o
    0x20005120        -       0x00000004   Zero   RW         1782    .bss.pxCurrentTimerList  timers.o
    0x20005124        -       0x00000004   Zero   RW         1723    .bss.pxDelayedTaskList  tasks.o
    0x20005128        -       0x00000004   Zero   RW         1954    .bss.pxEnd          heap_4.o
    0x2000512c        -       0x00000004   Zero   RW         1724    .bss.pxOverflowDelayedTaskList  tasks.o
    0x20005130        -       0x00000004   Zero   RW         1783    .bss.pxOverflowTimerList  timers.o
    0x20005134        -       0x00000460   Zero   RW         1726    .bss.pxReadyTasksLists  tasks.o
    0x20005594        -       0x00000044   Zero   RW         2553    .bss.regs           cm_backtrace.o
    0x200055d8        -       0x00000001   Zero   RW         2045    .bss.res            test.o
    0x200055d9        -       0x00000001   Zero   RW         2829    .bss.retSD          fatfs.o
    0x200055da        -       0x00000021   Zero   RW         2546    .bss.sw_ver         cm_backtrace.o
    0x200055fb        -       0x00000020   Zero   RW         2017    .bss.sysLcdDataBuff  system.o
    0x2000561b        -       0x00000001   Zero   RW         2200    .bss.u8usbMode      drv_usb.o
    0x2000561c        -       0x00001400   Zero   RW         1959    .bss.ucHeap         heap_4.o
    0x20006a1c        -       0x00000001   Zero   RW         1992    .bss.ucMaxSysCallPriority  port.o
    0x20006a1d   COMPRESSED   0x00000003   PAD
    0x20006a20        -       0x00000004   Zero   RW         1993    .bss.ulMaxPRIGROUPValue  port.o
    0x20006a24        -       0x00000400   Zero   RW         2182    .bss.usart3_rx_buff  drv_usart.o
    0x20006e24        -       0x00000400   Zero   RW         2181    .bss.usart3_rx_data  drv_usart.o
    0x20007224        -       0x00000014   Zero   RW         2180    .bss.usart3_rx_ringbuff  drv_usart.o
    0x20007238        -       0x00000400   Zero   RW         2202    .bss.usb_rx_data    drv_usb.o
    0x20007638        -       0x00000014   Zero   RW         2201    .bss.usb_rx_ringbuff  drv_usb.o
    0x2000764c        -       0x00000004   Zero   RW          249    .bss.uwTick         stm32f1xx_hal.o
    0x20007650        -       0x00000004   Zero   RW         1719    .bss.uxCurrentNumberOfTasks  tasks.o
    0x20007654        -       0x00000004   Zero   RW         1718    .bss.uxDeletedTasksWaitingCleanUp  tasks.o
    0x20007658        -       0x00000004   Zero   RW         1732    .bss.uxPendedTicks  tasks.o
    0x2000765c        -       0x00000004   Zero   RW         1721    .bss.uxSchedulerSuspended  tasks.o
    0x20007660        -       0x00000004   Zero   RW         1716    .bss.uxTaskNumber   tasks.o
    0x20007664        -       0x00000004   Zero   RW         1727    .bss.uxTopReadyPriority  tasks.o
    0x20007668        -       0x00000014   Zero   RW         1785    .bss.xActiveTimerList1  timers.o
    0x2000767c        -       0x00000014   Zero   RW         1786    .bss.xActiveTimerList2  timers.o
    0x20007690        -       0x00000001   Zero   RW         1955    .bss.xBlockAllocatedBit  heap_4.o
    0x20007691   COMPRESSED   0x00000003   PAD
    0x20007694        -       0x00000014   Zero   RW         1734    .bss.xDelayedTaskList1  tasks.o
    0x200076a8        -       0x00000014   Zero   RW         1735    .bss.xDelayedTaskList2  tasks.o
    0x200076bc        -       0x00000004   Zero   RW         1956    .bss.xFreeBytesRemaining  heap_4.o
    0x200076c0        -       0x00000004   Zero   RW         1729    .bss.xIdleTaskHandle  tasks.o
    0x200076c4        -       0x00000004   Zero   RW         1958    .bss.xMinimumEverFreeBytesRemaining  heap_4.o
    0x200076c8        -       0x00000004   Zero   RW         1730    .bss.xNextTaskUnblockTime  tasks.o
    0x200076cc        -       0x00000004   Zero   RW         1733    .bss.xNumOfOverflows  tasks.o
    0x200076d0        -       0x00000014   Zero   RW         1728    .bss.xPendingReadyList  tasks.o
    0x200076e4        -       0x00000040   Zero   RW         1548    .bss.xQueueRegistry  queue.o
    0x20007724        -       0x00000004   Zero   RW         1720    .bss.xSchedulerRunning  tasks.o
    0x20007728        -       0x00000008   Zero   RW         1957    .bss.xStart         heap_4.o
    0x20007730        -       0x00000014   Zero   RW         1725    .bss.xSuspendedTaskList  tasks.o
    0x20007744        -       0x00000014   Zero   RW         1717    .bss.xTasksWaitingTermination  tasks.o
    0x20007758        -       0x00000004   Zero   RW         1722    .bss.xTickCount     tasks.o
    0x2000775c        -       0x00000004   Zero   RW         1780    .bss.xTimerQueue    timers.o
    0x20007760        -       0x00000004   Zero   RW         1781    .bss.xTimerTaskHandle  timers.o
    0x20007764        -       0x00000004   Zero   RW         1731    .bss.xYieldPending  tasks.o
    0x20007768        -       0x00001000   Zero   RW            2    HEAP                startup_stm32f103xe.o
    0x20008768        -       0x00001000   Zero   RW            1    STACK               startup_stm32f103xe.o


==============================================================================

Image component sizes


      Code (inc. data)   RO Data    RW Data    ZI Data      Debug   Object Name

       188          0          0          0          0       6637   bsp_driver_sd.o
       188          0     175304          0          0       1703   cc936.o
      2316        324       1110          0        462      10432   cm_backtrace.o
        12          0          0          0          0        420   cmb_fault.o
      1036          0          0          0       1724      38599   cmsis_os2.o
       144          0          0          0          0       1877   diskio.o
        84          0          0          0          0       2504   dma.o
        60         16          4          0          0        716   drv_init.o
       136          0         19        168          0       2700   drv_key.o
       166          0          0          0          0       4411   drv_lcd.o
        90          0          0       3954          0       2627   drv_led.o
       128          0          0          0       2068       4873   drv_usart.o
       128          0          0          0       1045       1826   drv_usb.o
         0          0         24          0       1188      20665   eventrecorder.o
        38          0          0          0       1125       2078   fatfs.o
      8178          0         36          0         30      64479   ff.o
        76          0          0          0         12       3256   ff_gen_drv.o
        36          0         48          0          4       2861   freertos.o
       262          0          0          0          0       1641   gpio.o
       636          0          0          0       5141       4015   heap_4.o
       522          0         44          0          8       5696   hxzp_key.o
       918          0         44          0          9       6238   hxzp_led.o
        64          0          0          0          0       2267   hxzp_list.o
       156          0          0          0          0       2425   hxzp_ringbuff.o
      2684          0         44          4       6516       8903   hxzp_st7789.o
       150          0          0          0          0       2216   list.o
       238          0          0          0          0       5272   main.o
       748         12          0          4          5       3849   port.o
      2676          0          0          0         64      24115   queue.o
       256          4         20          1          0       3329   sd_diskio.o
       194          0          0          0        132       4598   sdio.o
       266          0          0          0        156       4511   spi.o
        36          8        304          0       8192        788   startup_stm32f103xe.o
       116          0          0          5          4       6068   stm32f1xx_hal.o
       150          0          0          0          0       8812   stm32f1xx_hal_cortex.o
      1298          0          0          0          0       8284   stm32f1xx_hal_dma.o
       504         20          0          0          0       4594   stm32f1xx_hal_gpio.o
        80          0          0          0          0       2704   stm32f1xx_hal_msp.o
      3282          0          0          0          0      16611   stm32f1xx_hal_pcd.o
        70          0          0          0          0       4078   stm32f1xx_hal_pcd_ex.o
      1400          0         18          0          0       7598   stm32f1xx_hal_rcc.o
       262          0          0          0          0       3791   stm32f1xx_hal_rcc_ex.o
      2500          0          0          0          0      25574   stm32f1xx_hal_sd.o
       758          0          0          0          0      22666   stm32f1xx_hal_spi.o
       810          0          0          0          0      54742   stm32f1xx_hal_tim.o
         4          0          0          0          0      21267   stm32f1xx_hal_tim_ex.o
       162          0          0          0         72       6089   stm32f1xx_hal_timebase_tim.o
      1346          0          0          0          0      28109   stm32f1xx_hal_uart.o
        92          0          0          0          0       7533   stm32f1xx_it.o
      1344          0          0          0          0      20225   stm32f1xx_ll_sdmmc.o
      3044          4          0          0          0      19051   stm32f1xx_ll_usb.o
       104         16          0          0         80       3162   syscall.o
       126         12          0          0         32       3720   system.o
         2          0         24          4          0       1624   system_stm32f1xx.o
      3180          8          0          0       1280      36259   tasks.o
        62          0          0          0          3       4420   test.o
      1132         16          0          0        300      16042   timers.o
       502          0          0          0        280       6620   usart.o
       122          0          0          0        752       5386   usb.o
       174          0          0          0        668       2991   usb_device.o
       756          0          0        267          0      10419   usbd_cdc.o
       260         32          3         24       2048       3222   usbd_cdc_if.o
       722          0          0          0          0      14338   usbd_conf.o
       688          0          0          0          0       7520   usbd_core.o
      1480         24          0          0          1       8798   usbd_ctlreq.o
       468        120          0         94        512       3855   usbd_desc.o
       128          0          0          0          0       4415   usbd_ioreq.o
       536         12          0        162          0       7034   usbd_msc.o
       812          0          0          0          0       8485   usbd_msc_bot.o
         0          0         23          0          0        696   usbd_msc_data.o
      1908        182          0          0          0      14231   usbd_msc_scsi.o
       146          0         36         32          0       3301   usbd_storage_if.o
         4          0          0          0          0        476   user_init.o
       504         32        169          0          0       1869   user_key.o

    ----------------------------------------------------------------------
     54316        842     177312       4744      34004     689206   Object Totals
         0          0         32          0          0          0   (incl. Generated)
       468          0          6         25         91          0   (incl. Padding)

    ----------------------------------------------------------------------

      Code (inc. data)   RO Data    RW Data    ZI Data      Debug   Library Member Name

        86          0          0          0          0          0   __dczerorl2.o
         0          0          0          0          0          0   entry.o
         0          0          0          0          0          0   entry10a.o
         0          0          0          0          0          0   entry11a.o
         8          4          0          0          0          0   entry2.o
         4          0          0          0          0          0   entry5.o
         0          0          0          0          0          0   entry7b.o
         0          0          0          0          0          0   entry8b.o
         8          4          0          0          0          0   entry9a.o
        30          0          0          0          0          0   handlers.o
        36          8          0          0          0         68   init.o
        30          0          0          0          0         68   llshl.o
        32          0          0          0          0         68   llushr.o
       188         20          0          0          0        160   malloc.o
        36          0          0          0          0         68   memcpya.o
        36          0          0          0          0        108   memseta.o
         0          0          0          8          0          0   mvars.o
      1204         60          0          0          0        504   printf8.o
        12          6          0          0          0         68   putchar.o
        36          6          0          0          0         80   puts.o
         0          0          0          4          0          0   stdout.o
        28          0          0          0          0         76   strcmp.o
        14          0          0          0          0         68   strlen.o
        24          0          0          0          0         76   strncpy.o
        98          0          0          0          0         92   uldiv.o

    ----------------------------------------------------------------------
      1912        108          0         12          0       1504   Library Totals
         2          0          0          0          0          0   (incl. Padding)

    ----------------------------------------------------------------------

      Code (inc. data)   RO Data    RW Data    ZI Data      Debug   Library Name

      1910        108          0         12          0       1504   mc_w.l

    ----------------------------------------------------------------------
      1912        108          0         12          0       1504   Library Totals

    ----------------------------------------------------------------------

==============================================================================


      Code (inc. data)   RO Data    RW Data    ZI Data      Debug   

     56228        950     177312       4756      34004     688730   Grand Totals
     56228        950     177312        576      34004     688730   ELF Image Totals (compressed)
     56228        950     177312        576          0          0   ROM Totals

==============================================================================

    Total RO  Size (Code + RO Data)               233540 ( 228.07kB)
    Total RW  Size (RW Data + ZI Data)             38760 (  37.85kB)
    Total ROM Size (Code + RO Data + RW Data)     234116 ( 228.63kB)

==============================================================================

