<html>
<body>
<pre>
<h1>µVision Build Log</h1>
<h2>Tool Versions:</h2>
IDE-Version: ¦ÌVision V5.38.0.0
Copyright (C) 2022 ARM Ltd and ARM Germany GmbH. All rights reserved.
License Information: ad HXZP, asdasd, LIC=TIVNB-2693G-VEQHA-1HWMR-DAAN4-8BDSH
 
Tool Versions:
Toolchain:       MDK-ARM Plus  Version: 5.38.0.0
Toolchain Path:  C:\Keil_v5\ARM\ARMCLANG\Bin
C Compiler:      ArmClang.exe V6.19
Assembler:       Armasm.exe V6.19
Linker/Locator:  ArmLink.exe V6.19
Library Manager: ArmAr.exe V6.19
Hex Converter:   FromElf.exe V6.19
CPU DLL:         SARMCM3.DLL V5.38.0.0
Dialog DLL:      DCM.DLL V1.17.5.0
Target DLL:      Segger\JL2CM3.dll V2.99.15.0
Dialog DLL:      TCM.DLL V1.56.4.0
 
<h2>Project:</h2>
D:\fork\mini_ctrl\proj\mini_control\MDK-ARM\mini_control.uvprojx
Project File Date:  07/27/2025

<h2>Output:</h2>
*** Using Compiler 'V6.19', folder: 'C:\Keil_v5\ARM\ARMCLANG\Bin'
Build Project 'mini_control' - Target 'mini_control'
Note: source file '../USB_DEVICE/App/usb_device.c' - object file renamed from 'mini_control\usb_device.o' to 'mini_control\usb_device_1.o'.
Note: source file '../USB_DEVICE/App/usbd_desc.c' - object file renamed from 'mini_control\usbd_desc.o' to 'mini_control\usbd_desc_1.o'.
Note: source file '../USB_DEVICE/Target/usbd_conf.c' - object file renamed from 'mini_control\usbd_conf.o' to 'mini_control\usbd_conf_1.o'.
Note: source file '../Middlewares/ST/STM32_USB_Device_Library/Core/Src/usbd_core.c' - object file renamed from 'mini_control\usbd_core.o' to 'mini_control\usbd_core_1.o'.
Note: source file '../Middlewares/ST/STM32_USB_Device_Library/Core/Src/usbd_ctlreq.c' - object file renamed from 'mini_control\usbd_ctlreq.o' to 'mini_control\usbd_ctlreq_1.o'.
Note: source file '../Middlewares/ST/STM32_USB_Device_Library/Core/Src/usbd_ioreq.c' - object file renamed from 'mini_control\usbd_ioreq.o' to 'mini_control\usbd_ioreq_1.o'.
compiling dma.c...
compiling spi.c...
compiling gpio.c...
compiling usart.c...
compiling sdio.c...
compiling freertos.c...
compiling main.c...
assembling startup_stm32f103xe.s...
compiling stm32f1xx_hal_msp.c...
compiling stm32f1xx_it.c...
compiling stm32f1xx_hal_gpio_ex.c...
compiling stm32f1xx_hal_timebase_tim.c...
compiling stm32f1xx_hal_pcd_ex.c...
compiling stm32f1xx_hal_tim_ex.c...
compiling stm32f1xx_hal.c...
compiling stm32f1xx_hal_pcd.c...
compiling stm32f1xx_hal_rcc_ex.c...
compiling stm32f1xx_ll_usb.c...
compiling stm32f1xx_hal_rcc.c...
compiling stm32f1xx_hal_gpio.c...
compiling stm32f1xx_hal_pwr.c...
compiling stm32f1xx_hal_cortex.c...
compiling stm32f1xx_hal_dma.c...
compiling stm32f1xx_hal_tim.c...
compiling stm32f1xx_hal_flash.c...
compiling stm32f1xx_hal_exti.c...
compiling stm32f1xx_hal_flash_ex.c...
compiling stm32f1xx_ll_sdmmc.c...
compiling stm32f1xx_hal_mmc.c...
compiling croutine.c...
compiling system_stm32f1xx.c...
compiling event_groups.c...
compiling list.c...
compiling stm32f1xx_hal_sd.c...
compiling stm32f1xx_hal_spi.c...
compiling stm32f1xx_hal_uart.c...
compiling queue.c...
compiling stream_buffer.c...
compiling heap_4.c...
compiling timers.c...
compiling port.c...
compiling system.c...
compiling tasks.c...
compiling cmsis_os2.c...
compiling Test.c...
compiling user_init.c...
compiling drv_key.c...
compiling user_key.c...
compiling drv_lcd.c...
compiling drv_init.c...
compiling drv_led.c...
compiling drv_usart.c...
compiling drv_usb.c...
compiling hxzp_key.c...
compiling hxzp_list.c...
compiling hxzp_ringbuff.c...
compiling hxzp_led.c...
compiling hxzp_template.c...
compiling hxzp_st7789.c...
compiling cm_backtrace.c...
assembling cmb_fault.S...
compiling bsp_driver_sd.c...
compiling fatfs.c...
compiling diskio.c...
compiling ff_gen_drv.c...
compiling syscall.c...
compiling sd_diskio.c...
compiling cc936.c...
compiling usb_device.c...
compiling usbd_desc.c...
compiling usbd_core.c...
compiling usbd_conf.c...
compiling usbd_ctlreq.c...
compiling usbd_ioreq.c...
compiling usbd_hid.c...
compiling EventRecorder.c...
compiling ff.c...
linking...
Program Size: Code=34848 RO-data=1864 RW-data=4156 ZI-data=38132  
FromELF: creating hex file...
"mini_control\mini_control.axf" - 0 Error(s), 0 Warning(s).

<h2>Software Packages used:</h2>

Package Vendor: ARM
                http://www.keil.com/pack/ARM.CMSIS.5.9.0.pack
                ARM.CMSIS.5.9.0
                CMSIS (Common Microcontroller Software Interface Standard)
   * Component: CORE Version: 5.6.0

Package Vendor: Keil
                https://www.keil.com/pack/Keil.ARM_Compiler.1.7.2.pack
                Keil.ARM_Compiler.1.7.2
                Keil ARM Compiler extensions for ARM Compiler 5 and ARM Compiler 6
   * Component: Event Recorder Variant: DAP Version: 1.5.1

Package Vendor: Keil
                http://www.keil.com/pack/Keil.STM32F1xx_DFP.2.3.0.pack
                Keil.STM32F1xx_DFP.2.3.0
                STMicroelectronics STM32F1 Series Device Support, Drivers and Examples

<h2>Collection of Component include folders:</h2>
  ./RTE/Compiler
  ./RTE/_mini_control
  C:/Users/HXZP/AppData/Local/Arm/Packs/ARM/CMSIS/5.9.0/CMSIS/Core/Include
  C:/Users/HXZP/AppData/Local/Arm/Packs/Keil/ARM_Compiler/1.7.2/Include
  C:/Users/HXZP/AppData/Local/Arm/Packs/Keil/STM32F1xx_DFP/2.3.0/Device/Include

<h2>Collection of Component Files used:</h2>

   * Component: ARM::CMSIS:CORE:5.6.0
      Include file:  CMSIS/Core/Include/tz_context.h

   * Component: Keil.ARM Compiler::Compiler:Event Recorder:DAP:1.5.1
      Include file:  Include/EventRecorder.h
      Source file:   Source/EventRecorder.c
      Include file:  Config/EventRecorderConf.h
Build Time Elapsed:  00:00:10
</pre>
</body>
</html>
