Component: Arm Compiler for Embedded 6.19 Tool: armlink [5e73cb00]

==============================================================================

Section Cross References

    startup_stm32f103xe.o(RESET) refers to startup_stm32f103xe.o(STACK) for __initial_sp
    startup_stm32f103xe.o(RESET) refers to startup_stm32f103xe.o(.text) for Reset_Handler
    startup_stm32f103xe.o(RESET) refers to stm32f1xx_it.o(.text.NMI_Handler) for NMI_Handler
    startup_stm32f103xe.o(RESET) refers to stm32f1xx_it.o(.text.HardFault_Handler) for HardFault_Handler
    startup_stm32f103xe.o(RESET) refers to stm32f1xx_it.o(.text.MemManage_Handler) for MemManage_Handler
    startup_stm32f103xe.o(RESET) refers to stm32f1xx_it.o(.text.BusFault_Handler) for BusFault_Handler
    startup_stm32f103xe.o(RESET) refers to stm32f1xx_it.o(.text.UsageFault_Handler) for UsageFault_Handler
    startup_stm32f103xe.o(RESET) refers to port.o(.text.SVC_Handler) for SVC_Handler
    startup_stm32f103xe.o(RESET) refers to stm32f1xx_it.o(.text.DebugMon_Handler) for DebugMon_Handler
    startup_stm32f103xe.o(RESET) refers to port.o(.text.PendSV_Handler) for PendSV_Handler
    startup_stm32f103xe.o(RESET) refers to port.o(.text.SysTick_Handler) for SysTick_Handler
    startup_stm32f103xe.o(RESET) refers to stm32f1xx_it.o(.text.DMA1_Channel3_IRQHandler) for DMA1_Channel3_IRQHandler
    startup_stm32f103xe.o(RESET) refers to stm32f1xx_it.o(.text.USB_LP_CAN1_RX0_IRQHandler) for USB_LP_CAN1_RX0_IRQHandler
    startup_stm32f103xe.o(RESET) refers to stm32f1xx_it.o(.text.TIM8_UP_IRQHandler) for TIM8_UP_IRQHandler
    startup_stm32f103xe.o(.text) refers to system_stm32f1xx.o(.text.SystemInit) for SystemInit
    startup_stm32f103xe.o(.text) refers to entry.o(.ARM.Collect$$$$00000000) for __main
    main.o(.text.main) refers to stm32f1xx_hal.o(.text.HAL_Init) for HAL_Init
    main.o(.text.main) refers to main.o(.text.SystemClock_Config) for SystemClock_Config
    main.o(.text.main) refers to gpio.o(.text.MX_GPIO_Init) for MX_GPIO_Init
    main.o(.text.main) refers to dma.o(.text.MX_DMA_Init) for MX_DMA_Init
    main.o(.text.main) refers to spi.o(.text.MX_SPI1_Init) for MX_SPI1_Init
    main.o(.text.main) refers to sdio.o(.text.MX_SDIO_SD_Init) for MX_SDIO_SD_Init
    main.o(.text.main) refers to fatfs.o(.text.MX_FATFS_Init) for MX_FATFS_Init
    main.o(.text.main) refers to drv_init.o(.text.Drv_Init) for Drv_Init
    main.o(.text.main) refers to user_init.o(.text.User_Init) for User_Init
    main.o(.text.main) refers to cmsis_os2.o(.text.osKernelInitialize) for osKernelInitialize
    main.o(.text.main) refers to freertos.o(.text.MX_FREERTOS_Init) for MX_FREERTOS_Init
    main.o(.text.main) refers to cmsis_os2.o(.text.osKernelStart) for osKernelStart
    main.o(.ARM.exidx.text.main) refers to main.o(.text.main) for [Anonymous Symbol]
    main.o(.text.SystemClock_Config) refers to memseta.o(.text) for __aeabi_memclr4
    main.o(.text.SystemClock_Config) refers to stm32f1xx_hal_rcc.o(.text.HAL_RCC_OscConfig) for HAL_RCC_OscConfig
    main.o(.text.SystemClock_Config) refers to main.o(.text.Error_Handler) for Error_Handler
    main.o(.text.SystemClock_Config) refers to stm32f1xx_hal_rcc.o(.text.HAL_RCC_ClockConfig) for HAL_RCC_ClockConfig
    main.o(.text.SystemClock_Config) refers to stm32f1xx_hal_rcc_ex.o(.text.HAL_RCCEx_PeriphCLKConfig) for HAL_RCCEx_PeriphCLKConfig
    main.o(.ARM.exidx.text.SystemClock_Config) refers to main.o(.text.SystemClock_Config) for [Anonymous Symbol]
    main.o(.ARM.exidx.text.Error_Handler) refers to main.o(.text.Error_Handler) for [Anonymous Symbol]
    main.o(.text.HAL_TIM_PeriodElapsedCallback) refers to stm32f1xx_hal.o(.text.HAL_IncTick) for HAL_IncTick
    main.o(.ARM.exidx.text.HAL_TIM_PeriodElapsedCallback) refers to main.o(.text.HAL_TIM_PeriodElapsedCallback) for [Anonymous Symbol]
    gpio.o(.text.MX_GPIO_Init) refers to stm32f1xx_hal_gpio.o(.text.HAL_GPIO_WritePin) for HAL_GPIO_WritePin
    gpio.o(.text.MX_GPIO_Init) refers to stm32f1xx_hal_gpio.o(.text.HAL_GPIO_Init) for HAL_GPIO_Init
    gpio.o(.ARM.exidx.text.MX_GPIO_Init) refers to gpio.o(.text.MX_GPIO_Init) for [Anonymous Symbol]
    freertos.o(.text.MX_FREERTOS_Init) refers to test.o(.text.StartDefaultTask) for StartDefaultTask
    freertos.o(.text.MX_FREERTOS_Init) refers to freertos.o(.rodata.defaultTask_attributes) for defaultTask_attributes
    freertos.o(.text.MX_FREERTOS_Init) refers to cmsis_os2.o(.text.osThreadNew) for osThreadNew
    freertos.o(.text.MX_FREERTOS_Init) refers to freertos.o(.bss.defaultTaskHandle) for defaultTaskHandle
    freertos.o(.ARM.exidx.text.MX_FREERTOS_Init) refers to freertos.o(.text.MX_FREERTOS_Init) for [Anonymous Symbol]
    freertos.o(.text.StartDefaultTask) refers to usb_device.o(.text.MX_USB_DEVICE_Init) for MX_USB_DEVICE_Init
    freertos.o(.text.StartDefaultTask) refers to cmsis_os2.o(.text.osDelay) for osDelay
    freertos.o(.ARM.exidx.text.StartDefaultTask) refers to freertos.o(.text.StartDefaultTask) for [Anonymous Symbol]
[...]
    SDMMC_CmdWriteMultiBlock                 0x0800579d   Thumb Code    60  stm32f1xx_ll_sdmmc.o(.text.SDMMC_CmdWriteMultiBlock)
    SDMMC_CmdWriteSingleBlock                0x080057d9   Thumb Code    60  stm32f1xx_ll_sdmmc.o(.text.SDMMC_CmdWriteSingleBlock)
    SDMMC_GetCmdResp1                        0x08005871   Thumb Code   582  stm32f1xx_ll_sdmmc.o(.text.SDMMC_GetCmdResp1)
    SDMMC_GetCmdResp2                        0x08005ab9   Thumb Code   168  stm32f1xx_ll_sdmmc.o(.text.SDMMC_GetCmdResp2)
    SDMMC_GetCmdResp3                        0x08005b61   Thumb Code   146  stm32f1xx_ll_sdmmc.o(.text.SDMMC_GetCmdResp3)
    SDMMC_GetCmdResp6                        0x08005bf5   Thumb Code   276  stm32f1xx_ll_sdmmc.o(.text.SDMMC_GetCmdResp6)
    SDMMC_GetCmdResp7                        0x08005d09   Thumb Code   182  stm32f1xx_ll_sdmmc.o(.text.SDMMC_GetCmdResp7)
    SD_initialize                            0x08006385   Thumb Code    60  sd_diskio.o(.text.SD_initialize)
    SD_ioctl                                 0x080063c1   Thumb Code   160  sd_diskio.o(.text.SD_ioctl)
    SD_read                                  0x08006461   Thumb Code   108  sd_diskio.o(.text.SD_read)
    SD_status                                0x080064cd   Thumb Code    60  sd_diskio.o(.text.SD_status)
    SD_write                                 0x08006509   Thumb Code   108  sd_diskio.o(.text.SD_write)
    SVC_Handler                              0x080067e1   Thumb Code    36  port.o(.text.SVC_Handler)
    StartDefaultTask                         0x08006805   Thumb Code   126  test.o(.text.StartDefaultTask)
    StartKeyTask                             0x08006885   Thumb Code   606  hxzp_key.o(.text.StartKeyTask)
    StartLcdTask                             0x08006ae5   Thumb Code    90  hxzp_st7789.o(.text.StartLcdTask)
    StartLedTask                             0x08006b41   Thumb Code   720  hxzp_led.o(.text.StartLedTask)
    SysTick_Handler                          0x08006e11   Thumb Code    60  port.o(.text.SysTick_Handler)
    SystemClock_Config                       0x08006e4d   Thumb Code   146  main.o(.text.SystemClock_Config)
    SystemInit                               0x08006ee1   Thumb Code     2  system_stm32f1xx.o(.text.SystemInit)
    TIM8_UP_IRQHandler                       0x08006ee5   Thumb Code    16  stm32f1xx_it.o(.text.TIM8_UP_IRQHandler)
    TIM_Base_SetConfig                       0x08006ef5   Thumb Code   320  stm32f1xx_hal_tim.o(.text.TIM_Base_SetConfig)
    USBD_ClrClassConfig                      0x08007035   Thumb Code    30  usbd_core.o(.text.USBD_ClrClassConfig)
    USBD_CtlContinueRx                       0x08007095   Thumb Code    34  usbd_ioreq.o(.text.USBD_CtlContinueRx)
    USBD_CtlContinueSendData                 0x080070b9   Thumb Code    34  usbd_ioreq.o(.text.USBD_CtlContinueSendData)
    USBD_CtlError                            0x080070dd   Thumb Code    28  usbd_ctlreq.o(.text.USBD_CtlError)
    USBD_CtlReceiveStatus                    0x080070f9   Thumb Code    34  usbd_ioreq.o(.text.USBD_CtlReceiveStatus)
    USBD_CtlSendData                         0x0800711d   Thumb Code    58  usbd_ioreq.o(.text.USBD_CtlSendData)
    USBD_CtlSendStatus                       0x08007159   Thumb Code    34  usbd_ioreq.o(.text.USBD_CtlSendStatus)
    USBD_LL_ClearStallEP                     0x08007571   Thumb Code    58  usbd_conf.o(.text.USBD_LL_ClearStallEP)
    USBD_LL_DataInStage                      0x080075ad   Thumb Code   354  usbd_core.o(.text.USBD_LL_DataInStage)
    USBD_LL_DataOutStage                     0x08007711   Thumb Code   258  usbd_core.o(.text.USBD_LL_DataOutStage)
    USBD_LL_IsStallEP                        0x08007815   Thumb Code    92  usbd_conf.o(.text.USBD_LL_IsStallEP)
    USBD_LL_OpenEP                           0x08007871   Thumb Code    74  usbd_conf.o(.text.USBD_LL_OpenEP)
    USBD_LL_PrepareReceive                   0x080078bd   Thumb Code    70  usbd_conf.o(.text.USBD_LL_PrepareReceive)
    USBD_LL_Reset                            0x08007905   Thumb Code   116  usbd_core.o(.text.USBD_LL_Reset)
    USBD_LL_Resume                           0x08007979   Thumb Code    34  usbd_core.o(.text.USBD_LL_Resume)
    USBD_LL_SOF                              0x0800799d   Thumb Code    50  usbd_core.o(.text.USBD_LL_SOF)
    USBD_LL_SetSpeed                         0x080079d1   Thumb Code    22  usbd_core.o(.text.USBD_LL_SetSpeed)
    USBD_LL_SetUSBAddress                    0x080079e9   Thumb Code    58  usbd_conf.o(.text.USBD_LL_SetUSBAddress)
    USBD_LL_SetupStage                       0x08007a25   Thumb Code   130  usbd_core.o(.text.USBD_LL_SetupStage)
    USBD_LL_StallEP                          0x08007aa9   Thumb Code    58  usbd_conf.o(.text.USBD_LL_StallEP)
    USBD_LL_Suspend                          0x08007ae5   Thumb Code    28  usbd_core.o(.text.USBD_LL_Suspend)
    USBD_LL_Transmit                         0x08007b01   Thumb Code    70  usbd_conf.o(.text.USBD_LL_Transmit)
    USBD_ParseSetupRequest                   0x08007b49   Thumb Code    68  usbd_ctlreq.o(.text.USBD_ParseSetupRequest)
    USBD_RunTestMode                         0x08007b8d   Thumb Code    10  usbd_core.o(.text.USBD_RunTestMode)
    USBD_SetClassConfig                      0x08007c25   Thumb Code    62  usbd_core.o(.text.USBD_SetClassConfig)
    USBD_StdDevReq                           0x08007dc5   Thumb Code   188  usbd_ctlreq.o(.text.USBD_StdDevReq)
    USBD_StdEPReq                            0x08007e81   Thumb Code   822  usbd_ctlreq.o(.text.USBD_StdEPReq)
    USBD_StdItfReq                           0x080081b9   Thumb Code   152  usbd_ctlreq.o(.text.USBD_StdItfReq)
    USB_ActivateEndpoint                     0x08008251   Thumb Code  1686  stm32f1xx_ll_usb.o(.text.USB_ActivateEndpoint)
    USB_EP0_OutStart                         0x080088e9   Thumb Code    12  stm32f1xx_ll_usb.o(.text.USB_EP0_OutStart)
    USB_EPClearStall                         0x080088f5   Thumb Code   328  stm32f1xx_ll_usb.o(.text.USB_EPClearStall)
    USB_EPSetStall                           0x08008a3d   Thumb Code   136  stm32f1xx_ll_usb.o(.text.USB_EPSetStall)
    USB_EPStartXfer                          0x08008ac5   Thumb Code  3606  stm32f1xx_ll_usb.o(.text.USB_EPStartXfer)
    USB_LP_CAN1_RX0_IRQHandler               0x080098dd   Thumb Code    16  stm32f1xx_it.o(.text.USB_LP_CAN1_RX0_IRQHandler)
    USB_ReadInterrupts                       0x080098ed   Thumb Code    18  stm32f1xx_ll_usb.o(.text.USB_ReadInterrupts)
    USB_ReadPMA                              0x08009901   Thumb Code   140  stm32f1xx_ll_usb.o(.text.USB_ReadPMA)
    USB_SetDevAddress                        0x0800998d   Thumb Code    32  stm32f1xx_ll_usb.o(.text.USB_SetDevAddress)
    USB_WritePMA                             0x080099ad   Thumb Code   130  stm32f1xx_ll_usb.o(.text.USB_WritePMA)
    USER_SPI_GetDmaTCFlag                    0x08009a31   Thumb Code    70  spi.o(.text.USER_SPI_GetDmaTCFlag)
    UsageFault_Handler                       0x08009a79   Thumb Code     4  stm32f1xx_it.o(.text.UsageFault_Handler)
    User_Init                                0x08009a7d   Thumb Code     8  user_init.o(.text.User_Init)
    User_Key_Init                            0x08009a85   Thumb Code   104  user_key.o(.text.User_Key_Init)
    clust2sect                               0x08009e7d   Thumb Code    60  ff.o(.text.clust2sect)
    disk_initialize                          0x0800a7e5   Thumb Code    80  diskio.o(.text.disk_initialize)
    disk_ioctl                               0x0800a835   Thumb Code    58  diskio.o(.text.disk_ioctl)
    disk_read                                0x0800a871   Thumb Code    60  diskio.o(.text.disk_read)
    disk_status                              0x0800a8ad   Thumb Code    46  diskio.o(.text.disk_status)
    disk_write                               0x0800a8dd   Thumb Code    60  diskio.o(.text.disk_write)
    f_close                                  0x0800a969   Thumb Code   102  ff.o(.text.f_close)
    f_mount                                  0x0800a9d1   Thumb Code   226  ff.o(.text.f_mount)
    f_open                                   0x0800aab5   Thumb Code   746  ff.o(.text.f_open)
    f_read                                   0x0800ada1   Thumb Code   892  ff.o(.text.f_read)
    f_sync                                   0x0800b11d   Thumb Code   344  ff.o(.text.f_sync)
    f_write                                  0x0800b275   Thumb Code  1008  ff.o(.text.f_write)
    ff_cre_syncobj                           0x0800b665   Thumb Code    66  syscall.o(.text.ff_cre_syncobj)
    ff_del_syncobj                           0x0800b6a9   Thumb Code    18  syscall.o(.text.ff_del_syncobj)
    ff_rel_grant                             0x0800b6bd   Thumb Code    16  syscall.o(.text.ff_rel_grant)
    ff_req_grant                             0x0800b6cd   Thumb Code    36  syscall.o(.text.ff_req_grant)
    get_fat                                  0x0800bcd5   Thumb Code   302  ff.o(.text.get_fat)
    get_fattime                              0x0800be05   Thumb Code     4  fatfs.o(.text.get_fattime)
    hxzp_Key_eventReg                        0x0800beb1   Thumb Code    80  hxzp_key.o(.text.hxzp_Key_eventReg)
    hxzp_Key_init                            0x0800bf01   Thumb Code   192  hxzp_key.o(.text.hxzp_Key_init)
    hxzp_Led_init                            0x0800bfc1   Thumb Code   192  hxzp_led.o(.text.hxzp_Led_init)
    hxzp_Led_piece                           0x0800c081   Thumb Code   468  hxzp_led.o(.text.hxzp_Led_piece)
    hxzp_Led_set                             0x0800c255   Thumb Code   178  hxzp_led.o(.text.hxzp_Led_set)
    hxzp_st7789_GetTcReg                     0x0800c3c9   Thumb Code    32  hxzp_st7789.o(.text.hxzp_st7789_GetTcReg)
    hxzp_st7789_InitReg                      0x0800c5fd   Thumb Code   152  hxzp_st7789.o(.text.hxzp_st7789_InitReg)
    hxzp_st7789_SetBackground                0x0800c695   Thumb Code   208  hxzp_st7789.o(.text.hxzp_st7789_SetBackground)
    hxzp_st7789_SetWindow                    0x0800c765   Thumb Code   232  hxzp_st7789.o(.text.hxzp_st7789_SetWindow)
    hxzp_st7789_TxLockGet                    0x0800c84d   Thumb Code    18  hxzp_st7789.o(.text.hxzp_st7789_TxLockGet)
    hxzp_st7789_TxLockRelease                0x0800c879   Thumb Code    62  hxzp_st7789.o(.text.hxzp_st7789_TxLockRelease)
    main                                     0x0800cad9   Thumb Code    60  main.o(.text.main)
    osDelay                                  0x0800cc29   Thumb Code    92  cmsis_os2.o(.text.osDelay)
    osKernelInitialize                       0x0800cc85   Thumb Code   110  cmsis_os2.o(.text.osKernelInitialize)
    osKernelStart                            0x0800ccf5   Thumb Code   118  cmsis_os2.o(.text.osKernelStart)
    osSemaphoreAcquire                       0x0800cd6d   Thumb Code   206  cmsis_os2.o(.text.osSemaphoreAcquire)
    osSemaphoreDelete                        0x0800ce3d   Thumb Code   110  cmsis_os2.o(.text.osSemaphoreDelete)
    osSemaphoreNew                           0x0800cead   Thumb Code   362  cmsis_os2.o(.text.osSemaphoreNew)
    osSemaphoreRelease                       0x0800d019   Thumb Code   176  cmsis_os2.o(.text.osSemaphoreRelease)
    osThreadNew                              0x0800d0c9   Thumb Code   402  cmsis_os2.o(.text.osThreadNew)
    put_fat                                  0x0800e0b1   Thumb Code   466  ff.o(.text.put_fat)
    pvPortMalloc                             0x0800e285   Thumb Code   478  heap_4.o(.text.pvPortMalloc)
    pvTaskIncrementMutexHeldCount            0x0800e465   Thumb Code    44  tasks.o(.text.pvTaskIncrementMutexHeldCount)
    pxPortInitialiseStack                    0x0800e491   Thumb Code    80  port.o(.text.pxPortInitialiseStack)
    read_write_file                          0x0800e4e1   Thumb Code   164  test.o(.text.read_write_file)
    uxListRemove                             0x0800e86d   Thumb Code    72  list.o(.text.uxListRemove)
    vApplicationGetIdleTaskMemory            0x0800e8b5   Thumb Code    42  cmsis_os2.o(.text.vApplicationGetIdleTaskMemory)
    vApplicationGetTimerTaskMemory           0x0800e8e1   Thumb Code    44  cmsis_os2.o(.text.vApplicationGetTimerTaskMemory)
    vListInitialise                          0x0800e90d   Thumb Code    46  list.o(.text.vListInitialise)
    vListInitialiseItem                      0x0800e93d   Thumb Code    14  list.o(.text.vListInitialiseItem)
    vListInsert                              0x0800e94d   Thumb Code   106  list.o(.text.vListInsert)
    vListInsertEnd                           0x0800e9b9   Thumb Code    58  list.o(.text.vListInsertEnd)
    vPortEnterCritical                       0x0800e9f5   Thumb Code    86  port.o(.text.vPortEnterCritical)
    vPortExitCritical                        0x0800ea4d   Thumb Code    74  port.o(.text.vPortExitCritical)
    vPortFree                                0x0800ea99   Thumb Code   192  heap_4.o(.text.vPortFree)
    vPortSetupTimerInterrupt                 0x0800eb59   Thumb Code    68  port.o(.text.vPortSetupTimerInterrupt)
    vPortValidateInterruptPriority           0x0800eb9d   Thumb Code   132  port.o(.text.vPortValidateInterruptPriority)
    vQueueAddToRegistry                      0x0800ec21   Thumb Code    82  queue.o(.text.vQueueAddToRegistry)
    vQueueDelete                             0x0800ec75   Thumb Code    68  queue.o(.text.vQueueDelete)
    vQueueUnregisterQueue                    0x0800ecb9   Thumb Code    84  queue.o(.text.vQueueUnregisterQueue)
    vQueueWaitForMessageRestricted           0x0800ed0d   Thumb Code   100  queue.o(.text.vQueueWaitForMessageRestricted)
    vTaskDelay                               0x0800ed71   Thumb Code   110  tasks.o(.text.vTaskDelay)
    vTaskInternalSetTimeOutState             0x0800ede1   Thumb Code    36  tasks.o(.text.vTaskInternalSetTimeOutState)
    vTaskMissedYield                         0x0800ee05   Thumb Code    14  tasks.o(.text.vTaskMissedYield)
    vTaskPlaceOnEventList                    0x0800ee15   Thumb Code    66  tasks.o(.text.vTaskPlaceOnEventList)
    vTaskPlaceOnEventListRestricted          0x0800ee59   Thumb Code    82  tasks.o(.text.vTaskPlaceOnEventListRestricted)
    vTaskPriorityDisinheritAfterTimeout      0x0800eead   Thumb Code   308  tasks.o(.text.vTaskPriorityDisinheritAfterTimeout)
    vTaskStartScheduler                      0x0800efe1   Thumb Code   224  tasks.o(.text.vTaskStartScheduler)
    vTaskSuspendAll                          0x0800f0c1   Thumb Code    16  tasks.o(.text.vTaskSuspendAll)
    vTaskSwitchContext                       0x0800f0d1   Thumb Code   198  tasks.o(.text.vTaskSwitchContext)
    xPortStartScheduler                      0x0800f219   Thumb Code   230  port.o(.text.xPortStartScheduler)
    xQueueCreateCountingSemaphore            0x0800f301   Thumb Code   102  queue.o(.text.xQueueCreateCountingSemaphore)
    xQueueCreateCountingSemaphoreStatic      0x0800f369   Thumb Code   112  queue.o(.text.xQueueCreateCountingSemaphoreStatic)
    xQueueGenericCreate                      0x0800f3d9   Thumb Code   126  queue.o(.text.xQueueGenericCreate)
    xQueueGenericCreateStatic                0x0800f459   Thumb Code   268  queue.o(.text.xQueueGenericCreateStatic)
    xQueueGenericReset                       0x0800f565   Thumb Code   186  queue.o(.text.xQueueGenericReset)
    xQueueGenericSend                        0x0800f621   Thumb Code   556  queue.o(.text.xQueueGenericSend)
    xQueueGenericSendFromISR                 0x0800f84d   Thumb Code   326  queue.o(.text.xQueueGenericSendFromISR)
    xQueueGiveFromISR                        0x0800f995   Thumb Code   292  queue.o(.text.xQueueGiveFromISR)
    xQueueReceive                            0x0800fab9   Thumb Code   476  queue.o(.text.xQueueReceive)
    xQueueReceiveFromISR                     0x0800fc95   Thumb Code   264  queue.o(.text.xQueueReceiveFromISR)
    xQueueSemaphoreTake                      0x0800fd9d   Thumb Code   556  queue.o(.text.xQueueSemaphoreTake)
    xTaskCheckForTimeOut                     0x0800ffc9   Thumb Code   204  tasks.o(.text.xTaskCheckForTimeOut)
    xTaskCreate                              0x08010095   Thumb Code   158  tasks.o(.text.xTaskCreate)
    xTaskCreateStatic                        0x08010135   Thumb Code   204  tasks.o(.text.xTaskCreateStatic)
    xTaskGetSchedulerState                   0x08010201   Thumb Code    56  tasks.o(.text.xTaskGetSchedulerState)
    xTaskGetTickCount                        0x08010239   Thumb Code    20  tasks.o(.text.xTaskGetTickCount)
    xTaskIncrementTick                       0x0801024d   Thumb Code   452  tasks.o(.text.xTaskIncrementTick)
    xTaskPriorityDisinherit                  0x08010411   Thumb Code   236  tasks.o(.text.xTaskPriorityDisinherit)
    xTaskPriorityInherit                     0x080104fd   Thumb Code   270  tasks.o(.text.xTaskPriorityInherit)
    xTaskRemoveFromEventList                 0x0801060d   Thumb Code   206  tasks.o(.text.xTaskRemoveFromEventList)
    xTaskResumeAll                           0x080106dd   Thumb Code   390  tasks.o(.text.xTaskResumeAll)
    xTimerCreateTimerTask                    0x08010865   Thumb Code   148  timers.o(.text.xTimerCreateTimerTask)
    xTimerGenericCommand                     0x080108f9   Thumb Code   176  timers.o(.text.xTimerGenericCommand)
    __scatterload_copy                       0x080109a9   Thumb Code    14  handlers.o(i.__scatterload_copy)
    __scatterload_null                       0x080109b7   Thumb Code     2  handlers.o(i.__scatterload_null)
    __scatterload_zeroinit                   0x080109b9   Thumb Code    14  handlers.o(i.__scatterload_zeroinit)
    malloc                                   0x080109c9   Thumb Code    92  malloc.o(i.malloc)
    AHBPrescTable                            0x08010a44   Data          16  system_stm32f1xx.o(.rodata.AHBPrescTable)
    APBPrescTable                            0x08010a54   Data           8  system_stm32f1xx.o(.rodata.APBPrescTable)
    KeyTask_attributes                       0x08010af0   Data          36  hxzp_key.o(.rodata.KeyTask_attributes)
    LcdTask_attributes                       0x08010b14   Data          36  hxzp_st7789.o(.rodata.LcdTask_attributes)
    LedTask_attributes                       0x08010b38   Data          36  hxzp_led.o(.rodata.LedTask_attributes)
    SD_Driver                                0x08010b5c   Data          20  sd_diskio.o(.rodata.SD_Driver)
    defaultTask_attributes                   0x08010b70   Data          36  freertos.o(.rodata.defaultTask_attributes)
    Region$$Table$$Base                      0x08010c08   Number         0  anon$$obj.o(Region$$Table)
    Region$$Table$$Limit                     0x08010c28   Number         0  anon$$obj.o(Region$$Table)
    __microlib_freelist                      0x20000000   Data           4  mvars.o(.data)
    __microlib_freelist_initialised          0x20000004   Data           4  mvars.o(.data)
    SystemCoreClock                          0x2000000c   Data           4  system_stm32f1xx.o(.data.SystemCoreClock)
    key_ccw                                  0x20000010   Data          32  drv_key.o(.data.key_ccw)
    key_config_default                       0x20000030   Data           8  drv_key.o(.data.key_config_default)
    key_cw                                   0x20000038   Data          32  drv_key.o(.data.key_cw)
    key_key1                                 0x20000058   Data          32  drv_key.o(.data.key_key1)
    key_key2                                 0x20000078   Data          32  drv_key.o(.data.key_key2)
    key_push                                 0x20000098   Data          32  drv_key.o(.data.key_push)
    led1                                     0x200000b8   Data          28  drv_led.o(.data.led1)
    led1_Conf                                0x200000d4   Data        1290  drv_led.o(.data.led1_Conf)
    led2                                     0x200005e0   Data          28  drv_led.o(.data.led2)
    led2_Conf                                0x200005fc   Data        1290  drv_led.o(.data.led2_Conf)
    led3                                     0x20000b08   Data          28  drv_led.o(.data.led3)
    led3_Conf                                0x20000b24   Data        1290  drv_led.o(.data.led3_Conf)
    uwTickFreq                               0x2000102e   Data           1  stm32f1xx_hal.o(.data.uwTickFreq)
    uwTickPrio                               0x20001030   Data           4  stm32f1xx_hal.o(.data.uwTickPrio)
    KeyTaskHandle                            0x200012bc   Data           4  hxzp_key.o(.bss.KeyTaskHandle)
    LCD                                      0x200012c0   Data         676  hxzp_st7789.o(.bss.LCD)
    LcdTaskHandle                            0x20001564   Data           4  hxzp_st7789.o(.bss.LcdTaskHandle)
    LedTaskHandle                            0x2000156c   Data           4  hxzp_led.o(.bss.LedTaskHandle)
    SDFatFS                                  0x20001570   Data         564  fatfs.o(.bss.SDFatFS)
    SDPath                                   0x200017a4   Data           4  fatfs.o(.bss.SDPath)
    color                                    0x20001c0a   Data           2  hxzp_st7789.o(.bss.color)
    defaultTaskHandle                        0x20001c0c   Data           4  freertos.o(.bss.defaultTaskHandle)
    disk                                     0x20001c10   Data          12  ff_gen_drv.o(.bss.disk)
    hdma_spi1_tx                             0x20001c6c   Data          68  spi.o(.bss.hdma_spi1_tx)
    hpcd_USB_FS                              0x20001cb0   Data         752  usbd_conf.o(.bss.hpcd_USB_FS)
    hsd                                      0x20001fa0   Data         132  sdio.o(.bss.hsd)
    hspi1                                    0x20002024   Data          88  spi.o(.bss.hspi1)
    htim8                                    0x2000207c   Data          72  stm32f1xx_hal_timebase_tim.o(.bss.htim8)
    pxCurrentTCB                             0x200021b8   Data           4  tasks.o(.bss.pxCurrentTCB)
    retSD                                    0x20002630   Data           1  fatfs.o(.bss.retSD)
    uwTick                                   0x20003238   Data           4  stm32f1xx_hal.o(.bss.uwTick)
    xQueueRegistry                           0x200032d0   Data          64  queue.o(.bss.xQueueRegistry)
    __heap_base                              0x20003358   Data           0  startup_stm32f103xe.o(HEAP)
    __heap_limit                             0x20003558   Data           0  startup_stm32f103xe.o(HEAP)
    __initial_sp                             0x20003958   Data           0  startup_stm32f103xe.o(STACK)



==============================================================================

Memory Map of the image

  Image Entry point : 0x08000131

  Load Region LR_IROM1 (Base: 0x08000000, Size: 0x00011c60, Max: 0x00080000, ABSOLUTE, COMPRESSED[0x00010d38])

    Execution Region ER_IROM1 (Exec base: 0x08000000, Load base: 0x08000000, Size: 0x00010c28, Max: 0x00080000, ABSOLUTE)

    Exec Addr    Load Addr    Size         Type   Attr      Idx    E Section Name        Object

    0x08000000   0x08000000   0x00000130   Data   RO            3    RESET               startup_stm32f103xe.o
    0x08000130   0x08000130   0x00000000   Code   RO         2746  * .ARM.Collect$$$$00000000  mc_w.l(entry.o)
    0x08000130   0x08000130   0x00000004   Code   RO         2787    .ARM.Collect$$$$00000001  mc_w.l(entry2.o)
    0x08000134   0x08000134   0x00000004   Code   RO         2790    .ARM.Collect$$$$00000004  mc_w.l(entry5.o)
    0x08000138   0x08000138   0x00000000   Code   RO         2792    .ARM.Collect$$$$00000008  mc_w.l(entry7b.o)
    0x08000138   0x08000138   0x00000000   Code   RO         2794    .ARM.Collect$$$$0000000A  mc_w.l(entry8b.o)
    0x08000138   0x08000138   0x00000008   Code   RO         2795    .ARM.Collect$$$$0000000B  mc_w.l(entry9a.o)
    0x08000140   0x08000140   0x00000000   Code   RO         2797    .ARM.Collect$$$$0000000D  mc_w.l(entry10a.o)
    0x08000140   0x08000140   0x00000000   Code   RO         2799    .ARM.Collect$$$$0000000F  mc_w.l(entry11a.o)
    0x08000140   0x08000140   0x00000004   Code   RO         2788    .ARM.Collect$$$$00002712  mc_w.l(entry2.o)
    0x08000144   0x08000144   0x00000024   Code   RO            4    .text               startup_stm32f103xe.o
    0x08000168   0x08000168   0x00000024   Code   RO         2749    .text               mc_w.l(memcpya.o)
    0x0800018c   0x0800018c   0x00000024   Code   RO         2751    .text               mc_w.l(memseta.o)
    0x080001b0   0x080001b0   0x0000000e   Code   RO         2753    .text               mc_w.l(strlen.o)
    0x080001be   0x080001be   0x0000001c   Code   RO         2755    .text               mc_w.l(strcmp.o)
    0x080001da   0x080001da   0x00000002   PAD
    0x080001dc   0x080001dc   0x00000024   Code   RO         2803    .text               mc_w.l(init.o)
    0x08000200   0x08000200   0x00000056   Code   RO         2813    .text               mc_w.l(__dczerorl2.o)
    0x08000256   0x08000256   0x00000002   PAD
    0x08000258   0x08000258   0x0000002c   Code   RO         2517    .text.BSP_PlatformIsDetected  fatfs_platform.o
    0x08000284   0x08000284   0x00000018   Code   RO         2496    .text.BSP_SD_GetCardInfo  bsp_driver_sd.o
    0x0800029c   0x0800029c   0x00000016   Code   RO         2494    .text.BSP_SD_GetCardState  bsp_driver_sd.o
    0x080002b2   0x080002b2   0x00000002   PAD
    0x080002b4   0x080002b4   0x00000064   Code   RO         2476    .text.BSP_SD_Init   bsp_driver_sd.o
    0x08000318   0x08000318   0x00000022   Code   RO         2478    .text.BSP_SD_IsDetected  bsp_driver_sd.o
    0x0800033a   0x0800033a   0x00000002   PAD
    0x0800033c   0x0800033c   0x00000040   Code   RO         2484    .text.BSP_SD_ReadBlocks  bsp_driver_sd.o
    0x0800037c   0x0800037c   0x00000040   Code   RO         2486    .text.BSP_SD_WriteBlocks  bsp_driver_sd.o
    0x080003bc   0x080003bc   0x00000004   Code   RO           94    .text.BusFault_Handler  stm32f1xx_it.o
    0x080003c0   0x080003c0   0x00000014   Code   RO          100    .text.DMA1_Channel3_IRQHandler  stm32f1xx_it.o
    0x080003d4   0x080003d4   0x00000050   Code   RO          450    .text.DMA_SetConfig  stm32f1xx_hal_dma.o
    0x08000424   0x08000424   0x00000002   Code   RO           98    .text.DebugMon_Handler  stm32f1xx_it.o
    0x08000426   0x08000426   0x00000002   PAD
    0x08000428   0x08000428   0x00000010   Code   RO         2002    .text.Drv_Init      drv_init.o
    0x08000438   0x08000438   0x00000040   Code   RO         2020    .text.Drv_Key_Init  drv_key.o
    0x08000478   0x08000478   0x0000001e   Code   RO         2060    .text.Drv_Lcd_A0    drv_lcd.o
    0x08000496   0x08000496   0x00000002   PAD
    0x08000498   0x08000498   0x0000002a   Code   RO         2058    .text.Drv_Lcd_CS    drv_lcd.o
    0x080004c2   0x080004c2   0x00000002   PAD
    0x080004c4   0x080004c4   0x00000044   Code   RO         2068    .text.Drv_Lcd_Init  drv_lcd.o
    0x08000508   0x08000508   0x0000001e   Code   RO         2062    .text.Drv_Lcd_LED   drv_lcd.o
    0x08000526   0x08000526   0x00000002   PAD
    0x08000528   0x08000528   0x0000001e   Code   RO         2064    .text.Drv_Lcd_RES   drv_lcd.o
    0x08000546   0x08000546   0x00000002   PAD
    0x08000548   0x08000548   0x00000020   Code   RO         2066    .text.Drv_Lcd_Write  drv_lcd.o
    0x08000568   0x08000568   0x00000028   Code   RO         2042    .text.Drv_Led_Init  drv_led.o
    0x08000590   0x08000590   0x0000000e   Code   RO           15    .text.Error_Handler  main.o
    0x0800059e   0x0800059e   0x00000002   PAD
    0x080005a0   0x080005a0   0x00000016   Code   RO         2695    .text.FATFS_LinkDriver  ff_gen_drv.o
    0x080005b6   0x080005b6   0x00000002   PAD
    0x080005b8   0x080005b8   0x0000007c   Code   RO         2693    .text.FATFS_LinkDriverEx  ff_gen_drv.o
    0x08000634   0x08000634   0x00000684   Code   RO          460    .text.HAL_DMA_IRQHandler  stm32f1xx_hal_dma.o
    0x08000cb8   0x08000cb8   0x000000f4   Code   RO          444    .text.HAL_DMA_Init  stm32f1xx_hal_dma.o
    0x08000dac   0x08000dac   0x000000ca   Code   RO          452    .text.HAL_DMA_Start_IT  stm32f1xx_hal_dma.o
    0x08000e76   0x08000e76   0x00000002   PAD
    0x08000e78   0x08000e78   0x00000042   Code   RO          327    .text.HAL_Delay     stm32f1xx_hal.o
    0x08000eba   0x08000eba   0x00000002   PAD
    0x08000ebc   0x08000ebc   0x00000356   Code   RO          421    .text.HAL_GPIO_Init  stm32f1xx_hal_gpio.o
    0x08001212   0x08001212   0x00000002   PAD
    0x08001214   0x08001214   0x0000002e   Code   RO          425    .text.HAL_GPIO_ReadPin  stm32f1xx_hal_gpio.o
    0x08001242   0x08001242   0x00000002   PAD
    0x08001244   0x08001244   0x0000002e   Code   RO          427    .text.HAL_GPIO_WritePin  stm32f1xx_hal_gpio.o
    0x08001272   0x08001272   0x00000002   PAD
    0x08001274   0x08001274   0x0000000c   Code   RO          319    .text.HAL_GetTick   stm32f1xx_hal.o
    0x08001280   0x08001280   0x0000001a   Code   RO          317    .text.HAL_IncTick   stm32f1xx_hal.o
    0x0800129a   0x0800129a   0x00000002   PAD
    0x0800129c   0x0800129c   0x00000026   Code   RO          307    .text.HAL_Init      stm32f1xx_hal.o
    0x080012c2   0x080012c2   0x00000002   PAD
    0x080012c4   0x080012c4   0x000000da   Code   RO          121    .text.HAL_InitTick  stm32f1xx_hal_timebase_tim.o
    0x0800139e   0x0800139e   0x00000002   PAD
    0x080013a0   0x080013a0   0x00000072   Code   RO          113    .text.HAL_MspInit   stm32f1xx_hal_msp.o
    0x08001412   0x08001412   0x00000002   PAD
    0x08001414   0x08001414   0x00000014   Code   RO          489    .text.HAL_NVIC_EnableIRQ  stm32f1xx_hal_cortex.o
    0x08001428   0x08001428   0x00000032   Code   RO          481    .text.HAL_NVIC_SetPriority  stm32f1xx_hal_cortex.o
    0x0800145a   0x0800145a   0x00000002   PAD
    0x0800145c   0x0800145c   0x00000010   Code   RO          477    .text.HAL_NVIC_SetPriorityGrouping  stm32f1xx_hal_cortex.o
    0x0800146c   0x0800146c   0x00000026   Code   RO         2265    .text.HAL_PCD_DataInStageCallback  usbd_conf.o
    0x08001492   0x08001492   0x00000002   PAD
    0x08001494   0x08001494   0x00000028   Code   RO         2263    .text.HAL_PCD_DataOutStageCallback  usbd_conf.o
    0x080014bc   0x080014bc   0x000000c8   Code   RO          206    .text.HAL_PCD_EP_ClrStall  stm32f1xx_hal_pcd.o
    0x08001584   0x08001584   0x000001fc   Code   RO          218    .text.HAL_PCD_EP_DB_Receive  stm32f1xx_hal_pcd.o
    0x08001780   0x08001780   0x0000074c   Code   RO          220    .text.HAL_PCD_EP_DB_Transmit  stm32f1xx_hal_pcd.o
    0x08001ecc   0x08001ecc   0x000000da   Code   RO          194    .text.HAL_PCD_EP_Open  stm32f1xx_hal_pcd.o
    0x08001fa6   0x08001fa6   0x00000002   PAD
    0x08001fa8   0x08001fa8   0x0000005a   Code   RO          198    .text.HAL_PCD_EP_Receive  stm32f1xx_hal_pcd.o
    0x08002002   0x08002002   0x00000002   PAD
    0x08002004   0x08002004   0x000000dc   Code   RO          204    .text.HAL_PCD_EP_SetStall  stm32f1xx_hal_pcd.o
    0x080020e0   0x080020e0   0x00000066   Code   RO          202    .text.HAL_PCD_EP_Transmit  stm32f1xx_hal_pcd.o
    0x08002146   0x08002146   0x00000002   PAD
    0x08002148   0x08002148   0x00000204   Code   RO          160    .text.HAL_PCD_IRQHandler  stm32f1xx_hal_pcd.o
    0x0800234c   0x0800234c   0x00000038   Code   RO         2269    .text.HAL_PCD_ResetCallback  usbd_conf.o
    0x08002384   0x08002384   0x00000014   Code   RO         2273    .text.HAL_PCD_ResumeCallback  usbd_conf.o
    0x08002398   0x08002398   0x00000014   Code   RO         2267    .text.HAL_PCD_SOFCallback  usbd_conf.o
    0x080023ac   0x080023ac   0x0000005e   Code   RO          166    .text.HAL_PCD_SetAddress  stm32f1xx_hal_pcd.o
    0x0800240a   0x0800240a   0x00000002   PAD
    0x0800240c   0x0800240c   0x00000018   Code   RO         2261    .text.HAL_PCD_SetupStageCallback  usbd_conf.o
    0x08002424   0x08002424   0x0000002e   Code   RO         2271    .text.HAL_PCD_SuspendCallback  usbd_conf.o
    0x08002452   0x08002452   0x00000002   PAD
    0x08002454   0x08002454   0x000001c8   Code   RO          406    .text.HAL_RCCEx_PeriphCLKConfig  stm32f1xx_hal_rcc_ex.o
    0x0800261c   0x0800261c   0x00000256   Code   RO          373    .text.HAL_RCC_ClockConfig  stm32f1xx_hal_rcc.o
    0x08002872   0x08002872   0x00000002   PAD
    0x08002874   0x08002874   0x00000054   Code   RO          391    .text.HAL_RCC_GetClockConfig  stm32f1xx_hal_rcc.o
    0x080028c8   0x080028c8   0x0000000c   Code   RO          383    .text.HAL_RCC_GetHCLKFreq  stm32f1xx_hal_rcc.o
    0x080028d4   0x080028d4   0x00000022   Code   RO          387    .text.HAL_RCC_GetPCLK2Freq  stm32f1xx_hal_rcc.o
    0x080028f6   0x080028f6   0x00000002   PAD
    0x080028f8   0x080028f8   0x000000bc   Code   RO          375    .text.HAL_RCC_GetSysClockFreq  stm32f1xx_hal_rcc.o
    0x080029b4   0x080029b4   0x0000067a   Code   RO          369    .text.HAL_RCC_OscConfig  stm32f1xx_hal_rcc.o
    0x0800302e   0x0800302e   0x00000002   PAD
    0x08003030   0x08003030   0x0000013c   Code   RO          852    .text.HAL_SD_ConfigWideBusOperation  stm32f1xx_hal_sd.o
    0x0800316c   0x0800316c   0x0000028a   Code   RO          844    .text.HAL_SD_GetCardCSD  stm32f1xx_hal_sd.o
    0x080033f6   0x080033f6   0x00000002   PAD
    0x080033f8   0x080033f8   0x0000004c   Code   RO          850    .text.HAL_SD_GetCardInfo  stm32f1xx_hal_sd.o
    0x08003444   0x08003444   0x00000034   Code   RO          858    .text.HAL_SD_GetCardState  stm32f1xx_hal_sd.o
    0x08003478   0x08003478   0x00000066   Code   RO          784    .text.HAL_SD_Init   stm32f1xx_hal_sd.o
    0x080034de   0x080034de   0x00000002   PAD
    0x080034e0   0x080034e0   0x00000104   Code   RO          788    .text.HAL_SD_InitCard  stm32f1xx_hal_sd.o
    0x080035e4   0x080035e4   0x000000be   Code   RO           59    .text.HAL_SD_MspInit  sdio.o
    0x080036a2   0x080036a2   0x00000002   PAD
    0x080036a4   0x080036a4   0x00000406   Code   RO          800    .text.HAL_SD_ReadBlocks  stm32f1xx_hal_sd.o
    0x08003aaa   0x08003aaa   0x00000002   PAD
    0x08003aac   0x08003aac   0x0000034c   Code   RO          802    .text.HAL_SD_WriteBlocks  stm32f1xx_hal_sd.o
    0x08003df8   0x08003df8   0x00000008   Code   RO          959    .text.HAL_SPI_ErrorCallback  stm32f1xx_hal_spi.o
    0x08003e00   0x08003e00   0x000000f8   Code   RO          875    .text.HAL_SPI_Init  stm32f1xx_hal_spi.o
    0x08003ef8   0x08003ef8   0x000000c6   Code   RO           73    .text.HAL_SPI_MspInit  spi.o
    0x08003fbe   0x08003fbe   0x00000002   PAD
    0x08003fc0   0x08003fc0   0x0000016a   Code   RO          915    .text.HAL_SPI_Transmit_DMA  stm32f1xx_hal_spi.o
    0x0800412a   0x0800412a   0x00000002   PAD
    0x0800412c   0x0800412c   0x00000008   Code   RO          961    .text.HAL_SPI_TxCpltCallback  stm32f1xx_hal_spi.o
    0x08004134   0x08004134   0x00000008   Code   RO          967    .text.HAL_SPI_TxHalfCpltCallback  stm32f1xx_hal_spi.o
    0x0800413c   0x0800413c   0x00000008   Code   RO         1315    .text.HAL_TIMEx_BreakCallback  stm32f1xx_hal_tim_ex.o
    0x08004144   0x08004144   0x00000008   Code   RO         1311    .text.HAL_TIMEx_CommutCallback  stm32f1xx_hal_tim_ex.o
    0x0800414c   0x0800414c   0x0000009c   Code   RO          992    .text.HAL_TIM_Base_Init  stm32f1xx_hal_tim.o
    0x080041e8   0x080041e8   0x00000008   Code   RO          994    .text.HAL_TIM_Base_MspInit  stm32f1xx_hal_tim.o
    0x080041f0   0x080041f0   0x000000d4   Code   RO         1006    .text.HAL_TIM_Base_Start_IT  stm32f1xx_hal_tim.o
    0x080042c4   0x080042c4   0x00000008   Code   RO         1128    .text.HAL_TIM_IC_CaptureCallback  stm32f1xx_hal_tim.o
    0x080042cc   0x080042cc   0x0000027a   Code   RO         1126    .text.HAL_TIM_IRQHandler  stm32f1xx_hal_tim.o
    0x08004546   0x08004546   0x00000002   PAD
    0x08004548   0x08004548   0x00000008   Code   RO         1130    .text.HAL_TIM_OC_DelayElapsedCallback  stm32f1xx_hal_tim.o
    0x08004550   0x08004550   0x00000008   Code   RO         1132    .text.HAL_TIM_PWM_PulseFinishedCallback  stm32f1xx_hal_tim.o
    0x08004558   0x08004558   0x00000022   Code   RO           17    .text.HAL_TIM_PeriodElapsedCallback  main.o
    0x0800457a   0x0800457a   0x00000002   PAD
    0x0800457c   0x0800457c   0x00000008   Code   RO         1136    .text.HAL_TIM_TriggerCallback  stm32f1xx_hal_tim.o
    0x08004584   0x08004584   0x00000004   Code   RO           90    .text.HardFault_Handler  stm32f1xx_it.o
    0x08004588   0x08004588   0x00000054   Code   RO         1976    .text.Key_Event_CCW  user_key.o
    0x080045dc   0x080045dc   0x00000054   Code   RO         1974    .text.Key_Event_CW  user_key.o
    0x08004630   0x08004630   0x00000054   Code   RO         1980    .text.Key_Event_KEY1  user_key.o
    0x08004684   0x08004684   0x00000054   Code   RO         1982    .text.Key_Event_KEY2  user_key.o
    0x080046d8   0x080046d8   0x00000054   Code   RO         1978    .text.Key_Event_PUSH  user_key.o
    0x0800472c   0x0800472c   0x00000012   Code   RO         2012    .text.Key_Read_ccw  drv_key.o
    0x0800473e   0x0800473e   0x00000002   PAD
    0x08004740   0x08004740   0x00000012   Code   RO         2010    .text.Key_Read_cw   drv_key.o
    0x08004752   0x08004752   0x00000002   PAD
    0x08004754   0x08004754   0x00000012   Code   RO         2016    .text.Key_Read_key1  drv_key.o
    0x08004766   0x08004766   0x00000002   PAD
    0x08004768   0x08004768   0x00000012   Code   RO         2018    .text.Key_Read_key2  drv_key.o
    0x0800477a   0x0800477a   0x00000002   PAD
    0x0800477c   0x0800477c   0x00000012   Code   RO         2014    .text.Key_Read_push  drv_key.o
    0x0800478e   0x0800478e   0x00000002   PAD
    0x08004790   0x08004790   0x0000001e   Code   RO         2036    .text.Led1_Write    drv_led.o
    0x080047ae   0x080047ae   0x00000002   PAD
    0x080047b0   0x080047b0   0x0000001e   Code   RO         2038    .text.Led2_Write    drv_led.o
    0x080047ce   0x080047ce   0x00000002   PAD
    0x080047d0   0x080047d0   0x0000001e   Code   RO         2040    .text.Led3_Write    drv_led.o
    0x080047ee   0x080047ee   0x00000002   PAD
    0x080047f0   0x080047f0   0x0000002a   Code   RO         2124    .text.List_Create   hxzp_list.o
    0x0800481a   0x0800481a   0x00000002   PAD
    0x0800481c   0x0800481c   0x00000062   Code   RO         2126    .text.List_Insert   hxzp_list.o
    0x0800487e   0x0800487e   0x00000002   PAD
    0x08004880   0x08004880   0x00000038   Code   RO           49    .text.MX_DMA_Init   dma.o
    0x080048b8   0x080048b8   0x00000022   Code   RO         2525    .text.MX_FATFS_Init  fatfs.o
    0x080048da   0x080048da   0x00000002   PAD
    0x080048dc   0x080048dc   0x00000024   Code   RO           35    .text.MX_FREERTOS_Init  freertos.o
    0x08004900   0x08004900   0x00000168   Code   RO           27    .text.MX_GPIO_Init  gpio.o
    0x08004a68   0x08004a68   0x00000028   Code   RO           57    .text.MX_SDIO_SD_Init  sdio.o
    0x08004a90   0x08004a90   0x0000004e   Code   RO           71    .text.MX_SPI1_Init  spi.o
    0x08004ade   0x08004ade   0x00000002   PAD
    0x08004ae0   0x08004ae0   0x00000004   Code   RO           92    .text.MemManage_Handler  stm32f1xx_it.o
    0x08004ae4   0x08004ae4   0x00000004   Code   RO           88    .text.NMI_Handler   stm32f1xx_it.o
    0x08004ae8   0x08004ae8   0x0000006c   Code   RO          487    .text.NVIC_EncodePriority  stm32f1xx_hal_cortex.o
    0x08004b54   0x08004b54   0x00000712   Code   RO          162    .text.PCD_EP_ISR_Handler  stm32f1xx_hal_pcd.o
    0x08005266   0x08005266   0x0000000a   PAD
    0x08005270   0x08005270   0x00000044   Code   RO         1946    .text.PendSV_Handler  port.o
    0x080052b4   0x080052b4   0x0000003a   Code   RO          371    .text.RCC_Delay     stm32f1xx_hal_rcc.o
    0x080052ee   0x080052ee   0x00000002   PAD
    0x080052f0   0x080052f0   0x00000048   Code   RO          703    .text.SDIO_ConfigData  stm32f1xx_ll_sdmmc.o
    0x08005338   0x08005338   0x0000000e   Code   RO          699    .text.SDIO_GetCommandResponse  stm32f1xx_ll_sdmmc.o
    0x08005346   0x08005346   0x00000002   PAD
    0x08005348   0x08005348   0x00000010   Code   RO          695    .text.SDIO_GetPowerState  stm32f1xx_ll_sdmmc.o
    0x08005358   0x08005358   0x00000018   Code   RO          701    .text.SDIO_GetResponse  stm32f1xx_ll_sdmmc.o
    0x08005370   0x08005370   0x0000005a   Code   RO          685    .text.SDIO_Init     stm32f1xx_ll_sdmmc.o
    0x080053ca   0x080053ca   0x00000002   PAD
    0x080053cc   0x080053cc   0x00000010   Code   RO          691    .text.SDIO_PowerState_ON  stm32f1xx_ll_sdmmc.o
    0x080053dc   0x080053dc   0x0000000e   Code   RO          687    .text.SDIO_ReadFIFO  stm32f1xx_ll_sdmmc.o
    0x080053ea   0x080053ea   0x00000002   PAD
    0x080053ec   0x080053ec   0x00000042   Code   RO          697    .text.SDIO_SendCommand  stm32f1xx_ll_sdmmc.o
    0x0800542e   0x0800542e   0x00000002   PAD
    0x08005430   0x08005430   0x00000016   Code   RO          689    .text.SDIO_WriteFIFO  stm32f1xx_ll_sdmmc.o
    0x08005446   0x08005446   0x00000002   PAD
    0x08005448   0x08005448   0x0000003c   Code   RO          745    .text.SDMMC_CmdAppCommand  stm32f1xx_ll_sdmmc.o
    0x08005484   0x08005484   0x0000003c   Code   RO          747    .text.SDMMC_CmdAppOperCommand  stm32f1xx_ll_sdmmc.o
    0x080054c0   0x080054c0   0x0000003c   Code   RO          711    .text.SDMMC_CmdBlockLength  stm32f1xx_ll_sdmmc.o
    0x080054fc   0x080054fc   0x0000003c   Code   RO          751    .text.SDMMC_CmdBusWidth  stm32f1xx_ll_sdmmc.o
    0x08005538   0x08005538   0x0000002c   Code   RO          737    .text.SDMMC_CmdGoIdleState  stm32f1xx_ll_sdmmc.o
    0x08005564   0x08005564   0x00000034   Code   RO          741    .text.SDMMC_CmdOperCond  stm32f1xx_ll_sdmmc.o
    0x08005598   0x08005598   0x0000003c   Code   RO          717    .text.SDMMC_CmdReadMultiBlock  stm32f1xx_ll_sdmmc.o
    0x080055d4   0x080055d4   0x0000003c   Code   RO          715    .text.SDMMC_CmdReadSingleBlock  stm32f1xx_ll_sdmmc.o
    0x08005610   0x08005610   0x0000003e   Code   RO          735    .text.SDMMC_CmdSelDesel  stm32f1xx_ll_sdmmc.o
    0x0800564e   0x0800564e   0x00000002   PAD
    0x08005650   0x08005650   0x00000030   Code   RO          755    .text.SDMMC_CmdSendCID  stm32f1xx_ll_sdmmc.o
    0x08005680   0x08005680   0x00000034   Code   RO          759    .text.SDMMC_CmdSendCSD  stm32f1xx_ll_sdmmc.o
    0x080056b4   0x080056b4   0x00000038   Code   RO          753    .text.SDMMC_CmdSendSCR  stm32f1xx_ll_sdmmc.o
    0x080056ec   0x080056ec   0x0000003c   Code   RO          767    .text.SDMMC_CmdSendStatus  stm32f1xx_ll_sdmmc.o
    0x08005728   0x08005728   0x00000038   Code   RO          761    .text.SDMMC_CmdSetRelAdd  stm32f1xx_ll_sdmmc.o
    0x08005760   0x08005760   0x0000003c   Code   RO          733    .text.SDMMC_CmdStopTransfer  stm32f1xx_ll_sdmmc.o
    0x0800579c   0x0800579c   0x0000003c   Code   RO          721    .text.SDMMC_CmdWriteMultiBlock  stm32f1xx_ll_sdmmc.o
    0x080057d8   0x080057d8   0x0000003c   Code   RO          719    .text.SDMMC_CmdWriteSingleBlock  stm32f1xx_ll_sdmmc.o
    0x08005814   0x08005814   0x0000005a   Code   RO          739    .text.SDMMC_GetCmdError  stm32f1xx_ll_sdmmc.o
    0x0800586e   0x0800586e   0x00000002   PAD
    0x08005870   0x08005870   0x00000246   Code   RO          713    .text.SDMMC_GetCmdResp1  stm32f1xx_ll_sdmmc.o
    0x08005ab6   0x08005ab6   0x00000002   PAD
    0x08005ab8   0x08005ab8   0x000000a8   Code   RO          757    .text.SDMMC_GetCmdResp2  stm32f1xx_ll_sdmmc.o
    0x08005b60   0x08005b60   0x00000092   Code   RO          749    .text.SDMMC_GetCmdResp3  stm32f1xx_ll_sdmmc.o
    0x08005bf2   0x08005bf2   0x00000002   PAD
    0x08005bf4   0x08005bf4   0x00000114   Code   RO          763    .text.SDMMC_GetCmdResp6  stm32f1xx_ll_sdmmc.o
    0x08005d08   0x08005d08   0x000000b6   Code   RO          743    .text.SDMMC_GetCmdResp7  stm32f1xx_ll_sdmmc.o
    0x08005dbe   0x08005dbe   0x00000002   PAD
    0x08005dc0   0x08005dc0   0x0000018e   Code   RO          866    .text.SD_FindSCR    stm32f1xx_hal_sd.o
    0x08005f4e   0x08005f4e   0x00000002   PAD
    0x08005f50   0x08005f50   0x0000018a   Code   RO          792    .text.SD_InitCard   stm32f1xx_hal_sd.o
    0x080060da   0x080060da   0x00000002   PAD
    0x080060dc   0x080060dc   0x0000013e   Code   RO          790    .text.SD_PowerON    stm32f1xx_hal_sd.o
    0x0800621a   0x0800621a   0x00000002   PAD
    0x0800621c   0x0800621c   0x0000004e   Code   RO          860    .text.SD_SendStatus  stm32f1xx_hal_sd.o
    0x0800626a   0x0800626a   0x00000002   PAD
    0x0800626c   0x0800626c   0x0000008a   Code   RO          856    .text.SD_WideBus_Disable  stm32f1xx_hal_sd.o
    0x080062f6   0x080062f6   0x00000002   PAD
    0x080062f8   0x080062f8   0x0000008c   Code   RO          854    .text.SD_WideBus_Enable  stm32f1xx_hal_sd.o
    0x08006384   0x08006384   0x0000003c   Code   RO         2728    .text.SD_initialize  sd_diskio.o
    0x080063c0   0x080063c0   0x000000a0   Code   RO         2736    .text.SD_ioctl      sd_diskio.o
    0x08006460   0x08006460   0x0000006c   Code   RO         2732    .text.SD_read       sd_diskio.o
    0x080064cc   0x080064cc   0x0000003c   Code   RO         2730    .text.SD_status     sd_diskio.o
    0x08006508   0x08006508   0x0000006c   Code   RO         2734    .text.SD_write      sd_diskio.o
    0x08006574   0x08006574   0x00000034   Code   RO          921    .text.SPI_DMAError  stm32f1xx_hal_spi.o
    0x080065a8   0x080065a8   0x00000016   Code   RO          917    .text.SPI_DMAHalfTransmitCplt  stm32f1xx_hal_spi.o
    0x080065be   0x080065be   0x00000002   PAD
    0x080065c0   0x080065c0   0x000000a4   Code   RO          919    .text.SPI_DMATransmitCplt  stm32f1xx_hal_spi.o
    0x08006664   0x08006664   0x00000042   Code   RO          885    .text.SPI_EndRxTxTransaction  stm32f1xx_hal_spi.o
    0x080066a6   0x080066a6   0x00000002   PAD
    0x080066a8   0x080066a8   0x0000012a   Code   RO          983    .text.SPI_WaitFlagStateUntilTimeout  stm32f1xx_hal_spi.o
    0x080067d2   0x080067d2   0x0000000e   PAD
    0x080067e0   0x080067e0   0x00000024   Code   RO         1932    .text.SVC_Handler   port.o
    0x08006804   0x08006804   0x0000007e   Code   RO         1964    .text.StartDefaultTask  test.o
    0x08006882   0x08006882   0x00000002   PAD
    0x08006884   0x08006884   0x0000025e   Code   RO         2101    .text.StartKeyTask  hxzp_key.o
    0x08006ae2   0x08006ae2   0x00000002   PAD
    0x08006ae4   0x08006ae4   0x0000005a   Code   RO         2161    .text.StartLcdTask  hxzp_st7789.o
    0x08006b3e   0x08006b3e   0x00000002   PAD
    0x08006b40   0x08006b40   0x000002d0   Code   RO         2077    .text.StartLedTask  hxzp_led.o
    0x08006e10   0x08006e10   0x0000003c   Code   RO         1948    .text.SysTick_Handler  port.o
    0x08006e4c   0x08006e4c   0x00000092   Code   RO           13    .text.SystemClock_Config  main.o
    0x08006ede   0x08006ede   0x00000002   PAD
    0x08006ee0   0x08006ee0   0x00000002   Code   RO         1328    .text.SystemInit    system_stm32f1xx.o
    0x08006ee2   0x08006ee2   0x00000002   PAD
    0x08006ee4   0x08006ee4   0x00000010   Code   RO          104    .text.TIM8_UP_IRQHandler  stm32f1xx_it.o
    0x08006ef4   0x08006ef4   0x00000140   Code   RO          996    .text.TIM_Base_SetConfig  stm32f1xx_hal_tim.o
    0x08007034   0x08007034   0x0000001e   Code   RO         2344    .text.USBD_ClrClassConfig  usbd_core.o
    0x08007052   0x08007052   0x00000002   PAD
    0x08007054   0x08007054   0x00000040   Code   RO         2391    .text.USBD_ClrFeature  usbd_ctlreq.o
    0x08007094   0x08007094   0x00000022   Code   RO         2419    .text.USBD_CtlContinueRx  usbd_ioreq.o
    0x080070b6   0x080070b6   0x00000002   PAD
    0x080070b8   0x080070b8   0x00000022   Code   RO         2415    .text.USBD_CtlContinueSendData  usbd_ioreq.o
    0x080070da   0x080070da   0x00000002   PAD
    0x080070dc   0x080070dc   0x0000001c   Code   RO         2393    .text.USBD_CtlError  usbd_ctlreq.o
    0x080070f8   0x080070f8   0x00000022   Code   RO         2423    .text.USBD_CtlReceiveStatus  usbd_ioreq.o
    0x0800711a   0x0800711a   0x00000002   PAD
    0x0800711c   0x0800711c   0x0000003a   Code   RO         2413    .text.USBD_CtlSendData  usbd_ioreq.o
    0x08007156   0x08007156   0x00000002   PAD
    0x08007158   0x08007158   0x00000022   Code   RO         2421    .text.USBD_CtlSendStatus  usbd_ioreq.o
    0x0800717a   0x0800717a   0x00000002   PAD
    0x0800717c   0x0800717c   0x00000064   Code   RO         2385    .text.USBD_GetConfig  usbd_ctlreq.o
    0x080071e0   0x080071e0   0x000002d6   Code   RO         2379    .text.USBD_GetDescriptor  usbd_ctlreq.o
    0x080074b6   0x080074b6   0x00000002   PAD
    0x080074b8   0x080074b8   0x00000062   Code   RO         2387    .text.USBD_GetStatus  usbd_ctlreq.o
    0x0800751a   0x0800751a   0x00000002   PAD
    0x0800751c   0x0800751c   0x00000052   Code   RO         2287    .text.USBD_Get_USB_Status  usbd_conf.o
    0x0800756e   0x0800756e   0x00000002   PAD
    0x08007570   0x08007570   0x0000003a   Code   RO         2301    .text.USBD_LL_ClearStallEP  usbd_conf.o
    0x080075aa   0x080075aa   0x00000002   PAD
    0x080075ac   0x080075ac   0x00000162   Code   RO         2350    .text.USBD_LL_DataInStage  usbd_core.o
    0x0800770e   0x0800770e   0x00000002   PAD
    0x08007710   0x08007710   0x00000102   Code   RO         2348    .text.USBD_LL_DataOutStage  usbd_core.o
    0x08007812   0x08007812   0x00000002   PAD
    0x08007814   0x08007814   0x0000005c   Code   RO         2303    .text.USBD_LL_IsStallEP  usbd_conf.o
    0x08007870   0x08007870   0x0000004a   Code   RO         2293    .text.USBD_LL_OpenEP  usbd_conf.o
    0x080078ba   0x080078ba   0x00000002   PAD
    0x080078bc   0x080078bc   0x00000046   Code   RO         2309    .text.USBD_LL_PrepareReceive  usbd_conf.o
    0x08007902   0x08007902   0x00000002   PAD
    0x08007904   0x08007904   0x00000074   Code   RO         2352    .text.USBD_LL_Reset  usbd_core.o
    0x08007978   0x08007978   0x00000022   Code   RO         2358    .text.USBD_LL_Resume  usbd_core.o
    0x0800799a   0x0800799a   0x00000002   PAD
    0x0800799c   0x0800799c   0x00000032   Code   RO         2360    .text.USBD_LL_SOF   usbd_core.o
    0x080079ce   0x080079ce   0x00000002   PAD
    0x080079d0   0x080079d0   0x00000016   Code   RO         2354    .text.USBD_LL_SetSpeed  usbd_core.o
    0x080079e6   0x080079e6   0x00000002   PAD
    0x080079e8   0x080079e8   0x0000003a   Code   RO         2305    .text.USBD_LL_SetUSBAddress  usbd_conf.o
    0x08007a22   0x08007a22   0x00000002   PAD
    0x08007a24   0x08007a24   0x00000082   Code   RO         2346    .text.USBD_LL_SetupStage  usbd_core.o
    0x08007aa6   0x08007aa6   0x00000002   PAD
    0x08007aa8   0x08007aa8   0x0000003a   Code   RO         2299    .text.USBD_LL_StallEP  usbd_conf.o
    0x08007ae2   0x08007ae2   0x00000002   PAD
    0x08007ae4   0x08007ae4   0x0000001c   Code   RO         2356    .text.USBD_LL_Suspend  usbd_core.o
    0x08007b00   0x08007b00   0x00000046   Code   RO         2307    .text.USBD_LL_Transmit  usbd_conf.o
    0x08007b46   0x08007b46   0x00000002   PAD
    0x08007b48   0x08007b48   0x00000044   Code   RO         2399    .text.USBD_ParseSetupRequest  usbd_ctlreq.o
    0x08007b8c   0x08007b8c   0x0000000a   Code   RO         2340    .text.USBD_RunTestMode  usbd_core.o
    0x08007b96   0x08007b96   0x00000002   PAD
    0x08007b98   0x08007b98   0x0000008c   Code   RO         2381    .text.USBD_SetAddress  usbd_ctlreq.o
    0x08007c24   0x08007c24   0x0000003e   Code   RO         2342    .text.USBD_SetClassConfig  usbd_core.o
    0x08007c62   0x08007c62   0x00000002   PAD
    0x08007c64   0x08007c64   0x00000138   Code   RO         2383    .text.USBD_SetConfig  usbd_ctlreq.o
    0x08007d9c   0x08007d9c   0x00000026   Code   RO         2389    .text.USBD_SetFeature  usbd_ctlreq.o
    0x08007dc2   0x08007dc2   0x00000002   PAD
    0x08007dc4   0x08007dc4   0x000000bc   Code   RO         2377    .text.USBD_StdDevReq  usbd_ctlreq.o
    0x08007e80   0x08007e80   0x00000336   Code   RO         2397    .text.USBD_StdEPReq  usbd_ctlreq.o
    0x080081b6   0x080081b6   0x00000002   PAD
    0x080081b8   0x080081b8   0x00000098   Code   RO         2395    .text.USBD_StdItfReq  usbd_ctlreq.o
    0x08008250   0x08008250   0x00000696   Code   RO          258    .text.USB_ActivateEndpoint  stm32f1xx_ll_usb.o
    0x080088e6   0x080088e6   0x00000002   PAD
    0x080088e8   0x080088e8   0x0000000c   Code   RO          292    .text.USB_EP0_OutStart  stm32f1xx_ll_usb.o
    0x080088f4   0x080088f4   0x00000148   Code   RO          268    .text.USB_EPClearStall  stm32f1xx_ll_usb.o
    0x08008a3c   0x08008a3c   0x00000088   Code   RO          266    .text.USB_EPSetStall  stm32f1xx_ll_usb.o
    0x08008ac4   0x08008ac4   0x00000e16   Code   RO          262    .text.USB_EPStartXfer  stm32f1xx_ll_usb.o
    0x080098da   0x080098da   0x00000002   PAD
    0x080098dc   0x080098dc   0x00000010   Code   RO          102    .text.USB_LP_CAN1_RX0_IRQHandler  stm32f1xx_it.o
    0x080098ec   0x080098ec   0x00000012   Code   RO          280    .text.USB_ReadInterrupts  stm32f1xx_ll_usb.o
    0x080098fe   0x080098fe   0x00000002   PAD
    0x08009900   0x08009900   0x0000008c   Code   RO          298    .text.USB_ReadPMA   stm32f1xx_ll_usb.o
    0x0800998c   0x0800998c   0x00000020   Code   RO          274    .text.USB_SetDevAddress  stm32f1xx_ll_usb.o
    0x080099ac   0x080099ac   0x00000082   Code   RO          264    .text.USB_WritePMA  stm32f1xx_ll_usb.o
    0x08009a2e   0x08009a2e   0x00000002   PAD
    0x08009a30   0x08009a30   0x00000046   Code   RO           77    .text.USER_SPI_GetDmaTCFlag  spi.o
    0x08009a76   0x08009a76   0x00000002   PAD
    0x08009a78   0x08009a78   0x00000004   Code   RO           96    .text.UsageFault_Handler  stm32f1xx_it.o
    0x08009a7c   0x08009a7c   0x00000008   Code   RO         1994    .text.User_Init     user_init.o
    0x08009a84   0x08009a84   0x00000068   Code   RO         1984    .text.User_Key_Init  user_key.o
    0x08009aec   0x08009aec   0x00000030   Code   RO          491    .text.__NVIC_EnableIRQ  stm32f1xx_hal_cortex.o
    0x08009b1c   0x08009b1c   0x00000010   Code   RO          483    .text.__NVIC_GetPriorityGrouping  stm32f1xx_hal_cortex.o
    0x08009b2c   0x08009b2c   0x00000042   Code   RO          485    .text.__NVIC_SetPriority  stm32f1xx_hal_cortex.o
    0x08009b6e   0x08009b6e   0x00000002   PAD
    0x08009b70   0x08009b70   0x0000003c   Code   RO          479    .text.__NVIC_SetPriorityGrouping  stm32f1xx_hal_cortex.o
    0x08009bac   0x08009bac   0x000000c0   Code   RO         2667    .text.check_fs      ff.o
    0x08009c6c   0x08009c6c   0x0000003c   Code   RO         2673    .text.chk_chr       ff.o
    0x08009ca8   0x08009ca8   0x00000116   Code   RO         2581    .text.chk_lock      ff.o
    0x08009dbe   0x08009dbe   0x00000002   PAD
    0x08009dc0   0x08009dc0   0x00000050   Code   RO         2571    .text.clear_lock    ff.o
    0x08009e10   0x08009e10   0x0000006a   Code   RO         2599    .text.clmt_clust    ff.o
    0x08009e7a   0x08009e7a   0x00000002   PAD
    0x08009e7c   0x08009e7c   0x0000003c   Code   RO         2559    .text.clust2sect    ff.o
    0x08009eb8   0x08009eb8   0x00000162   Code   RO         2605    .text.create_chain  ff.o
    0x0800a01a   0x0800a01a   0x00000002   PAD
    0x0800a01c   0x0800a01c   0x0000021c   Code   RO         2669    .text.create_name   ff.o
    0x0800a238   0x0800a238   0x0000009e   Code   RO         2613    .text.dec_lock      ff.o
    0x0800a2d6   0x0800a2d6   0x00000002   PAD
    0x0800a2d8   0x0800a2d8   0x000000a4   Code   RO         2677    .text.dir_alloc     ff.o
    0x0800a37c   0x0800a37c   0x000000ac   Code   RO         2671    .text.dir_find      ff.o
    0x0800a428   0x0800a428   0x00000206   Code   RO         2629    .text.dir_next      ff.o
    0x0800a62e   0x0800a62e   0x00000002   PAD
    0x0800a630   0x0800a630   0x0000006a   Code   RO         2585    .text.dir_register  ff.o
    0x0800a69a   0x0800a69a   0x00000002   PAD
    0x0800a69c   0x0800a69c   0x00000148   Code   RO         2619    .text.dir_sdi       ff.o
    0x0800a7e4   0x0800a7e4   0x00000050   Code   RO         2542    .text.disk_initialize  diskio.o
    0x0800a834   0x0800a834   0x0000003a   Code   RO         2548    .text.disk_ioctl    diskio.o
    0x0800a86e   0x0800a86e   0x00000002   PAD
    0x0800a870   0x0800a870   0x0000003c   Code   RO         2544    .text.disk_read     diskio.o
    0x0800a8ac   0x0800a8ac   0x0000002e   Code   RO         2540    .text.disk_status   diskio.o
    0x0800a8da   0x0800a8da   0x00000002   PAD
    0x0800a8dc   0x0800a8dc   0x0000003c   Code   RO         2546    .text.disk_write    diskio.o
    0x0800a918   0x0800a918   0x0000004e   Code   RO         2583    .text.enq_lock      ff.o
    0x0800a966   0x0800a966   0x00000002   PAD
    0x0800a968   0x0800a968   0x00000066   Code   RO         2611    .text.f_close       ff.o
    0x0800a9ce   0x0800a9ce   0x00000002   PAD
    0x0800a9d0   0x0800a9d0   0x000000e2   Code   RO         2567    .text.f_mount       ff.o
    0x0800aab2   0x0800aab2   0x00000002   PAD
    0x0800aab4   0x0800aab4   0x000002ea   Code   RO         2577    .text.f_open        ff.o
    0x0800ad9e   0x0800ad9e   0x00000002   PAD
    0x0800ada0   0x0800ada0   0x0000037c   Code   RO         2595    .text.f_read        ff.o
    0x0800b11c   0x0800b11c   0x00000158   Code   RO         2607    .text.f_sync        ff.o
    0x0800b274   0x0800b274   0x000003f0   Code   RO         2603    .text.f_write       ff.o
    0x0800b664   0x0800b664   0x00000042   Code   RO         2711    .text.ff_cre_syncobj  syscall.o
    0x0800b6a6   0x0800b6a6   0x00000002   PAD
    0x0800b6a8   0x0800b6a8   0x00000012   Code   RO         2713    .text.ff_del_syncobj  syscall.o
    0x0800b6ba   0x0800b6ba   0x00000002   PAD
    0x0800b6bc   0x0800b6bc   0x00000010   Code   RO         2717    .text.ff_rel_grant  syscall.o
    0x0800b6cc   0x0800b6cc   0x00000024   Code   RO         2715    .text.ff_req_grant  syscall.o
    0x0800b6f0   0x0800b6f0   0x000004f4   Code   RO         2573    .text.find_volume   ff.o
    0x0800bbe4   0x0800bbe4   0x000000f0   Code   RO         2579    .text.follow_path   ff.o
    0x0800bcd4   0x0800bcd4   0x0000012e   Code   RO         2561    .text.get_fat       ff.o
    0x0800be02   0x0800be02   0x00000002   PAD
    0x0800be04   0x0800be04   0x00000004   Code   RO         2527    .text.get_fattime   fatfs.o
    0x0800be08   0x0800be08   0x000000a8   Code   RO         2569    .text.get_ldnumber  ff.o
    0x0800beb0   0x0800beb0   0x00000050   Code   RO         2107    .text.hxzp_Key_eventReg  hxzp_key.o
    0x0800bf00   0x0800bf00   0x000000c0   Code   RO         2103    .text.hxzp_Key_init  hxzp_key.o
    0x0800bfc0   0x0800bfc0   0x000000c0   Code   RO         2079    .text.hxzp_Led_init  hxzp_led.o
    0x0800c080   0x0800c080   0x000001d4   Code   RO         2087    .text.hxzp_Led_piece  hxzp_led.o
    0x0800c254   0x0800c254   0x000000b2   Code   RO         2083    .text.hxzp_Led_set  hxzp_led.o
    0x0800c306   0x0800c306   0x00000002   PAD
    0x0800c308   0x0800c308   0x00000056   Code   RO         2147    .text.hxzp_st7789_Commad  hxzp_st7789.o
    0x0800c35e   0x0800c35e   0x00000002   PAD
    0x0800c360   0x0800c360   0x00000054   Code   RO         2149    .text.hxzp_st7789_Data  hxzp_st7789.o
    0x0800c3b4   0x0800c3b4   0x00000014   Code   RO         2167    .text.hxzp_st7789_DelayMs  hxzp_st7789.o
    0x0800c3c8   0x0800c3c8   0x00000020   Code   RO         2157    .text.hxzp_st7789_GetTcReg  hxzp_st7789.o
    0x0800c3e8   0x0800c3e8   0x00000214   Code   RO         2163    .text.hxzp_st7789_Init  hxzp_st7789.o
    0x0800c5fc   0x0800c5fc   0x00000098   Code   RO         2159    .text.hxzp_st7789_InitReg  hxzp_st7789.o
    0x0800c694   0x0800c694   0x000000d0   Code   RO         2151    .text.hxzp_st7789_SetBackground  hxzp_st7789.o
    0x0800c764   0x0800c764   0x000000e8   Code   RO         2145    .text.hxzp_st7789_SetWindow  hxzp_st7789.o
    0x0800c84c   0x0800c84c   0x00000012   Code   RO         2141    .text.hxzp_st7789_TxLockGet  hxzp_st7789.o
    0x0800c85e   0x0800c85e   0x00000002   PAD
    0x0800c860   0x0800c860   0x00000016   Code   RO         2165    .text.hxzp_st7789_TxLockHold  hxzp_st7789.o
    0x0800c876   0x0800c876   0x00000002   PAD
    0x0800c878   0x0800c878   0x0000003e   Code   RO         2143    .text.hxzp_st7789_TxLockRelease  hxzp_st7789.o
    0x0800c8b6   0x0800c8b6   0x00000002   PAD
    0x0800c8b8   0x0800c8b8   0x00000048   Code   RO         2153    .text.hxzp_st7789_Write  hxzp_st7789.o
    0x0800c900   0x0800c900   0x00000190   Code   RO         2593    .text.inc_lock      ff.o
    0x0800ca90   0x0800ca90   0x00000032   Code   RO         2587    .text.ld_clust      ff.o
    0x0800cac2   0x0800cac2   0x00000002   PAD
    0x0800cac4   0x0800cac4   0x00000014   Code   RO         2665    .text.lock_fs       ff.o
    0x0800cad8   0x0800cad8   0x0000003c   Code   RO           11    .text.main          main.o
    0x0800cb14   0x0800cb14   0x00000052   Code   RO         2675    .text.mem_cmp       ff.o
    0x0800cb66   0x0800cb66   0x00000002   PAD
    0x0800cb68   0x0800cb68   0x00000032   Code   RO         2601    .text.mem_cpy       ff.o
    0x0800cb9a   0x0800cb9a   0x00000002   PAD
    0x0800cb9c   0x0800cb9c   0x00000028   Code   RO         2645    .text.mem_set       ff.o
    0x0800cbc4   0x0800cbc4   0x00000062   Code   RO         2563    .text.move_window   ff.o
    0x0800cc26   0x0800cc26   0x00000002   PAD
    0x0800cc28   0x0800cc28   0x0000005c   Code   RO         1816    .text.osDelay       cmsis_os2.o
    0x0800cc84   0x0800cc84   0x0000006e   Code   RO         1756    .text.osKernelInitialize  cmsis_os2.o
    0x0800ccf2   0x0800ccf2   0x00000002   PAD
    0x0800ccf4   0x0800ccf4   0x00000076   Code   RO         1762    .text.osKernelStart  cmsis_os2.o
    0x0800cd6a   0x0800cd6a   0x00000002   PAD
    0x0800cd6c   0x0800cd6c   0x000000ce   Code   RO         1858    .text.osSemaphoreAcquire  cmsis_os2.o
    0x0800ce3a   0x0800ce3a   0x00000002   PAD
    0x0800ce3c   0x0800ce3c   0x0000006e   Code   RO         1864    .text.osSemaphoreDelete  cmsis_os2.o
    0x0800ceaa   0x0800ceaa   0x00000002   PAD
    0x0800ceac   0x0800ceac   0x0000016a   Code   RO         1856    .text.osSemaphoreNew  cmsis_os2.o
    0x0800d016   0x0800d016   0x00000002   PAD
    0x0800d018   0x0800d018   0x000000b0   Code   RO         1860    .text.osSemaphoreRelease  cmsis_os2.o
    0x0800d0c8   0x0800d0c8   0x00000192   Code   RO         1778    .text.osThreadNew   cmsis_os2.o
    0x0800d25a   0x0800d25a   0x00000002   PAD
    0x0800d25c   0x0800d25c   0x000000d4   Code   RO         1558    .text.prvAddCurrentTaskToDelayedList  tasks.o
    0x0800d330   0x0800d330   0x00000122   Code   RO         1544    .text.prvAddNewTaskToReadyList  tasks.o
    0x0800d452   0x0800d452   0x00000002   PAD
    0x0800d454   0x0800d454   0x000000a2   Code   RO         1691    .text.prvCheckForValidListAndQueue  timers.o
    0x0800d4f6   0x0800d4f6   0x00000002   PAD
    0x0800d4f8   0x0800d4f8   0x0000005a   Code   RO         1658    .text.prvCheckTasksWaitingTermination  tasks.o
    0x0800d552   0x0800d552   0x00000002   PAD
    0x0800d554   0x0800d554   0x00000042   Code   RO         1439    .text.prvCopyDataFromQueue  queue.o
    0x0800d596   0x0800d596   0x00000002   PAD
    0x0800d598   0x0800d598   0x000000cc   Code   RO         1427    .text.prvCopyDataToQueue  queue.o
    0x0800d664   0x0800d664   0x0000005e   Code   RO         1550    .text.prvDeleteTCB  tasks.o
    0x0800d6c2   0x0800d6c2   0x00000002   PAD
    0x0800d6c4   0x0800d6c4   0x00000026   Code   RO         1443    .text.prvGetDisinheritPriorityAfterTimeout  queue.o
    0x0800d6ea   0x0800d6ea   0x00000002   PAD
    0x0800d6ec   0x0800d6ec   0x00000040   Code   RO         1725    .text.prvGetNextExpireTime  timers.o
    0x0800d72c   0x0800d72c   0x000000bc   Code   RO         1903    .text.prvHeapInit   heap_4.o
    0x0800d7e8   0x0800d7e8   0x00000038   Code   RO         1584    .text.prvIdleTask   tasks.o
    0x0800d820   0x0800d820   0x00000048   Code   RO         1401    .text.prvInitialiseNewQueue  queue.o
    0x0800d868   0x0800d868   0x00000110   Code   RO         1542    .text.prvInitialiseNewTask  tasks.o
    0x0800d978   0x0800d978   0x0000008e   Code   RO         1656    .text.prvInitialiseTaskLists  tasks.o
    0x0800da06   0x0800da06   0x00000002   PAD
    0x0800da08   0x0800da08   0x000000c6   Code   RO         1905    .text.prvInsertBlockIntoFreeList  heap_4.o
    0x0800dace   0x0800dace   0x00000002   PAD
    0x0800dad0   0x0800dad0   0x00000086   Code   RO         1737    .text.prvInsertTimerInActiveList  timers.o
    0x0800db56   0x0800db56   0x00000002   PAD
    0x0800db58   0x0800db58   0x00000028   Code   RO         1441    .text.prvIsQueueEmpty  queue.o
    0x0800db80   0x0800db80   0x0000002e   Code   RO         1429    .text.prvIsQueueFull  queue.o
    0x0800dbae   0x0800dbae   0x00000002   PAD
    0x0800dbb0   0x0800dbb0   0x00000020   Code   RO         1938    .text.prvPortStartFirstTask  port.o
    0x0800dbd0   0x0800dbd0   0x0000007c   Code   RO         1733    .text.prvProcessExpiredTimer  timers.o
    0x0800dc4c   0x0800dc4c   0x00000150   Code   RO         1729    .text.prvProcessReceivedCommands  timers.o
    0x0800dd9c   0x0800dd9c   0x0000009a   Code   RO         1727    .text.prvProcessTimerOrBlockTask  timers.o
    0x0800de36   0x0800de36   0x00000002   PAD
    0x0800de38   0x0800de38   0x00000046   Code   RO         1552    .text.prvResetNextTaskUnblockTime  tasks.o
    0x0800de7e   0x0800de7e   0x00000002   PAD
    0x0800de80   0x0800de80   0x00000044   Code   RO         1731    .text.prvSampleTimeNow  timers.o
    0x0800dec4   0x0800dec4   0x000000d0   Code   RO         1735    .text.prvSwitchTimerLists  timers.o
    0x0800df94   0x0800df94   0x0000004c   Code   RO         1930    .text.prvTaskExitError  port.o
    0x0800dfe0   0x0800dfe0   0x0000001e   Code   RO         1693    .text.prvTimerTask  timers.o
    0x0800dffe   0x0800dffe   0x00000002   PAD
    0x0800e000   0x0800e000   0x000000ae   Code   RO         1431    .text.prvUnlockQueue  queue.o
    0x0800e0ae   0x0800e0ae   0x00000002   PAD
    0x0800e0b0   0x0800e0b0   0x000001d2   Code   RO         2565    .text.put_fat       ff.o
    0x0800e282   0x0800e282   0x00000002   PAD
    0x0800e284   0x0800e284   0x000001de   Code   RO         1901    .text.pvPortMalloc  heap_4.o
    0x0800e462   0x0800e462   0x00000002   PAD
    0x0800e464   0x0800e464   0x0000002c   Code   RO         1642    .text.pvTaskIncrementMutexHeldCount  tasks.o
    0x0800e490   0x0800e490   0x00000050   Code   RO         1928    .text.pxPortInitialiseStack  port.o
    0x0800e4e0   0x0800e4e0   0x000000a4   Code   RO         1962    .text.read_write_file  test.o
    0x0800e584   0x0800e584   0x000000be   Code   RO         2591    .text.remove_chain  ff.o
    0x0800e642   0x0800e642   0x00000002   PAD
    0x0800e644   0x0800e644   0x00000028   Code   RO         2589    .text.st_clust      ff.o
    0x0800e66c   0x0800e66c   0x0000011e   Code   RO         2609    .text.sync_fs       ff.o
    0x0800e78a   0x0800e78a   0x00000002   PAD
    0x0800e78c   0x0800e78c   0x00000098   Code   RO         2643    .text.sync_window   ff.o
    0x0800e824   0x0800e824   0x00000048   Code   RO         2575    .text.unlock_fs     ff.o
    0x0800e86c   0x0800e86c   0x00000048   Code   RO         1388    .text.uxListRemove  list.o
    0x0800e8b4   0x0800e8b4   0x0000002a   Code   RO         1884    .text.vApplicationGetIdleTaskMemory  cmsis_os2.o
    0x0800e8de   0x0800e8de   0x00000002   PAD
    0x0800e8e0   0x0800e8e0   0x0000002c   Code   RO         1886    .text.vApplicationGetTimerTaskMemory  cmsis_os2.o
    0x0800e90c   0x0800e90c   0x0000002e   Code   RO         1380    .text.vListInitialise  list.o
    0x0800e93a   0x0800e93a   0x00000002   PAD
    0x0800e93c   0x0800e93c   0x0000000e   Code   RO         1382    .text.vListInitialiseItem  list.o
    0x0800e94a   0x0800e94a   0x00000002   PAD
    0x0800e94c   0x0800e94c   0x0000006a   Code   RO         1386    .text.vListInsert   list.o
    0x0800e9b6   0x0800e9b6   0x00000002   PAD
    0x0800e9b8   0x0800e9b8   0x0000003a   Code   RO         1384    .text.vListInsertEnd  list.o
    0x0800e9f2   0x0800e9f2   0x00000002   PAD
    0x0800e9f4   0x0800e9f4   0x00000056   Code   RO         1942    .text.vPortEnterCritical  port.o
    0x0800ea4a   0x0800ea4a   0x00000002   PAD
    0x0800ea4c   0x0800ea4c   0x0000004a   Code   RO         1944    .text.vPortExitCritical  port.o
    0x0800ea96   0x0800ea96   0x00000002   PAD
    0x0800ea98   0x0800ea98   0x000000c0   Code   RO         1907    .text.vPortFree     heap_4.o
    0x0800eb58   0x0800eb58   0x00000044   Code   RO         1936    .text.vPortSetupTimerInterrupt  port.o
    0x0800eb9c   0x0800eb9c   0x00000084   Code   RO         1950    .text.vPortValidateInterruptPriority  port.o
    0x0800ec20   0x0800ec20   0x00000052   Code   RO         1471    .text.vQueueAddToRegistry  queue.o
    0x0800ec72   0x0800ec72   0x00000002   PAD
    0x0800ec74   0x0800ec74   0x00000044   Code   RO         1457    .text.vQueueDelete  queue.o
    0x0800ecb8   0x0800ecb8   0x00000054   Code   RO         1459    .text.vQueueUnregisterQueue  queue.o
    0x0800ed0c   0x0800ed0c   0x00000064   Code   RO         1475    .text.vQueueWaitForMessageRestricted  queue.o
    0x0800ed70   0x0800ed70   0x0000006e   Code   RO         1562    .text.vTaskDelay    tasks.o
    0x0800edde   0x0800edde   0x00000002   PAD
    0x0800ede0   0x0800ede0   0x00000024   Code   RO         1614    .text.vTaskInternalSetTimeOutState  tasks.o
    0x0800ee04   0x0800ee04   0x0000000e   Code   RO         1618    .text.vTaskMissedYield  tasks.o
    0x0800ee12   0x0800ee12   0x00000002   PAD
    0x0800ee14   0x0800ee14   0x00000042   Code   RO         1602    .text.vTaskPlaceOnEventList  tasks.o
    0x0800ee56   0x0800ee56   0x00000002   PAD
    0x0800ee58   0x0800ee58   0x00000052   Code   RO         1606    .text.vTaskPlaceOnEventListRestricted  tasks.o
    0x0800eeaa   0x0800eeaa   0x00000002   PAD
    0x0800eeac   0x0800eeac   0x00000134   Code   RO         1638    .text.vTaskPriorityDisinheritAfterTimeout  tasks.o
    0x0800efe0   0x0800efe0   0x000000e0   Code   RO         1582    .text.vTaskStartScheduler  tasks.o
    0x0800f0c0   0x0800f0c0   0x00000010   Code   RO         1556    .text.vTaskSuspendAll  tasks.o
    0x0800f0d0   0x0800f0d0   0x000000c6   Code   RO         1574    .text.vTaskSwitchContext  tasks.o
    0x0800f196   0x0800f196   0x00000002   PAD
    0x0800f198   0x0800f198   0x0000007e   Code   RO         2597    .text.validate      ff.o
    0x0800f216   0x0800f216   0x00000002   PAD
    0x0800f218   0x0800f218   0x000000e6   Code   RO         1934    .text.xPortStartScheduler  port.o
    0x0800f2fe   0x0800f2fe   0x00000002   PAD
    0x0800f300   0x0800f300   0x00000066   Code   RO         1425    .text.xQueueCreateCountingSemaphore  queue.o
    0x0800f366   0x0800f366   0x00000002   PAD
    0x0800f368   0x0800f368   0x00000070   Code   RO         1423    .text.xQueueCreateCountingSemaphoreStatic  queue.o
    0x0800f3d8   0x0800f3d8   0x0000007e   Code   RO         1403    .text.xQueueGenericCreate  queue.o
    0x0800f456   0x0800f456   0x00000002   PAD
    0x0800f458   0x0800f458   0x0000010c   Code   RO         1399    .text.xQueueGenericCreateStatic  queue.o
    0x0800f564   0x0800f564   0x000000ba   Code   RO         1397    .text.xQueueGenericReset  queue.o
    0x0800f61e   0x0800f61e   0x00000002   PAD
    0x0800f620   0x0800f620   0x0000022c   Code   RO         1417    .text.xQueueGenericSend  queue.o
    0x0800f84c   0x0800f84c   0x00000146   Code   RO         1433    .text.xQueueGenericSendFromISR  queue.o
    0x0800f992   0x0800f992   0x00000002   PAD
    0x0800f994   0x0800f994   0x00000124   Code   RO         1435    .text.xQueueGiveFromISR  queue.o
    0x0800fab8   0x0800fab8   0x000001dc   Code   RO         1437    .text.xQueueReceive  queue.o
    0x0800fc94   0x0800fc94   0x00000108   Code   RO         1447    .text.xQueueReceiveFromISR  queue.o
    0x0800fd9c   0x0800fd9c   0x0000022c   Code   RO         1421    .text.xQueueSemaphoreTake  queue.o
    0x0800ffc8   0x0800ffc8   0x000000cc   Code   RO         1616    .text.xTaskCheckForTimeOut  tasks.o
    0x08010094   0x08010094   0x0000009e   Code   RO         1546    .text.xTaskCreate   tasks.o
    0x08010132   0x08010132   0x00000002   PAD
    0x08010134   0x08010134   0x000000cc   Code   RO         1540    .text.xTaskCreateStatic  tasks.o
    0x08010200   0x08010200   0x00000038   Code   RO         1632    .text.xTaskGetSchedulerState  tasks.o
    0x08010238   0x08010238   0x00000014   Code   RO         1590    .text.xTaskGetTickCount  tasks.o
    0x0801024c   0x0801024c   0x000001c4   Code   RO         1588    .text.xTaskIncrementTick  tasks.o
    0x08010410   0x08010410   0x000000ec   Code   RO         1636    .text.xTaskPriorityDisinherit  tasks.o
    0x080104fc   0x080104fc   0x0000010e   Code   RO         1634    .text.xTaskPriorityInherit  tasks.o
    0x0801060a   0x0801060a   0x00000002   PAD
    0x0801060c   0x0801060c   0x000000ce   Code   RO         1608    .text.xTaskRemoveFromEventList  tasks.o
    0x080106da   0x080106da   0x00000002   PAD
    0x080106dc   0x080106dc   0x00000186   Code   RO         1560    .text.xTaskResumeAll  tasks.o
    0x08010862   0x08010862   0x00000002   PAD
    0x08010864   0x08010864   0x00000094   Code   RO         1689    .text.xTimerCreateTimerTask  timers.o
    0x080108f8   0x080108f8   0x000000b0   Code   RO         1701    .text.xTimerGenericCommand  timers.o
    0x080109a8   0x080109a8   0x0000000e   Code   RO         2807    i.__scatterload_copy  mc_w.l(handlers.o)
    0x080109b6   0x080109b6   0x00000002   Code   RO         2808    i.__scatterload_null  mc_w.l(handlers.o)
    0x080109b8   0x080109b8   0x0000000e   Code   RO         2809    i.__scatterload_zeroinit  mc_w.l(handlers.o)
    0x080109c6   0x080109c6   0x00000002   PAD
    0x080109c8   0x080109c8   0x0000006c   Code   RO         2760    i.malloc            mc_w.l(malloc.o)
    0x08010a34   0x08010a34   0x00000010   Data   RO         2720    .rodata..L__const.ff_cre_syncobj.os_semaphore_def_SEM  syscall.o
    0x08010a44   0x08010a44   0x00000010   Data   RO         1333    .rodata.AHBPrescTable  system_stm32f1xx.o
    0x08010a54   0x08010a54   0x00000008   Data   RO         1334    .rodata.APBPrescTable  system_stm32f1xx.o
    0x08010a5c   0x08010a5c   0x00000080   Data   RO         2685    .rodata.ExCvt       ff.o
    0x08010adc   0x08010adc   0x00000010   Data   RO          397    .rodata.HAL_RCC_GetSysClockFreq.aPLLMULFactorTable  stm32f1xx_hal_rcc.o
    0x08010aec   0x08010aec   0x00000002   Data   RO          398    .rodata.HAL_RCC_GetSysClockFreq.aPredivFactorTable  stm32f1xx_hal_rcc.o
    0x08010aee   0x08010aee   0x00000002   PAD
    0x08010af0   0x08010af0   0x00000024   Data   RO         2115    .rodata.KeyTask_attributes  hxzp_key.o
    0x08010b14   0x08010b14   0x00000024   Data   RO         2171    .rodata.LcdTask_attributes  hxzp_st7789.o
    0x08010b38   0x08010b38   0x00000024   Data   RO         2092    .rodata.LedTask_attributes  hxzp_led.o
    0x08010b5c   0x08010b5c   0x00000014   Data   RO         2738    .rodata.SD_Driver   sd_diskio.o
    0x08010b70   0x08010b70   0x00000024   Data   RO           40    .rodata.defaultTask_attributes  freertos.o
    0x08010b94   0x08010b94   0x0000000c   Data   RO           39    .rodata.str1.1      freertos.o
    0x08010ba0   0x08010ba0   0x00000005   Data   RO         1674    .rodata.str1.1      tasks.o
    0x08010ba5   0x08010ba5   0x0000000d   Data   RO         1740    .rodata.str1.1      timers.o
    0x08010bb2   0x08010bb2   0x00000012   Data   RO         1966    .rodata.str1.1      test.o
    0x08010bc4   0x08010bc4   0x0000001b   Data   RO         1986    .rodata.str1.1      user_key.o
    0x08010bdf   0x08010bdf   0x00000008   Data   RO         2091    .rodata.str1.1      hxzp_led.o
    0x08010be7   0x08010be7   0x00000008   Data   RO         2114    .rodata.str1.1      hxzp_key.o
    0x08010bef   0x08010bef   0x00000008   Data   RO         2170    .rodata.str1.1      hxzp_st7789.o
    0x08010bf7   0x08010bf7   0x0000000f   Data   RO         2682    .rodata.str1.1      ff.o
    0x08010c06   0x08010c06   0x00000002   PAD
    0x08010c08   0x08010c08   0x00000020   Data   RO         2806    Region$$Table       anon$$obj.o


    Execution Region RW_IRAM1 (Exec base: 0x20000000, Load base: 0x08010c28, Size: 0x00003958, Max: 0x00010000, ABSOLUTE, COMPRESSED[0x00000110])

    Exec Addr    Load Addr    Size         Type   Attr      Idx    E Section Name        Object

    0x20000000   COMPRESSED   0x00000004   Data   RW         2801    .data               mc_w.l(mvars.o)
    0x20000004   COMPRESSED   0x00000004   Data   RW         2802    .data               mc_w.l(mvars.o)
    0x20000008   COMPRESSED   0x00000001   Data   RW         2739    .data.Stat          sd_diskio.o
    0x20000009   COMPRESSED   0x00000003   PAD
    0x2000000c   COMPRESSED   0x00000004   Data   RW         1332    .data.SystemCoreClock  system_stm32f1xx.o
    0x20000010   COMPRESSED   0x00000020   Data   RW         2025    .data.key_ccw       drv_key.o
    0x20000030   COMPRESSED   0x00000008   Data   RW         2022    .data.key_config_default  drv_key.o
    0x20000038   COMPRESSED   0x00000020   Data   RW         2024    .data.key_cw        drv_key.o
    0x20000058   COMPRESSED   0x00000020   Data   RW         2027    .data.key_key1      drv_key.o
    0x20000078   COMPRESSED   0x00000020   Data   RW         2028    .data.key_key2      drv_key.o
    0x20000098   COMPRESSED   0x00000020   Data   RW         2026    .data.key_push      drv_key.o
    0x200000b8   COMPRESSED   0x0000001c   Data   RW         2048    .data.led1          drv_led.o
    0x200000d4   COMPRESSED   0x0000050a   Data   RW         2044    .data.led1_Conf     drv_led.o
    0x200005de   COMPRESSED   0x00000002   PAD
    0x200005e0   COMPRESSED   0x0000001c   Data   RW         2049    .data.led2          drv_led.o
    0x200005fc   COMPRESSED   0x0000050a   Data   RW         2045    .data.led2_Conf     drv_led.o
    0x20000b06   COMPRESSED   0x00000002   PAD
    0x20000b08   COMPRESSED   0x0000001c   Data   RW         2050    .data.led3          drv_led.o
    0x20000b24   COMPRESSED   0x0000050a   Data   RW         2046    .data.led3_Conf     drv_led.o
    0x2000102e   COMPRESSED   0x00000001   Data   RW          358    .data.uwTickFreq    stm32f1xx_hal.o
    0x2000102f   COMPRESSED   0x00000001   PAD
    0x20001030   COMPRESSED   0x00000004   Data   RW          357    .data.uwTickPrio    stm32f1xx_hal.o
    0x20001034   COMPRESSED   0x00000004   Data   RW         1954    .data.uxCriticalNesting  port.o
    0x20001038        -       0x00000004   Zero   RW         2679    .bss.FatFs          ff.o
    0x2000103c        -       0x00000018   Zero   RW         2683    .bss.Files          ff.o
    0x20001054        -       0x00000002   Zero   RW         2684    .bss.Fsid           ff.o
    0x20001056   COMPRESSED   0x00000002   PAD
    0x20001058        -       0x00000200   Zero   RW         1891    .bss.Idle_Stack     cmsis_os2.o
    0x20001258        -       0x0000005c   Zero   RW         1890    .bss.Idle_TCB       cmsis_os2.o
    0x200012b4        -       0x00000004   Zero   RW         1888    .bss.KernelState    cmsis_os2.o
    0x200012b8        -       0x00000004   Zero   RW         2113    .bss.KeyList        hxzp_key.o
    0x200012bc        -       0x00000004   Zero   RW         2116    .bss.KeyTaskHandle  hxzp_key.o
    0x200012c0        -       0x000002a4   Zero   RW         2169    .bss.LCD            hxzp_st7789.o
    0x20001564        -       0x00000004   Zero   RW         2172    .bss.LcdTaskHandle  hxzp_st7789.o
    0x20001568        -       0x00000004   Zero   RW         2090    .bss.LedList        hxzp_led.o
    0x2000156c        -       0x00000004   Zero   RW         2093    .bss.LedTaskHandle  hxzp_led.o
    0x20001570        -       0x00000234   Zero   RW         2531    .bss.SDFatFS        fatfs.o
    0x200017a4        -       0x00000004   Zero   RW         2529    .bss.SDPath         fatfs.o
    0x200017a8        -       0x00000001   Zero   RW         2089    .bss.StartLedTask.u8count  hxzp_led.o
    0x200017a9   COMPRESSED   0x00000003   PAD
    0x200017ac        -       0x00000400   Zero   RW         1893    .bss.Timer_Stack    cmsis_os2.o
    0x20001bac        -       0x0000005c   Zero   RW         1892    .bss.Timer_TCB      cmsis_os2.o
    0x20001c08        -       0x00000001   Zero   RW         2405    .bss.USBD_SetConfig.cfgidx  usbd_ctlreq.o
    0x20001c09   COMPRESSED   0x00000001   PAD
    0x20001c0a        -       0x00000002   Zero   RW         2173    .bss.color          hxzp_st7789.o
    0x20001c0c        -       0x00000004   Zero   RW           41    .bss.defaultTaskHandle  freertos.o
    0x20001c10        -       0x0000000c   Zero   RW         2703    .bss.disk           ff_gen_drv.o
    0x20001c1c        -       0x00000050   Zero   RW         2719    .bss.ff_cre_syncobj.os_semaphore_cb_SEM  syscall.o
    0x20001c6c        -       0x00000044   Zero   RW           80    .bss.hdma_spi1_tx   spi.o
    0x20001cb0        -       0x000002f0   Zero   RW         2321    .bss.hpcd_USB_FS    usbd_conf.o
    0x20001fa0        -       0x00000084   Zero   RW           63    .bss.hsd            sdio.o
    0x20002024        -       0x00000058   Zero   RW           79    .bss.hspi1          spi.o
    0x2000207c        -       0x00000048   Zero   RW          127    .bss.htim8          stm32f1xx_hal_timebase_tim.o
    0x200020c4        -       0x000000a0   Zero   RW         1748    .bss.prvCheckForValidListAndQueue.ucStaticTimerQueueStorage  timers.o
    0x20002164        -       0x00000050   Zero   RW         1747    .bss.prvCheckForValidListAndQueue.xStaticTimerQueue  timers.o
    0x200021b4        -       0x00000004   Zero   RW         1744    .bss.prvSampleTimeNow.xLastTime  timers.o
    0x200021b8        -       0x00000004   Zero   RW         1660    .bss.pxCurrentTCB   tasks.o
    0x200021bc        -       0x00000004   Zero   RW         1742    .bss.pxCurrentTimerList  timers.o
    0x200021c0        -       0x00000004   Zero   RW         1668    .bss.pxDelayedTaskList  tasks.o
    0x200021c4        -       0x00000004   Zero   RW         1915    .bss.pxEnd          heap_4.o
    0x200021c8        -       0x00000004   Zero   RW         1669    .bss.pxOverflowDelayedTaskList  tasks.o
    0x200021cc        -       0x00000004   Zero   RW         1743    .bss.pxOverflowTimerList  timers.o
    0x200021d0        -       0x00000460   Zero   RW         1671    .bss.pxReadyTasksLists  tasks.o
    0x20002630        -       0x00000001   Zero   RW         2530    .bss.retSD          fatfs.o
    0x20002631        -       0x00000c00   Zero   RW         1920    .bss.ucHeap         heap_4.o
    0x20003231        -       0x00000001   Zero   RW         1952    .bss.ucMaxSysCallPriority  port.o
    0x20003232   COMPRESSED   0x00000002   PAD
    0x20003234        -       0x00000004   Zero   RW         1953    .bss.ulMaxPRIGROUPValue  port.o
    0x20003238        -       0x00000004   Zero   RW          359    .bss.uwTick         stm32f1xx_hal.o
    0x2000323c        -       0x00000004   Zero   RW         1664    .bss.uxCurrentNumberOfTasks  tasks.o
    0x20003240        -       0x00000004   Zero   RW         1663    .bss.uxDeletedTasksWaitingCleanUp  tasks.o
    0x20003244        -       0x00000004   Zero   RW         1678    .bss.uxPendedTicks  tasks.o
    0x20003248        -       0x00000004   Zero   RW         1666    .bss.uxSchedulerSuspended  tasks.o
    0x2000324c        -       0x00000004   Zero   RW         1661    .bss.uxTaskNumber   tasks.o
    0x20003250        -       0x00000004   Zero   RW         1672    .bss.uxTopReadyPriority  tasks.o
    0x20003254        -       0x00000014   Zero   RW         1745    .bss.xActiveTimerList1  timers.o
    0x20003268        -       0x00000014   Zero   RW         1746    .bss.xActiveTimerList2  timers.o
    0x2000327c        -       0x00000004   Zero   RW         1916    .bss.xBlockAllocatedBit  heap_4.o
    0x20003280        -       0x00000014   Zero   RW         1680    .bss.xDelayedTaskList1  tasks.o
    0x20003294        -       0x00000014   Zero   RW         1681    .bss.xDelayedTaskList2  tasks.o
    0x200032a8        -       0x00000004   Zero   RW         1917    .bss.xFreeBytesRemaining  heap_4.o
    0x200032ac        -       0x00000004   Zero   RW         1675    .bss.xIdleTaskHandle  tasks.o
    0x200032b0        -       0x00000004   Zero   RW         1919    .bss.xMinimumEverFreeBytesRemaining  heap_4.o
    0x200032b4        -       0x00000004   Zero   RW         1676    .bss.xNextTaskUnblockTime  tasks.o
    0x200032b8        -       0x00000004   Zero   RW         1679    .bss.xNumOfOverflows  tasks.o
    0x200032bc        -       0x00000014   Zero   RW         1673    .bss.xPendingReadyList  tasks.o
    0x200032d0        -       0x00000040   Zero   RW         1477    .bss.xQueueRegistry  queue.o
    0x20003310        -       0x00000004   Zero   RW         1665    .bss.xSchedulerRunning  tasks.o
    0x20003314        -       0x00000008   Zero   RW         1918    .bss.xStart         heap_4.o
    0x2000331c        -       0x00000014   Zero   RW         1670    .bss.xSuspendedTaskList  tasks.o
    0x20003330        -       0x00000014   Zero   RW         1662    .bss.xTasksWaitingTermination  tasks.o
    0x20003344        -       0x00000004   Zero   RW         1667    .bss.xTickCount     tasks.o
    0x20003348        -       0x00000004   Zero   RW         1739    .bss.xTimerQueue    timers.o
    0x2000334c        -       0x00000004   Zero   RW         1741    .bss.xTimerTaskHandle  timers.o
    0x20003350        -       0x00000004   Zero   RW         1677    .bss.xYieldPending  tasks.o
    0x20003354   COMPRESSED   0x00000004   PAD
    0x20003358        -       0x00000200   Zero   RW            2    HEAP                startup_stm32f103xe.o
    0x20003558        -       0x00000400   Zero   RW            1    STACK               startup_stm32f103xe.o


==============================================================================

Image component sizes


      Code (inc. data)   RO Data    RW Data    ZI Data      Debug   Object Name

       308          0          0          0          0       5887   bsp_driver_sd.o
      1662          0          0          0       1724      31318   cmsis_os2.o
       304          0          0          0          0       1743   diskio.o
        56          0          0          0          0       2316   dma.o
        16          0          0          0          0        380   drv_init.o
       154          0          0        168          0       2395   drv_key.o
       232          0          0          0          0       1508   drv_lcd.o
       130          0          0       3954          0       2233   drv_led.o
        38          0          0          0        569       1945   fatfs.o
        44          0          0          0          0       1076   fatfs_platform.o
     10562          0        143          0         30      30219   ff.o
       146          0          0          0         12       2249   ff_gen_drv.o
        36          0         48          0          4       2659   freertos.o
       360          0          0          0          0       1589   gpio.o
      1056          0          0          0       3096       3563   heap_4.o
       878          0         44          0          8       5396   hxzp_key.o
      1558         18         44          0          9       5734   hxzp_led.o
       140          0          0          0          0       1821   hxzp_list.o
      1610          0         44          0        682       6140   hxzp_st7789.o
       296          0          0          0          0       2197   list.o
       254          0          0          0          0       4819   main.o
       942         12          0          4          5       3602   port.o
      4238          0          0          0         64      16876   queue.o
       496          4         20          1          0       2709   sd_diskio.o
       230          0          0          0        132       4417   sdio.o
       346          0          0          0        156       4351   spi.o
        36          8        304          0       1536        784   startup_stm32f103xe.o
       142          0          0          5          4       5878   stm32f1xx_hal.o
       384          0          0          0          0       7829   stm32f1xx_hal_cortex.o
      2194          0          0          0          0       7295   stm32f1xx_hal_dma.o
       946          0          0          0          0       4241   stm32f1xx_hal_gpio.o
       114          0          0          0          0       2620   stm32f1xx_hal_msp.o
      5626          0          0          0          0      13905   stm32f1xx_hal_pcd.o
      2632          0         18          0          0       7399   stm32f1xx_hal_rcc.o
       456          0          0          0          0       3228   stm32f1xx_hal_rcc_ex.o
      4796          0          0          0          0      20919   stm32f1xx_hal_sd.o
      1236          0          0          0          0      19194   stm32f1xx_hal_spi.o
      1362          0          0          0          0      35594   stm32f1xx_hal_tim.o
        16          0          0          0          0      15059   stm32f1xx_hal_tim_ex.o
       218          0          0          0         72       5942   stm32f1xx_hal_timebase_tim.o
        74          0          0          0          0       1065   stm32f1xx_it.o
      2748          0          0          0          0      11206   stm32f1xx_ll_sdmmc.o
      6088          4          0          0          0      11910   stm32f1xx_ll_usb.o
       136          0         16          0         80       2630   syscall.o
         2          0         24          4          0       1558   system_stm32f1xx.o
      4520          0          5          0       1280      23384   tasks.o
       290          0         18          0          0       2591   test.o
      1604         10         13          0        300      10925   timers.o
       806          4          0          0        752      12759   usbd_conf.o
      1094          0          0          0          0       6557   usbd_core.o
      2736         30          0          0          1       7484   usbd_ctlreq.o
       194          0          0          0          0       3866   usbd_ioreq.o
         8          0          0          0          0        381   user_init.o
       524         40         27          0          0       1459   user_key.o

    ----------------------------------------------------------------------
     67444        130        804       4144      10528     396804   Object Totals
         0          0         32          0          0          0   (incl. Generated)
       370          0          4          8         12          0   (incl. Padding)

    ----------------------------------------------------------------------

      Code (inc. data)   RO Data    RW Data    ZI Data      Debug   Library Member Name

        86          0          0          0          0          0   __dczerorl2.o
         0          0          0          0          0          0   entry.o
         0          0          0          0          0          0   entry10a.o
         0          0          0          0          0          0   entry11a.o
         8          4          0          0          0          0   entry2.o
         4          0          0          0          0          0   entry5.o
         0          0          0          0          0          0   entry7b.o
         0          0          0          0          0          0   entry8b.o
         8          4          0          0          0          0   entry9a.o
        30          0          0          0          0          0   handlers.o
        36          8          0          0          0         68   init.o
       108         16          0          0          0         84   malloc.o
        36          0          0          0          0         68   memcpya.o
        36          0          0          0          0        108   memseta.o
         0          0          0          8          0          0   mvars.o
        28          0          0          0          0         76   strcmp.o
        14          0          0          0          0         68   strlen.o

    ----------------------------------------------------------------------
       400         32          0          8          0        472   Library Totals
         6          0          0          0          0          0   (incl. Padding)

    ----------------------------------------------------------------------

      Code (inc. data)   RO Data    RW Data    ZI Data      Debug   Library Name

       394         32          0          8          0        472   mc_w.l

    ----------------------------------------------------------------------
       400         32          0          8          0        472   Library Totals

    ----------------------------------------------------------------------

==============================================================================


      Code (inc. data)   RO Data    RW Data    ZI Data      Debug   

     67844        162        804       4152      10528     396312   Grand Totals
     67844        162        804        272      10528     396312   ELF Image Totals (compressed)
     67844        162        804        272          0          0   ROM Totals

==============================================================================

    Total RO  Size (Code + RO Data)                68648 (  67.04kB)
    Total RW  Size (RW Data + ZI Data)             14680 (  14.34kB)
    Total ROM Size (Code + RO Data + RW Data)      68920 (  67.30kB)

==============================================================================

